tabpfn@t1/20260911: context 50,000 rows read in 1.0s
  reference   50,000 rows    441.8s  mean pd 0.0266
  2017Q3      20,000 rows    318.1s  mean pd 0.0263
  2017Q4      20,000 rows    318.2s  mean pd 0.0238
  2018Q1      20,000 rows    318.3s  mean pd 0.0222
  repeat 2017Q3: largest disagreement 0.00e+00, 0 rows differ
tabpfn@t1/20260912: context 50,000 rows read in 0.4s
  reference   50,000 rows    441.6s  mean pd 0.0261
  2017Q3      20,000 rows    318.6s  mean pd 0.0255
  2017Q4      20,000 rows    318.5s  mean pd 0.0240
  2018Q1      20,000 rows    318.2s  mean pd 0.0227
  repeat 2017Q3: largest disagreement 0.00e+00, 0 rows differ
tabpfn@t1/20260913: context 50,000 rows read in 0.3s
  reference   50,000 rows    441.3s  mean pd 0.0270
  2017Q3      20,000 rows    318.2s  mean pd 0.0266
  2017Q4      20,000 rows    318.4s  mean pd 0.0249
  2018Q1      20,000 rows    318.7s  mean pd 0.0234
  repeat 2017Q3: largest disagreement 0.00e+00, 0 rows differ

scored rows           : 180,000
reference rows        : 150,000
wall                  : 5150s
