tabpfn@t1/20260911: context 50,000 rows read in 1.1s
  reference   50,000 rows    447.6s  mean pd 0.0224
  2015Q3      20,000 rows    319.2s  mean pd 0.0214
  2015Q4      20,000 rows    314.0s  mean pd 0.0207
  2016Q1      20,000 rows    316.6s  mean pd 0.0208
  2016Q2      20,000 rows    323.9s  mean pd 0.0209
  2016Q3      20,000 rows    326.9s  mean pd 0.0221
  2016Q4      20,000 rows    325.3s  mean pd 0.0216
  2017Q1      20,000 rows    325.5s  mean pd 0.0206
  2017Q2      20,000 rows    323.6s  mean pd 0.0207
  2017Q3      20,000 rows    320.3s  mean pd 0.0217
  2017Q4      20,000 rows    319.3s  mean pd 0.0214
  2018Q1      20,000 rows    318.6s  mean pd 0.0206
  repeat 2015Q3: largest disagreement 0.00e+00, 0 rows differ
tabpfn@t1/20260912: context 50,000 rows read in 0.3s
  reference   50,000 rows    437.2s  mean pd 0.0231
  2015Q3      20,000 rows    324.2s  mean pd 0.0214
  2015Q4      20,000 rows    325.4s  mean pd 0.0205
  2016Q1      20,000 rows    325.1s  mean pd 0.0206
  2016Q2      20,000 rows    325.3s  mean pd 0.0208
  2016Q3      20,000 rows    323.1s  mean pd 0.0217
  2016Q4      20,000 rows    320.3s  mean pd 0.0212
  2017Q1      20,000 rows    319.5s  mean pd 0.0203
  2017Q2      20,000 rows    312.8s  mean pd 0.0204
  2017Q3      20,000 rows    318.7s  mean pd 0.0215
  2017Q4      20,000 rows    325.8s  mean pd 0.0207
  2018Q1      20,000 rows    327.0s  mean pd 0.0197
  repeat 2015Q3: largest disagreement 0.00e+00, 0 rows differ
tabpfn@t1/20260913: context 50,000 rows read in 0.3s
  reference   50,000 rows    451.8s  mean pd 0.0236
  2015Q3      20,000 rows    322.2s  mean pd 0.0230
  2015Q4      20,000 rows    318.8s  mean pd 0.0220
  2016Q1      20,000 rows    314.5s  mean pd 0.0219
  2016Q2      20,000 rows    314.9s  mean pd 0.0216
  2016Q3      20,000 rows    324.0s  mean pd 0.0228
  2016Q4      20,000 rows    327.2s  mean pd 0.0221
  2017Q1      20,000 rows    325.4s  mean pd 0.0214
  2017Q2      20,000 rows    326.4s  mean pd 0.0215
  2017Q3      20,000 rows    323.4s  mean pd 0.0224
  2017Q4      20,000 rows    321.9s  mean pd 0.0217
  2018Q1      20,000 rows    322.5s  mean pd 0.0209
  repeat 2015Q3: largest disagreement 0.00e+00, 0 rows differ

scored rows           : 660,000
reference rows        : 150,000
wall                  : 12924s
