tabpfn@t1/20260911: context 50,000 rows read in 1.0s
  reference   50,000 rows    450.3s  mean pd 0.0239
  2016Q1      20,000 rows    325.9s  mean pd 0.0220
  2016Q2      20,000 rows    327.8s  mean pd 0.0220
  2016Q3      20,000 rows    329.2s  mean pd 0.0233
  2016Q4      20,000 rows    327.2s  mean pd 0.0226
  2017Q1      20,000 rows    327.9s  mean pd 0.0217
  2017Q2      20,000 rows    326.8s  mean pd 0.0219
  2017Q3      20,000 rows    330.9s  mean pd 0.0232
  2017Q4      20,000 rows    331.9s  mean pd 0.0224
  2018Q1      20,000 rows    331.8s  mean pd 0.0216
  repeat 2016Q1: largest disagreement 0.00e+00, 0 rows differ
tabpfn@t1/20260912: context 50,000 rows read in 0.3s
  reference   50,000 rows    460.0s  mean pd 0.0236
  2016Q1      20,000 rows    331.4s  mean pd 0.0213
  2016Q2      20,000 rows    332.1s  mean pd 0.0214
  2016Q3      20,000 rows    332.1s  mean pd 0.0228
  2016Q4      20,000 rows    332.5s  mean pd 0.0222
  2017Q1      20,000 rows    332.1s  mean pd 0.0212
  2017Q2      20,000 rows    332.0s  mean pd 0.0214
  2017Q3      20,000 rows    333.6s  mean pd 0.0223
  2017Q4      20,000 rows    331.5s  mean pd 0.0218
  2018Q1      20,000 rows    332.0s  mean pd 0.0209
  repeat 2016Q1: largest disagreement 0.00e+00, 0 rows differ
tabpfn@t1/20260913: context 50,000 rows read in 0.3s
  reference   50,000 rows    461.0s  mean pd 0.0242
  2016Q1      20,000 rows    331.8s  mean pd 0.0223
  2016Q2      20,000 rows    328.8s  mean pd 0.0223
  2016Q3      20,000 rows    334.0s  mean pd 0.0240
  2016Q4      20,000 rows    334.2s  mean pd 0.0231
  2017Q1      20,000 rows    331.4s  mean pd 0.0221
  2017Q2      20,000 rows    331.2s  mean pd 0.0221
  2017Q3      20,000 rows    331.2s  mean pd 0.0232
  2017Q4      20,000 rows    329.2s  mean pd 0.0221
  2018Q1      20,000 rows    329.2s  mean pd 0.0210
  repeat 2016Q1: largest disagreement 0.00e+00, 0 rows differ

scored rows           : 540,000
reference rows        : 150,000
wall                  : 11301s
