### tabpfn@2026-09-15-fm-2006h2r-bundle-upb-nominal: /home/node/outoftime-node/.venv/bin/python score_context.py 2026-09-15-fm-2006h2r-bundle-upb-nominal --out-dir 2026-09-15-fm-2006h2r-bundle-upb-nominal-scored-tabpfn --models tabpfn --chunk 20000
tabpfn/20260911: context 50,000 rows read in 3.3s
  reference   50,000 rows     37.3s  mean pd 0.0038
  2007H1      23,169 rows     22.5s  mean pd 0.0065
  2007H2      24,367 rows     22.8s  mean pd 0.0075
  2008H1      24,660 rows     22.8s  mean pd 0.0047
  2008H2      24,746 rows     23.0s  mean pd 0.0037
  2009H1      24,844 rows     22.8s  mean pd 0.0017
  2009H2      24,709 rows     22.7s  mean pd 0.0023
  2010H1      24,843 rows     22.8s  mean pd 0.0026
  2010H2      24,683 rows     22.8s  mean pd 0.0021
  2011H1      24,614 rows     22.7s  mean pd 0.0030
  2011H2      24,646 rows     22.7s  mean pd 0.0023
  2012H1      24,306 rows     22.8s  mean pd 0.0040
  2012H2      24,538 rows     22.9s  mean pd 0.0041
  2013H1      24,341 rows     22.9s  mean pd 0.0046
  2013H2      23,974 rows     22.6s  mean pd 0.0051
  2014H1      24,341 rows     22.8s  mean pd 0.0045
  2014H2      24,213 rows     22.8s  mean pd 0.0038
  2015H1      24,159 rows     22.8s  mean pd 0.0032
  2015H2      24,159 rows     22.7s  mean pd 0.0036
  2016H1      24,632 rows     22.8s  mean pd 0.0035
  2016H2      24,760 rows     22.8s  mean pd 0.0030
  2017H1      24,541 rows     22.9s  mean pd 0.0039
  2017H2      24,680 rows     22.8s  mean pd 0.0038
  2018H1      24,416 rows     22.8s  mean pd 0.0038
  2018H2      24,543 rows     22.7s  mean pd 0.0041
  2019H1      24,752 rows     22.6s  mean pd 0.0038
  2019H2      24,861 rows     22.6s  mean pd 0.0032
  2020H1      24,880 rows     22.8s  mean pd 0.0026
  2020H2      24,919 rows     22.8s  mean pd 0.0022
  2021H1      24,909 rows     22.7s  mean pd 0.0025
  2021H2      24,929 rows     22.7s  mean pd 0.0031
  2022H1      24,889 rows     22.9s  mean pd 0.0040
  2022H2      24,859 rows     23.0s  mean pd 0.0042
  2023H1      24,882 rows     22.9s  mean pd 0.0042
  2023H2      24,866 rows     22.8s  mean pd 0.0040
  repeat 2007H1: largest disagreement 0.00e+00, 0 rows differ
tabpfn/20260912: context 50,000 rows read in 0.9s
  reference   50,000 rows     36.4s  mean pd 0.0036
  2007H1      23,169 rows     22.5s  mean pd 0.0057
  2007H2      24,367 rows     22.9s  mean pd 0.0064
  2008H1      24,660 rows     22.9s  mean pd 0.0038
  2008H2      24,746 rows     23.0s  mean pd 0.0031
  2009H1      24,844 rows     22.8s  mean pd 0.0012
  2009H2      24,709 rows     22.7s  mean pd 0.0018
  2010H1      24,843 rows     22.7s  mean pd 0.0020
  2010H2      24,683 rows     22.9s  mean pd 0.0016
  2011H1      24,614 rows     22.8s  mean pd 0.0022
  2011H2      24,646 rows     22.9s  mean pd 0.0017
  2012H1      24,306 rows     22.8s  mean pd 0.0026
  2012H2      24,538 rows     23.1s  mean pd 0.0025
  2013H1      24,341 rows     22.8s  mean pd 0.0029
  2013H2      23,974 rows     22.5s  mean pd 0.0035
  2014H1      24,341 rows     22.8s  mean pd 0.0033
  2014H2      24,213 rows     22.8s  mean pd 0.0029
  2015H1      24,159 rows     22.9s  mean pd 0.0024
  2015H2      24,159 rows     22.9s  mean pd 0.0029
  2016H1      24,632 rows     22.9s  mean pd 0.0027
  2016H2      24,760 rows     22.8s  mean pd 0.0024
  2017H1      24,541 rows     23.4s  mean pd 0.0031
  2017H2      24,680 rows     22.8s  mean pd 0.0031
  2018H1      24,416 rows     22.8s  mean pd 0.0032
  2018H2      24,543 rows     22.8s  mean pd 0.0034
  2019H1      24,752 rows     22.8s  mean pd 0.0031
  2019H2      24,861 rows     22.8s  mean pd 0.0024
  2020H1      24,880 rows     23.2s  mean pd 0.0019
  2020H2      24,919 rows     22.8s  mean pd 0.0015
  2021H1      24,909 rows     22.8s  mean pd 0.0017
  2021H2      24,929 rows     23.1s  mean pd 0.0023
  2022H1      24,889 rows     23.3s  mean pd 0.0028
  2022H2      24,859 rows     23.2s  mean pd 0.0031
  2023H1      24,882 rows     22.7s  mean pd 0.0032
  2023H2      24,866 rows     22.9s  mean pd 0.0031
  repeat 2007H1: largest disagreement 0.00e+00, 0 rows differ
tabpfn/20260913: context 50,000 rows read in 0.9s
  reference   50,000 rows     36.5s  mean pd 0.0036
  2007H1      23,169 rows     22.4s  mean pd 0.0056
  2007H2      24,367 rows     22.7s  mean pd 0.0063
  2008H1      24,660 rows     23.1s  mean pd 0.0040
  2008H2      24,746 rows     22.9s  mean pd 0.0033
  2009H1      24,844 rows     22.8s  mean pd 0.0014
  2009H2      24,709 rows     22.7s  mean pd 0.0020
  2010H1      24,843 rows     23.3s  mean pd 0.0022
  2010H2      24,683 rows     22.9s  mean pd 0.0017
  2011H1      24,614 rows     22.7s  mean pd 0.0023
  2011H2      24,646 rows     23.0s  mean pd 0.0018
  2012H1      24,306 rows     22.9s  mean pd 0.0025
  2012H2      24,538 rows     22.6s  mean pd 0.0025
  2013H1      24,341 rows     23.5s  mean pd 0.0029
  2013H2      23,974 rows     22.5s  mean pd 0.0036
  2014H1      24,341 rows     23.3s  mean pd 0.0034
  2014H2      24,213 rows     22.7s  mean pd 0.0031
  2015H1      24,159 rows     23.2s  mean pd 0.0026
  2015H2      24,159 rows     22.8s  mean pd 0.0030
  2016H1      24,632 rows     23.3s  mean pd 0.0029
  2016H2      24,760 rows     22.6s  mean pd 0.0025
  2017H1      24,541 rows     23.3s  mean pd 0.0033
  2017H2      24,680 rows     23.1s  mean pd 0.0032
  2018H1      24,416 rows     22.8s  mean pd 0.0033
  2018H2      24,543 rows     23.3s  mean pd 0.0035
  2019H1      24,752 rows     22.7s  mean pd 0.0032
  2019H2      24,861 rows     23.0s  mean pd 0.0026
  2020H1      24,880 rows     22.8s  mean pd 0.0020
  2020H2      24,919 rows     23.2s  mean pd 0.0017
  2021H1      24,909 rows     22.7s  mean pd 0.0019
  2021H2      24,929 rows     23.4s  mean pd 0.0024
  2022H1      24,889 rows     22.7s  mean pd 0.0029
  2022H2      24,859 rows     23.2s  mean pd 0.0032
  2023H1      24,882 rows     22.8s  mean pd 0.0032
  2023H2      24,866 rows     22.8s  mean pd 0.0031
  repeat 2007H1: largest disagreement 0.00e+00, 0 rows differ

scored rows           : 2,506,890
reference rows        : 150,000
wall                  : 2532s

