### tabpfn@2026-09-14-fm-2014h2e-bundle-upb-nominal: /home/node/outoftime-node/.venv/bin/python score_context.py 2026-09-14-fm-2014h2e-bundle-upb-nominal --out-dir 2026-09-14-fm-2014h2e-bundle-upb-nominal-scored-tabpfn --models tabpfn --chunk 20000
tabpfn/20260911: context 50,000 rows read in 2.0s
  reference   50,000 rows     36.9s  mean pd 0.0104
  2015H1      24,159 rows     22.8s  mean pd 0.0093
  2015H2      24,159 rows     23.1s  mean pd 0.0102
  2016H1      24,632 rows     22.9s  mean pd 0.0105
  2016H2      24,760 rows     22.8s  mean pd 0.0102
  2017H1      24,541 rows     22.8s  mean pd 0.0122
  2017H2      24,680 rows     22.8s  mean pd 0.0123
  2018H1      24,416 rows     22.8s  mean pd 0.0126
  2018H2      24,543 rows     23.1s  mean pd 0.0129
  2019H1      24,752 rows     23.1s  mean pd 0.0129
  2019H2      24,861 rows     22.8s  mean pd 0.0116
  2020H1      24,880 rows     22.8s  mean pd 0.0096
  2020H2      24,919 rows     22.8s  mean pd 0.0082
  2021H1      24,909 rows     22.8s  mean pd 0.0093
  2021H2      24,929 rows     22.7s  mean pd 0.0114
  2022H1      24,889 rows     23.0s  mean pd 0.0138
  2022H2      24,859 rows     23.2s  mean pd 0.0143
  2023H1      24,882 rows     22.8s  mean pd 0.0152
  2023H2      24,866 rows     23.5s  mean pd 0.0141
  repeat 2015H1: largest disagreement 0.00e+00, 0 rows differ
tabpfn/20260912: context 50,000 rows read in 0.9s
  reference   50,000 rows     36.1s  mean pd 0.0104
  2015H1      24,159 rows     22.7s  mean pd 0.0101
  2015H2      24,159 rows     22.7s  mean pd 0.0110
  2016H1      24,632 rows     22.7s  mean pd 0.0115
  2016H2      24,760 rows     22.7s  mean pd 0.0114
  2017H1      24,541 rows     22.7s  mean pd 0.0136
  2017H2      24,680 rows     22.7s  mean pd 0.0138
  2018H1      24,416 rows     22.7s  mean pd 0.0142
  2018H2      24,543 rows     23.5s  mean pd 0.0145
  2019H1      24,752 rows     23.0s  mean pd 0.0146
  2019H2      24,861 rows     22.6s  mean pd 0.0133
  2020H1      24,880 rows     22.8s  mean pd 0.0109
  2020H2      24,919 rows     22.8s  mean pd 0.0096
  2021H1      24,909 rows     22.9s  mean pd 0.0108
  2021H2      24,929 rows     23.1s  mean pd 0.0131
  2022H1      24,889 rows     22.7s  mean pd 0.0159
  2022H2      24,859 rows     22.8s  mean pd 0.0172
  2023H1      24,882 rows     22.8s  mean pd 0.0186
  2023H2      24,866 rows     22.7s  mean pd 0.0169
  repeat 2015H1: largest disagreement 0.00e+00, 0 rows differ
tabpfn/20260913: context 50,000 rows read in 0.8s
  reference   50,000 rows     36.1s  mean pd 0.0105
  2015H1      24,159 rows     22.7s  mean pd 0.0094
  2015H2      24,159 rows     22.7s  mean pd 0.0100
  2016H1      24,632 rows     22.7s  mean pd 0.0104
  2016H2      24,760 rows     22.7s  mean pd 0.0103
  2017H1      24,541 rows     23.4s  mean pd 0.0119
  2017H2      24,680 rows     22.7s  mean pd 0.0118
  2018H1      24,416 rows     22.7s  mean pd 0.0120
  2018H2      24,543 rows     22.7s  mean pd 0.0122
  2019H1      24,752 rows     22.5s  mean pd 0.0124
  2019H2      24,861 rows     22.6s  mean pd 0.0116
  2020H1      24,880 rows     22.7s  mean pd 0.0098
  2020H2      24,919 rows     22.8s  mean pd 0.0087
  2021H1      24,909 rows     22.7s  mean pd 0.0099
  2021H2      24,929 rows     22.8s  mean pd 0.0120
  2022H1      24,889 rows     22.8s  mean pd 0.0143
  2022H2      24,859 rows     22.6s  mean pd 0.0143
  2023H1      24,882 rows     23.1s  mean pd 0.0152
  2023H2      24,866 rows     22.5s  mean pd 0.0138
  repeat 2015H1: largest disagreement 0.00e+00, 0 rows differ

scored rows           : 1,333,908
reference rows        : 150,000
wall                  : 1424s

