### tabicl@2026-09-13-fm-2018h2r-bundle: /home/node/outoftime-node/.venv/bin/python score_context.py 2026-09-13-fm-2018h2r-bundle --out-dir 2026-09-13-fm-2018h2r-bundle-scored-tabicl --models tabicl --chunk 20000
tabicl/20260911: context 50,000 rows read in 2.0s
  reference   50,000 rows     19.0s  mean pd 0.0025
  2019H1      24,752 rows     11.6s  mean pd 0.0028
  2019H2      24,861 rows     11.6s  mean pd 0.0023
  2020H1      24,880 rows     11.6s  mean pd 0.0019
  2020H2      24,919 rows     11.6s  mean pd 0.0016
  2021H1      24,909 rows     11.6s  mean pd 0.0019
  2021H2      24,929 rows     11.6s  mean pd 0.0023
  2022H1      24,889 rows     11.6s  mean pd 0.0029
  2022H2      24,859 rows     11.6s  mean pd 0.0030
  2023H1      24,882 rows     11.6s  mean pd 0.0030
  2023H2      24,866 rows     11.6s  mean pd 0.0029
  repeat 2019H1: largest disagreement 6.62e-04, 4,695 rows differ
tabicl/20260912: context 50,000 rows read in 1.0s
  reference   50,000 rows     18.6s  mean pd 0.0029
  2019H1      24,752 rows     11.6s  mean pd 0.0033
  2019H2      24,861 rows     11.6s  mean pd 0.0027
  2020H1      24,880 rows     11.6s  mean pd 0.0022
  2020H2      24,919 rows     11.6s  mean pd 0.0018
  2021H1      24,909 rows     11.6s  mean pd 0.0022
  2021H2      24,929 rows     11.6s  mean pd 0.0028
  2022H1      24,889 rows     11.6s  mean pd 0.0035
  2022H2      24,859 rows     11.6s  mean pd 0.0035
  2023H1      24,882 rows     11.6s  mean pd 0.0035
  2023H2      24,866 rows     11.6s  mean pd 0.0034
  repeat 2019H1: largest disagreement 1.03e-03, 4,693 rows differ
tabicl/20260913: context 50,000 rows read in 0.9s
  reference   50,000 rows     18.6s  mean pd 0.0027
  2019H1      24,752 rows     11.6s  mean pd 0.0031
  2019H2      24,861 rows     11.6s  mean pd 0.0027
  2020H1      24,880 rows     11.6s  mean pd 0.0023
  2020H2      24,919 rows     11.6s  mean pd 0.0020
  2021H1      24,909 rows     11.6s  mean pd 0.0024
  2021H2      24,929 rows     11.6s  mean pd 0.0029
  2022H1      24,889 rows     11.6s  mean pd 0.0035
  2022H2      24,859 rows     11.6s  mean pd 0.0034
  2023H1      24,882 rows     11.6s  mean pd 0.0032
  2023H2      24,866 rows     11.6s  mean pd 0.0031
  repeat 2019H1: largest disagreement 2.62e-04, 4,648 rows differ

scored rows           : 746,238
reference rows        : 150,000
wall                  : 450s

