### tabicl@2026-09-15-fm-2008h2r-bundle-upb-nominal: /home/node/outoftime-node/.venv/bin/python score_context.py 2026-09-15-fm-2008h2r-bundle-upb-nominal --out-dir 2026-09-15-fm-2008h2r-bundle-upb-nominal-scored-tabicl --models tabicl --chunk 20000
tabicl/20260911: context 50,000 rows read in 2.1s
  reference   50,000 rows     19.4s  mean pd 0.0088
  2009H1      24,844 rows     11.8s  mean pd 0.0031
  2009H2      24,709 rows     11.8s  mean pd 0.0047
  2010H1      24,843 rows     11.8s  mean pd 0.0054
  2010H2      24,683 rows     11.8s  mean pd 0.0045
  2011H1      24,614 rows     11.8s  mean pd 0.0063
  2011H2      24,646 rows     11.8s  mean pd 0.0049
  2012H1      24,306 rows     11.8s  mean pd 0.0083
  2012H2      24,538 rows     11.8s  mean pd 0.0078
  2013H1      24,341 rows     11.8s  mean pd 0.0084
  2013H2      23,974 rows     11.7s  mean pd 0.0093
  2014H1      24,341 rows     11.8s  mean pd 0.0083
  2014H2      24,213 rows     11.7s  mean pd 0.0073
  2015H1      24,159 rows     11.7s  mean pd 0.0064
  2015H2      24,159 rows     11.7s  mean pd 0.0070
  2016H1      24,632 rows     11.8s  mean pd 0.0069
  2016H2      24,760 rows     11.8s  mean pd 0.0064
  2017H1      24,541 rows     11.8s  mean pd 0.0076
  2017H2      24,680 rows     11.8s  mean pd 0.0075
  2018H1      24,416 rows     11.8s  mean pd 0.0076
  2018H2      24,543 rows     11.8s  mean pd 0.0078
  2019H1      24,752 rows     12.1s  mean pd 0.0076
  2019H2      24,861 rows     11.9s  mean pd 0.0067
  2020H1      24,880 rows     11.8s  mean pd 0.0055
  2020H2      24,919 rows     11.8s  mean pd 0.0048
  2021H1      24,909 rows     11.8s  mean pd 0.0053
  2021H2      24,929 rows     11.8s  mean pd 0.0062
  2022H1      24,889 rows     11.8s  mean pd 0.0074
  2022H2      24,859 rows     11.8s  mean pd 0.0082
  2023H1      24,882 rows     11.8s  mean pd 0.0086
  2023H2      24,866 rows     12.0s  mean pd 0.0080
  repeat 2009H1: largest disagreement 0.00e+00, 0 rows differ
tabicl/20260912: context 50,000 rows read in 1.0s
  reference   50,000 rows     18.8s  mean pd 0.0089
  2009H1      24,844 rows     11.8s  mean pd 0.0034
  2009H2      24,709 rows     11.8s  mean pd 0.0048
  2010H1      24,843 rows     11.8s  mean pd 0.0054
  2010H2      24,683 rows     11.8s  mean pd 0.0046
  2011H1      24,614 rows     11.8s  mean pd 0.0062
  2011H2      24,646 rows     12.2s  mean pd 0.0049
  2012H1      24,306 rows     11.8s  mean pd 0.0078
  2012H2      24,538 rows     11.8s  mean pd 0.0075
  2013H1      24,341 rows     11.8s  mean pd 0.0081
  2013H2      23,974 rows     11.7s  mean pd 0.0091
  2014H1      24,341 rows     11.8s  mean pd 0.0083
  2014H2      24,213 rows     12.1s  mean pd 0.0075
  2015H1      24,159 rows     11.7s  mean pd 0.0067
  2015H2      24,159 rows     11.7s  mean pd 0.0073
  2016H1      24,632 rows     11.8s  mean pd 0.0073
  2016H2      24,760 rows     11.8s  mean pd 0.0069
  2017H1      24,541 rows     11.8s  mean pd 0.0080
  2017H2      24,680 rows     11.9s  mean pd 0.0079
  2018H1      24,416 rows     12.1s  mean pd 0.0081
  2018H2      24,543 rows     11.8s  mean pd 0.0083
  2019H1      24,752 rows     11.8s  mean pd 0.0082
  2019H2      24,861 rows     11.8s  mean pd 0.0075
  2020H1      24,880 rows     11.8s  mean pd 0.0063
  2020H2      24,919 rows     11.8s  mean pd 0.0056
  2021H1      24,909 rows     11.8s  mean pd 0.0061
  2021H2      24,929 rows     11.8s  mean pd 0.0071
  2022H1      24,889 rows     11.8s  mean pd 0.0085
  2022H2      24,859 rows     11.8s  mean pd 0.0094
  2023H1      24,882 rows     11.8s  mean pd 0.0099
  2023H2      24,866 rows     11.8s  mean pd 0.0091
  repeat 2009H1: largest disagreement 0.00e+00, 0 rows differ
tabicl/20260913: context 50,000 rows read in 1.0s
  reference   50,000 rows     18.9s  mean pd 0.0086
  2009H1      24,844 rows     11.8s  mean pd 0.0030
  2009H2      24,709 rows     11.8s  mean pd 0.0047
  2010H1      24,843 rows     12.2s  mean pd 0.0054
  2010H2      24,683 rows     11.9s  mean pd 0.0045
  2011H1      24,614 rows     11.8s  mean pd 0.0063
  2011H2      24,646 rows     11.8s  mean pd 0.0048
  2012H1      24,306 rows     11.8s  mean pd 0.0087
  2012H2      24,538 rows     11.8s  mean pd 0.0081
  2013H1      24,341 rows     11.8s  mean pd 0.0086
  2013H2      23,974 rows     11.7s  mean pd 0.0092
  2014H1      24,341 rows     11.8s  mean pd 0.0079
  2014H2      24,213 rows     11.8s  mean pd 0.0069
  2015H1      24,159 rows     11.8s  mean pd 0.0059
  2015H2      24,159 rows     11.9s  mean pd 0.0064
  2016H1      24,632 rows     11.8s  mean pd 0.0063
  2016H2      24,760 rows     11.8s  mean pd 0.0057
  2017H1      24,541 rows     11.8s  mean pd 0.0067
  2017H2      24,680 rows     11.8s  mean pd 0.0066
  2018H1      24,416 rows     11.8s  mean pd 0.0066
  2018H2      24,543 rows     11.8s  mean pd 0.0068
  2019H1      24,752 rows     11.8s  mean pd 0.0065
  2019H2      24,861 rows     11.8s  mean pd 0.0058
  2020H1      24,880 rows     11.8s  mean pd 0.0048
  2020H2      24,919 rows     11.8s  mean pd 0.0041
  2021H1      24,909 rows     11.8s  mean pd 0.0046
  2021H2      24,929 rows     11.8s  mean pd 0.0054
  2022H1      24,889 rows     12.0s  mean pd 0.0063
  2022H2      24,859 rows     11.9s  mean pd 0.0065
  2023H1      24,882 rows     11.9s  mean pd 0.0068
  2023H2      24,866 rows     11.8s  mean pd 0.0063
  repeat 2009H1: largest disagreement 0.00e+00, 0 rows differ

scored rows           : 2,216,064
reference rows        : 150,000
wall                  : 1176s

