### tabicl@2026-09-12-lc-2015h1e-folds: python score_context.py 2026-09-12-lc-2015h1e-folds --out-dir 2026-09-12-lc-2015h1e-folds-scored-tabicl --models tabicl --chunk 20000
Warning: You are sending unauthenticated requests to the HF Hub. Please set a HF_TOKEN to enable higher rate limits and faster downloads.
INFO: You are downloading 'tabicl-classifier-v2-20260212.ckpt', the latest best-performing version, used in our TabICLv2 paper.

Checkpoint 'tabicl-classifier-v2-20260212.ckpt' not cached.
 Downloading from Hugging Face Hub (jingang/TabICL).

tabicl/20260911: context 50,000 rows read in 8.4s
  reference   50,000 rows    200.6s  mean pd 0.0160
  fold1-test  20,000 rows     72.1s  mean pd 0.0177
  fold1-validation  20,000 rows     72.0s  mean pd 0.0177
  repeat fold1-test: largest disagreement 0.00e+00, 0 rows differ
tabicl/20260912: context 50,000 rows read in 2.1s
  reference   50,000 rows    206.1s  mean pd 0.0150
  fold1-test  20,000 rows     71.9s  mean pd 0.0170
  fold1-validation  20,000 rows     71.9s  mean pd 0.0171
  repeat fold1-test: largest disagreement 0.00e+00, 0 rows differ
tabicl/20260913: context 50,000 rows read in 2.0s
  reference   50,000 rows    206.1s  mean pd 0.0155
  fold1-test  20,000 rows     71.8s  mean pd 0.0165
  fold1-validation  20,000 rows     71.5s  mean pd 0.0165
  repeat fold1-test: largest disagreement 0.00e+00, 0 rows differ

scored rows           : 120,000
reference rows        : 150,000
wall                  : 1281s

