### tabicl@2026-09-06-lc-2015h2e-bundle: python score_context.py 2026-09-06-lc-2015h2e-bundle --out-dir 2026-09-06-lc-2015h2e-bundle-scored-tabicl --models tabicl --chunk 20000
tabicl/20260911: context 50,000 rows read in 2.5s
  reference   50,000 rows    213.1s  mean pd 0.0167
  2016Q1      20,000 rows     74.5s  mean pd 0.0167
  2016Q2      20,000 rows     74.3s  mean pd 0.0167
  2016Q3      20,000 rows     74.5s  mean pd 0.0177
  2016Q4      20,000 rows     74.1s  mean pd 0.0172
  2017Q1      20,000 rows     74.5s  mean pd 0.0164
  2017Q2      20,000 rows     74.3s  mean pd 0.0166
  2017Q3      20,000 rows     74.4s  mean pd 0.0178
  2017Q4      20,000 rows     74.4s  mean pd 0.0172
  2018Q1      20,000 rows     74.5s  mean pd 0.0165
  repeat 2016Q1: largest disagreement 0.00e+00, 0 rows differ
tabicl/20260912: context 50,000 rows read in 1.5s
  reference   50,000 rows    213.4s  mean pd 0.0163
  2016Q1      20,000 rows     74.5s  mean pd 0.0157
  2016Q2      20,000 rows     74.6s  mean pd 0.0157
  2016Q3      20,000 rows     74.4s  mean pd 0.0168
  2016Q4      20,000 rows     74.3s  mean pd 0.0163
  2017Q1      20,000 rows     74.6s  mean pd 0.0154
  2017Q2      20,000 rows     74.7s  mean pd 0.0156
  2017Q3      20,000 rows     74.3s  mean pd 0.0164
  2017Q4      20,000 rows     74.2s  mean pd 0.0160
  2018Q1      20,000 rows     74.1s  mean pd 0.0153
  repeat 2016Q1: largest disagreement 0.00e+00, 0 rows differ
tabicl/20260913: context 50,000 rows read in 1.4s
  reference   50,000 rows    212.7s  mean pd 0.0169
  2016Q1      20,000 rows     74.2s  mean pd 0.0172
  2016Q2      20,000 rows     74.7s  mean pd 0.0172
  2016Q3      20,000 rows     74.7s  mean pd 0.0184
  2016Q4      20,000 rows     74.5s  mean pd 0.0178
  2017Q1      20,000 rows     74.3s  mean pd 0.0169
  2017Q2      20,000 rows     74.1s  mean pd 0.0170
  2017Q3      20,000 rows     74.5s  mean pd 0.0181
  2017Q4      20,000 rows     74.0s  mean pd 0.0172
  2018Q1      20,000 rows     74.5s  mean pd 0.0163
  repeat 2016Q1: largest disagreement 0.00e+00, 0 rows differ

scored rows           : 540,000
reference rows        : 150,000
wall                  : 2891s

