### tabpfn@2026-09-13-fm-2008h2e-bundle: /home/node/outoftime-node/.venv/bin/python score_context.py 2026-09-13-fm-2008h2e-bundle --out-dir 2026-09-13-fm-2008h2e-bundle-scored-tabpfn --models tabpfn --chunk 20000
tabpfn/20260911: context 50,000 rows read in 2.0s
  reference   50,000 rows     36.8s  mean pd 0.0073
  2009H1      24,844 rows     22.7s  mean pd 0.0023
  2009H2      24,709 rows     22.7s  mean pd 0.0034
  2010H1      24,843 rows     22.8s  mean pd 0.0038
  2010H2      24,683 rows     22.8s  mean pd 0.0030
  2011H1      24,614 rows     22.7s  mean pd 0.0041
  2011H2      24,646 rows     22.8s  mean pd 0.0031
  2012H1      24,306 rows     22.7s  mean pd 0.0049
  2012H2      24,538 rows     22.7s  mean pd 0.0047
  2013H1      24,341 rows     22.7s  mean pd 0.0055
  2013H2      23,974 rows     22.4s  mean pd 0.0066
  2014H1      24,341 rows     22.7s  mean pd 0.0060
  2014H2      24,213 rows     22.7s  mean pd 0.0052
  2015H1      24,159 rows     22.7s  mean pd 0.0044
  2015H2      24,159 rows     22.7s  mean pd 0.0049
  2016H1      24,632 rows     22.7s  mean pd 0.0047
  2016H2      24,760 rows     22.7s  mean pd 0.0041
  2017H1      24,541 rows     22.7s  mean pd 0.0052
  2017H2      24,680 rows     22.6s  mean pd 0.0051
  2018H1      24,416 rows     22.6s  mean pd 0.0052
  2018H2      24,543 rows     22.6s  mean pd 0.0054
  2019H1      24,752 rows     22.6s  mean pd 0.0051
  2019H2      24,861 rows     22.6s  mean pd 0.0043
  2020H1      24,880 rows     22.7s  mean pd 0.0035
  2020H2      24,919 rows     22.7s  mean pd 0.0029
  2021H1      24,909 rows     22.7s  mean pd 0.0034
  2021H2      24,929 rows     22.8s  mean pd 0.0043
  2022H1      24,889 rows     22.9s  mean pd 0.0054
  2022H2      24,859 rows     22.8s  mean pd 0.0055
  2023H1      24,882 rows     22.8s  mean pd 0.0055
  2023H2      24,866 rows     22.8s  mean pd 0.0052
  repeat 2009H1: largest disagreement 0.00e+00, 0 rows differ
tabpfn/20260912: context 50,000 rows read in 0.8s
  reference   50,000 rows     36.3s  mean pd 0.0077
  2009H1      24,844 rows     22.9s  mean pd 0.0026
  2009H2      24,709 rows     22.9s  mean pd 0.0043
  2010H1      24,843 rows     22.9s  mean pd 0.0050
  2010H2      24,683 rows     23.0s  mean pd 0.0042
  2011H1      24,614 rows     22.9s  mean pd 0.0060
  2011H2      24,646 rows     22.9s  mean pd 0.0045
  2012H1      24,306 rows     22.9s  mean pd 0.0086
  2012H2      24,538 rows     22.9s  mean pd 0.0078
  2013H1      24,341 rows     22.9s  mean pd 0.0080
  2013H2      23,974 rows     22.6s  mean pd 0.0084
  2014H1      24,341 rows     22.8s  mean pd 0.0069
  2014H2      24,213 rows     22.8s  mean pd 0.0058
  2015H1      24,159 rows     22.8s  mean pd 0.0047
  2015H2      24,159 rows     22.9s  mean pd 0.0052
  2016H1      24,632 rows     22.9s  mean pd 0.0049
  2016H2      24,760 rows     23.0s  mean pd 0.0043
  2017H1      24,541 rows     22.8s  mean pd 0.0055
  2017H2      24,680 rows     22.9s  mean pd 0.0054
  2018H1      24,416 rows     22.9s  mean pd 0.0057
  2018H2      24,543 rows     23.0s  mean pd 0.0060
  2019H1      24,752 rows     22.9s  mean pd 0.0057
  2019H2      24,861 rows     22.9s  mean pd 0.0047
  2020H1      24,880 rows     22.8s  mean pd 0.0038
  2020H2      24,919 rows     22.9s  mean pd 0.0031
  2021H1      24,909 rows     22.8s  mean pd 0.0037
  2021H2      24,929 rows     22.9s  mean pd 0.0045
  2022H1      24,889 rows     22.8s  mean pd 0.0057
  2022H2      24,859 rows     22.8s  mean pd 0.0061
  2023H1      24,882 rows     22.7s  mean pd 0.0063
  2023H2      24,866 rows     22.8s  mean pd 0.0060
  repeat 2009H1: largest disagreement 0.00e+00, 0 rows differ
tabpfn/20260913: context 50,000 rows read in 0.7s
  reference   50,000 rows     36.1s  mean pd 0.0074
  2009H1      24,844 rows     22.8s  mean pd 0.0023
  2009H2      24,709 rows     22.9s  mean pd 0.0035
  2010H1      24,843 rows     22.9s  mean pd 0.0041
  2010H2      24,683 rows     22.9s  mean pd 0.0033
  2011H1      24,614 rows     22.9s  mean pd 0.0049
  2011H2      24,646 rows     23.0s  mean pd 0.0036
  2012H1      24,306 rows     22.9s  mean pd 0.0071
  2012H2      24,538 rows     22.9s  mean pd 0.0069
  2013H1      24,341 rows     22.8s  mean pd 0.0074
  2013H2      23,974 rows     22.6s  mean pd 0.0083
  2014H1      24,341 rows     22.8s  mean pd 0.0071
  2014H2      24,213 rows     22.9s  mean pd 0.0060
  2015H1      24,159 rows     22.8s  mean pd 0.0048
  2015H2      24,159 rows     22.8s  mean pd 0.0054
  2016H1      24,632 rows     22.9s  mean pd 0.0052
  2016H2      24,760 rows     23.1s  mean pd 0.0046
  2017H1      24,541 rows     23.1s  mean pd 0.0059
  2017H2      24,680 rows     23.0s  mean pd 0.0057
  2018H1      24,416 rows     23.9s  mean pd 0.0060
  2018H2      24,543 rows     22.9s  mean pd 0.0063
  2019H1      24,752 rows     22.9s  mean pd 0.0059
  2019H2      24,861 rows     22.8s  mean pd 0.0048
  2020H1      24,880 rows     22.9s  mean pd 0.0039
  2020H2      24,919 rows     22.9s  mean pd 0.0032
  2021H1      24,909 rows     22.8s  mean pd 0.0037
  2021H2      24,929 rows     22.8s  mean pd 0.0045
  2022H1      24,889 rows     22.9s  mean pd 0.0056
  2022H2      24,859 rows     22.9s  mean pd 0.0063
  2023H1      24,882 rows     23.0s  mean pd 0.0067
  2023H2      24,866 rows     22.9s  mean pd 0.0063
  repeat 2009H1: largest disagreement 0.00e+00, 0 rows differ

scored rows           : 2,216,064
reference rows        : 150,000
wall                  : 2246s

