### tabpfn@2026-09-15-fm-2016h2e-bundle-upb-nominal: /home/node/outoftime-node/.venv/bin/python score_context.py 2026-09-15-fm-2016h2e-bundle-upb-nominal --out-dir 2026-09-15-fm-2016h2e-bundle-upb-nominal-scored-tabpfn --models tabpfn --chunk 20000
tabpfn/20260911: context 50,000 rows read in 2.1s
  reference   50,000 rows     37.7s  mean pd 0.0095
  2017H1      24,541 rows     23.1s  mean pd 0.0098
  2017H2      24,680 rows     22.8s  mean pd 0.0098
  2018H1      24,416 rows     22.7s  mean pd 0.0099
  2018H2      24,543 rows     22.8s  mean pd 0.0101
  2019H1      24,752 rows     22.9s  mean pd 0.0101
  2019H2      24,861 rows     23.2s  mean pd 0.0093
  2020H1      24,880 rows     22.7s  mean pd 0.0079
  2020H2      24,919 rows     22.7s  mean pd 0.0068
  2021H1      24,909 rows     22.7s  mean pd 0.0078
  2021H2      24,929 rows     22.7s  mean pd 0.0095
  2022H1      24,889 rows     22.7s  mean pd 0.0112
  2022H2      24,859 rows     22.7s  mean pd 0.0107
  2023H1      24,882 rows     22.7s  mean pd 0.0111
  2023H2      24,866 rows     22.7s  mean pd 0.0101
  repeat 2017H1: largest disagreement 0.00e+00, 0 rows differ
tabpfn/20260912: context 50,000 rows read in 0.8s
  reference   50,000 rows     36.1s  mean pd 0.0097
  2017H1      24,541 rows     22.7s  mean pd 0.0105
  2017H2      24,680 rows     23.1s  mean pd 0.0107
  2018H1      24,416 rows     22.6s  mean pd 0.0108
  2018H2      24,543 rows     22.5s  mean pd 0.0111
  2019H1      24,752 rows     22.7s  mean pd 0.0110
  2019H2      24,861 rows     22.7s  mean pd 0.0102
  2020H1      24,880 rows     23.1s  mean pd 0.0085
  2020H2      24,919 rows     22.7s  mean pd 0.0073
  2021H1      24,909 rows     22.6s  mean pd 0.0084
  2021H2      24,929 rows     23.0s  mean pd 0.0103
  2022H1      24,889 rows     22.9s  mean pd 0.0124
  2022H2      24,859 rows     22.7s  mean pd 0.0120
  2023H1      24,882 rows     23.2s  mean pd 0.0127
  2023H2      24,866 rows     22.9s  mean pd 0.0116
  repeat 2017H1: largest disagreement 0.00e+00, 0 rows differ
tabpfn/20260913: context 50,000 rows read in 0.8s
  reference   50,000 rows     36.5s  mean pd 0.0097
  2017H1      24,541 rows     22.6s  mean pd 0.0095
  2017H2      24,680 rows     22.6s  mean pd 0.0095
  2018H1      24,416 rows     22.9s  mean pd 0.0096
  2018H2      24,543 rows     22.9s  mean pd 0.0098
  2019H1      24,752 rows     22.9s  mean pd 0.0097
  2019H2      24,861 rows     22.8s  mean pd 0.0088
  2020H1      24,880 rows     22.8s  mean pd 0.0073
  2020H2      24,919 rows     22.7s  mean pd 0.0063
  2021H1      24,909 rows     23.3s  mean pd 0.0074
  2021H2      24,929 rows     22.8s  mean pd 0.0092
  2022H1      24,889 rows     22.8s  mean pd 0.0109
  2022H2      24,859 rows     22.8s  mean pd 0.0105
  2023H1      24,882 rows     22.8s  mean pd 0.0106
  2023H2      24,866 rows     23.1s  mean pd 0.0100
  repeat 2017H1: largest disagreement 0.00e+00, 0 rows differ

scored rows           : 1,040,778
reference rows        : 150,000
wall                  : 1150s

