### tabicl@2026-09-13-fm-2004h2e-bundle: /home/node/outoftime-node/.venv/bin/python score_context.py 2026-09-13-fm-2004h2e-bundle --out-dir 2026-09-13-fm-2004h2e-bundle-scored-tabicl --models tabicl --chunk 20000
tabicl/20260911: context 50,000 rows read in 2.0s
  reference   50,000 rows     19.2s  mean pd 0.0090
  2005H1      24,233 rows     11.7s  mean pd 0.0086
  2005H2      24,082 rows     11.7s  mean pd 0.0085
  2006H1      23,280 rows     11.6s  mean pd 0.0103
  2006H2      23,898 rows     11.7s  mean pd 0.0106
  2007H1      23,169 rows     11.6s  mean pd 0.0113
  2007H2      24,367 rows     11.7s  mean pd 0.0124
  2008H1      24,660 rows     11.8s  mean pd 0.0080
  2008H2      24,746 rows     11.8s  mean pd 0.0064
  2009H1      24,844 rows     11.8s  mean pd 0.0030
  2009H2      24,709 rows     11.8s  mean pd 0.0040
  2010H1      24,843 rows     11.8s  mean pd 0.0044
  2010H2      24,683 rows     11.8s  mean pd 0.0036
  2011H1      24,614 rows     11.8s  mean pd 0.0047
  2011H2      24,646 rows     11.8s  mean pd 0.0037
  2012H1      24,306 rows     11.7s  mean pd 0.0054
  2012H2      24,538 rows     11.8s  mean pd 0.0052
  2013H1      24,341 rows     11.7s  mean pd 0.0059
  2013H2      23,974 rows     11.7s  mean pd 0.0071
  2014H1      24,341 rows     11.7s  mean pd 0.0066
  2014H2      24,213 rows     11.7s  mean pd 0.0060
  2015H1      24,159 rows     11.7s  mean pd 0.0050
  2015H2      24,159 rows     11.7s  mean pd 0.0057
  2016H1      24,632 rows     11.8s  mean pd 0.0054
  2016H2      24,760 rows     11.8s  mean pd 0.0047
  2017H1      24,541 rows     11.8s  mean pd 0.0059
  2017H2      24,680 rows     11.8s  mean pd 0.0058
  2018H1      24,416 rows     11.7s  mean pd 0.0059
  2018H2      24,543 rows     11.8s  mean pd 0.0062
  2019H1      24,752 rows     11.8s  mean pd 0.0059
  2019H2      24,861 rows     11.8s  mean pd 0.0051
  2020H1      24,880 rows     11.8s  mean pd 0.0043
  2020H2      24,919 rows     11.8s  mean pd 0.0035
  2021H1      24,909 rows     11.8s  mean pd 0.0042
  2021H2      24,929 rows     11.8s  mean pd 0.0051
  2022H1      24,889 rows     11.8s  mean pd 0.0066
  2022H2      24,859 rows     11.8s  mean pd 0.0066
  2023H1      24,882 rows     11.8s  mean pd 0.0065
  2023H2      24,866 rows     11.8s  mean pd 0.0061
  repeat 2005H1: largest disagreement 0.00e+00, 0 rows differ
tabicl/20260912: context 50,000 rows read in 1.0s
  reference   50,000 rows     18.8s  mean pd 0.0081
  2005H1      24,233 rows     11.7s  mean pd 0.0077
  2005H2      24,082 rows     11.7s  mean pd 0.0076
  2006H1      23,280 rows     11.6s  mean pd 0.0095
  2006H2      23,898 rows     11.7s  mean pd 0.0101
  2007H1      23,169 rows     11.6s  mean pd 0.0109
  2007H2      24,367 rows     11.8s  mean pd 0.0121
  2008H1      24,660 rows     11.8s  mean pd 0.0072
  2008H2      24,746 rows     11.8s  mean pd 0.0056
  2009H1      24,844 rows     11.8s  mean pd 0.0024
  2009H2      24,709 rows     11.8s  mean pd 0.0035
  2010H1      24,843 rows     11.8s  mean pd 0.0038
  2010H2      24,683 rows     11.8s  mean pd 0.0031
  2011H1      24,614 rows     11.7s  mean pd 0.0042
  2011H2      24,646 rows     11.7s  mean pd 0.0031
  2012H1      24,306 rows     11.7s  mean pd 0.0050
  2012H2      24,538 rows     11.7s  mean pd 0.0047
  2013H1      24,341 rows     11.7s  mean pd 0.0054
  2013H2      23,974 rows     11.7s  mean pd 0.0065
  2014H1      24,341 rows     11.7s  mean pd 0.0059
  2014H2      24,213 rows     11.7s  mean pd 0.0052
  2015H1      24,159 rows     11.7s  mean pd 0.0043
  2015H2      24,159 rows     11.7s  mean pd 0.0048
  2016H1      24,632 rows     11.7s  mean pd 0.0045
  2016H2      24,760 rows     11.8s  mean pd 0.0039
  2017H1      24,541 rows     11.7s  mean pd 0.0050
  2017H2      24,680 rows     11.8s  mean pd 0.0049
  2018H1      24,416 rows     11.7s  mean pd 0.0050
  2018H2      24,543 rows     11.7s  mean pd 0.0053
  2019H1      24,752 rows     11.8s  mean pd 0.0051
  2019H2      24,861 rows     11.8s  mean pd 0.0042
  2020H1      24,880 rows     11.8s  mean pd 0.0034
  2020H2      24,919 rows     11.8s  mean pd 0.0028
  2021H1      24,909 rows     11.8s  mean pd 0.0033
  2021H2      24,929 rows     11.8s  mean pd 0.0041
  2022H1      24,889 rows     11.8s  mean pd 0.0054
  2022H2      24,859 rows     11.8s  mean pd 0.0058
  2023H1      24,882 rows     11.8s  mean pd 0.0059
  2023H2      24,866 rows     11.8s  mean pd 0.0056
  repeat 2005H1: largest disagreement 0.00e+00, 0 rows differ
tabicl/20260913: context 50,000 rows read in 1.0s
  reference   50,000 rows     18.8s  mean pd 0.0081
  2005H1      24,233 rows     11.7s  mean pd 0.0080
  2005H2      24,082 rows     11.7s  mean pd 0.0080
  2006H1      23,280 rows     11.6s  mean pd 0.0099
  2006H2      23,898 rows     11.7s  mean pd 0.0106
  2007H1      23,169 rows     11.6s  mean pd 0.0112
  2007H2      24,367 rows     11.7s  mean pd 0.0119
  2008H1      24,660 rows     11.8s  mean pd 0.0071
  2008H2      24,746 rows     11.8s  mean pd 0.0055
  2009H1      24,844 rows     11.8s  mean pd 0.0028
  2009H2      24,709 rows     11.8s  mean pd 0.0046
  2010H1      24,843 rows     11.8s  mean pd 0.0054
  2010H2      24,683 rows     11.8s  mean pd 0.0044
  2011H1      24,614 rows     11.7s  mean pd 0.0063
  2011H2      24,646 rows     11.7s  mean pd 0.0046
  2012H1      24,306 rows     11.7s  mean pd 0.0086
  2012H2      24,538 rows     11.7s  mean pd 0.0078
  2013H1      24,341 rows     11.7s  mean pd 0.0084
  2013H2      23,974 rows     11.7s  mean pd 0.0091
  2014H1      24,341 rows     11.7s  mean pd 0.0074
  2014H2      24,213 rows     11.7s  mean pd 0.0061
  2015H1      24,159 rows     11.7s  mean pd 0.0049
  2015H2      24,159 rows     11.7s  mean pd 0.0054
  2016H1      24,632 rows     11.7s  mean pd 0.0050
  2016H2      24,760 rows     11.7s  mean pd 0.0042
  2017H1      24,541 rows     11.7s  mean pd 0.0054
  2017H2      24,680 rows     11.8s  mean pd 0.0051
  2018H1      24,416 rows     11.7s  mean pd 0.0052
  2018H2      24,543 rows     11.7s  mean pd 0.0054
  2019H1      24,752 rows     11.7s  mean pd 0.0051
  2019H2      24,861 rows     11.8s  mean pd 0.0043
  2020H1      24,880 rows     11.8s  mean pd 0.0036
  2020H2      24,919 rows     11.8s  mean pd 0.0029
  2021H1      24,909 rows     11.8s  mean pd 0.0035
  2021H2      24,929 rows     11.8s  mean pd 0.0042
  2022H1      24,889 rows     11.8s  mean pd 0.0054
  2022H2      24,859 rows     11.8s  mean pd 0.0056
  2023H1      24,882 rows     11.8s  mean pd 0.0057
  2023H2      24,866 rows     11.8s  mean pd 0.0054
  repeat 2005H1: largest disagreement 0.00e+00, 0 rows differ

scored rows           : 2,793,369
reference rows        : 150,000
wall                  : 1450s

