tabpfn@t1/20260911: context 50,000 rows read in 1.1s
  reference   50,000 rows    451.1s  mean pd 0.0233
  2016Q3      20,000 rows    324.5s  mean pd 0.0234
  2016Q4      20,000 rows    324.5s  mean pd 0.0229
  2017Q1      20,000 rows    324.7s  mean pd 0.0220
  2017Q2      20,000 rows    325.0s  mean pd 0.0219
  2017Q3      20,000 rows    325.1s  mean pd 0.0227
  2017Q4      20,000 rows    324.5s  mean pd 0.0213
  2018Q1      20,000 rows    324.1s  mean pd 0.0201
  repeat 2016Q3: largest disagreement 0.00e+00, 0 rows differ
tabpfn@t1/20260912: context 50,000 rows read in 0.4s
  reference   50,000 rows    449.1s  mean pd 0.0248
  2016Q3      20,000 rows    324.1s  mean pd 0.0243
  2016Q4      20,000 rows    434.8s  mean pd 0.0235
  2017Q1      20,000 rows    362.5s  mean pd 0.0227
  2017Q2      20,000 rows    324.7s  mean pd 0.0226
  2017Q3      20,000 rows    326.1s  mean pd 0.0237
  2017Q4      20,000 rows    324.3s  mean pd 0.0215
  2018Q1      20,000 rows    324.4s  mean pd 0.0200
  repeat 2016Q3: largest disagreement 0.00e+00, 0 rows differ
tabpfn@t1/20260913: context 50,000 rows read in 0.4s
  reference   50,000 rows    448.3s  mean pd 0.0245
  2016Q3      20,000 rows    321.8s  mean pd 0.0236
  2016Q4      20,000 rows    320.1s  mean pd 0.0229
  2017Q1      20,000 rows    315.4s  mean pd 0.0219
  2017Q2      20,000 rows    314.5s  mean pd 0.0219
  2017Q3      20,000 rows    321.0s  mean pd 0.0228
  2017Q4      20,000 rows    322.8s  mean pd 0.0216
  2018Q1      20,000 rows    325.0s  mean pd 0.0204
  repeat 2016Q3: largest disagreement 0.00e+00, 0 rows differ

scored rows           : 420,000
reference rows        : 150,000
wall                  : 12108s
