### tabpfn-t1@2026-09-13-fm-2008h2e-bundle: /home/node/outoftime-node/.venv/bin/python score_context.py 2026-09-13-fm-2008h2e-bundle --out-dir 2026-09-13-fm-2008h2e-bundle-scored-tabpfn-t1 --models tabpfn --temperature 1.0 --chunk 20000
tabpfn@t1/20260911: context 50,000 rows read in 1.9s
  reference   50,000 rows     36.7s  mean pd 0.0107
  2009H1      24,844 rows     22.7s  mean pd 0.0039
  2009H2      24,709 rows     22.7s  mean pd 0.0054
  2010H1      24,843 rows     22.7s  mean pd 0.0059
  2010H2      24,683 rows     22.8s  mean pd 0.0047
  2011H1      24,614 rows     22.8s  mean pd 0.0063
  2011H2      24,646 rows     22.8s  mean pd 0.0049
  2012H1      24,306 rows     22.7s  mean pd 0.0072
  2012H2      24,538 rows     22.7s  mean pd 0.0071
  2013H1      24,341 rows     22.7s  mean pd 0.0081
  2013H2      23,974 rows     22.4s  mean pd 0.0097
  2014H1      24,341 rows     22.7s  mean pd 0.0090
  2014H2      24,213 rows     22.6s  mean pd 0.0080
  2015H1      24,159 rows     22.7s  mean pd 0.0068
  2015H2      24,159 rows     22.7s  mean pd 0.0076
  2016H1      24,632 rows     22.7s  mean pd 0.0074
  2016H2      24,760 rows     22.7s  mean pd 0.0066
  2017H1      24,541 rows     22.8s  mean pd 0.0082
  2017H2      24,680 rows     22.7s  mean pd 0.0080
  2018H1      24,416 rows     22.7s  mean pd 0.0081
  2018H2      24,543 rows     22.8s  mean pd 0.0084
  2019H1      24,752 rows     22.7s  mean pd 0.0080
  2019H2      24,861 rows     22.7s  mean pd 0.0068
  2020H1      24,880 rows     22.7s  mean pd 0.0057
  2020H2      24,919 rows     22.7s  mean pd 0.0048
  2021H1      24,909 rows     22.7s  mean pd 0.0056
  2021H2      24,929 rows     22.8s  mean pd 0.0068
  2022H1      24,889 rows     22.7s  mean pd 0.0085
  2022H2      24,859 rows     22.7s  mean pd 0.0087
  2023H1      24,882 rows     22.7s  mean pd 0.0086
  2023H2      24,866 rows     22.7s  mean pd 0.0083
  repeat 2009H1: largest disagreement 0.00e+00, 0 rows differ
tabpfn@t1/20260912: context 50,000 rows read in 0.8s
  reference   50,000 rows     36.2s  mean pd 0.0112
  2009H1      24,844 rows     22.7s  mean pd 0.0044
  2009H2      24,709 rows     22.6s  mean pd 0.0066
  2010H1      24,843 rows     22.7s  mean pd 0.0075
  2010H2      24,683 rows     22.7s  mean pd 0.0064
  2011H1      24,614 rows     22.8s  mean pd 0.0088
  2011H2      24,646 rows     22.7s  mean pd 0.0068
  2012H1      24,306 rows     22.8s  mean pd 0.0120
  2012H2      24,538 rows     22.7s  mean pd 0.0110
  2013H1      24,341 rows     22.8s  mean pd 0.0113
  2013H2      23,974 rows     22.6s  mean pd 0.0120
  2014H1      24,341 rows     22.8s  mean pd 0.0101
  2014H2      24,213 rows     22.8s  mean pd 0.0086
  2015H1      24,159 rows     22.8s  mean pd 0.0072
  2015H2      24,159 rows     22.7s  mean pd 0.0080
  2016H1      24,632 rows     22.8s  mean pd 0.0077
  2016H2      24,760 rows     22.8s  mean pd 0.0068
  2017H1      24,541 rows     22.8s  mean pd 0.0085
  2017H2      24,680 rows     22.8s  mean pd 0.0084
  2018H1      24,416 rows     22.7s  mean pd 0.0089
  2018H2      24,543 rows     23.1s  mean pd 0.0093
  2019H1      24,752 rows     23.4s  mean pd 0.0088
  2019H2      24,861 rows     23.4s  mean pd 0.0074
  2020H1      24,880 rows     23.3s  mean pd 0.0061
  2020H2      24,919 rows     23.3s  mean pd 0.0051
  2021H1      24,909 rows     23.2s  mean pd 0.0060
  2021H2      24,929 rows     23.2s  mean pd 0.0071
  2022H1      24,889 rows     23.2s  mean pd 0.0089
  2022H2      24,859 rows     23.2s  mean pd 0.0095
  2023H1      24,882 rows     23.2s  mean pd 0.0097
  2023H2      24,866 rows     23.2s  mean pd 0.0092
  repeat 2009H1: largest disagreement 0.00e+00, 0 rows differ
tabpfn@t1/20260913: context 50,000 rows read in 0.8s
  reference   50,000 rows     36.9s  mean pd 0.0109
  2009H1      24,844 rows     23.9s  mean pd 0.0038
  2009H2      24,709 rows     23.2s  mean pd 0.0056
  2010H1      24,843 rows     23.2s  mean pd 0.0063
  2010H2      24,683 rows     23.2s  mean pd 0.0051
  2011H1      24,614 rows     23.2s  mean pd 0.0073
  2011H2      24,646 rows     23.3s  mean pd 0.0056
  2012H1      24,306 rows     23.3s  mean pd 0.0100
  2012H2      24,538 rows     23.3s  mean pd 0.0097
  2013H1      24,341 rows     23.3s  mean pd 0.0105
  2013H2      23,974 rows     23.0s  mean pd 0.0118
  2014H1      24,341 rows     23.4s  mean pd 0.0103
  2014H2      24,213 rows     23.3s  mean pd 0.0089
  2015H1      24,159 rows     23.3s  mean pd 0.0074
  2015H2      24,159 rows     23.2s  mean pd 0.0083
  2016H1      24,632 rows     23.2s  mean pd 0.0080
  2016H2      24,760 rows     23.2s  mean pd 0.0072
  2017H1      24,541 rows     23.2s  mean pd 0.0090
  2017H2      24,680 rows     23.2s  mean pd 0.0088
  2018H1      24,416 rows     22.8s  mean pd 0.0092
  2018H2      24,543 rows     22.6s  mean pd 0.0097
  2019H1      24,752 rows     22.6s  mean pd 0.0092
  2019H2      24,861 rows     22.6s  mean pd 0.0076
  2020H1      24,880 rows     22.8s  mean pd 0.0062
  2020H2      24,919 rows     22.7s  mean pd 0.0053
  2021H1      24,909 rows     22.7s  mean pd 0.0059
  2021H2      24,929 rows     22.8s  mean pd 0.0071
  2022H1      24,889 rows     22.6s  mean pd 0.0088
  2022H2      24,859 rows     22.7s  mean pd 0.0097
  2023H1      24,882 rows     22.8s  mean pd 0.0102
  2023H2      24,866 rows     22.8s  mean pd 0.0096
  repeat 2009H1: largest disagreement 0.00e+00, 0 rows differ

scored rows           : 2,216,064
reference rows        : 150,000
wall                  : 2254s

