### tabicl@2026-09-13-fm-2018h2e-bundle: /home/node/outoftime-node/.venv/bin/python score_context.py 2026-09-13-fm-2018h2e-bundle --out-dir 2026-09-13-fm-2018h2e-bundle-scored-tabicl --models tabicl --chunk 20000
tabicl/20260911: context 50,000 rows read in 1.9s
  reference   50,000 rows     19.2s  mean pd 0.0079
  2019H1      24,752 rows     11.8s  mean pd 0.0070
  2019H2      24,861 rows     11.8s  mean pd 0.0061
  2020H1      24,880 rows     11.8s  mean pd 0.0048
  2020H2      24,919 rows     11.8s  mean pd 0.0041
  2021H1      24,909 rows     11.8s  mean pd 0.0047
  2021H2      24,929 rows     11.8s  mean pd 0.0059
  2022H1      24,889 rows     11.8s  mean pd 0.0072
  2022H2      24,859 rows     11.8s  mean pd 0.0071
  2023H1      24,882 rows     11.8s  mean pd 0.0071
  2023H2      24,866 rows     11.8s  mean pd 0.0067
  repeat 2019H1: largest disagreement 0.00e+00, 0 rows differ
tabicl/20260912: context 50,000 rows read in 0.9s
  reference   50,000 rows     18.8s  mean pd 0.0084
  2019H1      24,752 rows     11.8s  mean pd 0.0072
  2019H2      24,861 rows     11.8s  mean pd 0.0065
  2020H1      24,880 rows     11.8s  mean pd 0.0053
  2020H2      24,919 rows     11.8s  mean pd 0.0046
  2021H1      24,909 rows     11.8s  mean pd 0.0052
  2021H2      24,929 rows     11.8s  mean pd 0.0064
  2022H1      24,889 rows     11.8s  mean pd 0.0074
  2022H2      24,859 rows     11.8s  mean pd 0.0071
  2023H1      24,882 rows     11.8s  mean pd 0.0070
  2023H2      24,866 rows     11.8s  mean pd 0.0066
  repeat 2019H1: largest disagreement 0.00e+00, 0 rows differ
tabicl/20260913: context 50,000 rows read in 1.0s
  reference   50,000 rows     18.8s  mean pd 0.0082
  2019H1      24,752 rows     11.8s  mean pd 0.0069
  2019H2      24,861 rows     11.8s  mean pd 0.0060
  2020H1      24,880 rows     11.8s  mean pd 0.0049
  2020H2      24,919 rows     11.8s  mean pd 0.0041
  2021H1      24,909 rows     11.8s  mean pd 0.0047
  2021H2      24,929 rows     11.8s  mean pd 0.0057
  2022H1      24,889 rows     11.8s  mean pd 0.0066
  2022H2      24,859 rows     11.8s  mean pd 0.0066
  2023H1      24,882 rows     11.8s  mean pd 0.0066
  2023H2      24,866 rows     11.8s  mean pd 0.0062
  repeat 2019H1: largest disagreement 0.00e+00, 0 rows differ

scored rows           : 746,238
reference rows        : 150,000
wall                  : 457s

