tabpfn/20260911: context 50,000 rows read in 1.1s
  reference   50,000 rows    437.3s  mean pd 0.0166
  2016Q1      20,000 rows    325.0s  mean pd 0.0152
  2016Q2      20,000 rows    326.6s  mean pd 0.0152
  2016Q3      20,000 rows    326.3s  mean pd 0.0160
  2016Q4      20,000 rows    326.3s  mean pd 0.0155
  2017Q1      20,000 rows    323.0s  mean pd 0.0149
  2017Q2      20,000 rows    320.7s  mean pd 0.0150
  2017Q3      20,000 rows    319.5s  mean pd 0.0160
  2017Q4      20,000 rows    318.2s  mean pd 0.0154
  2018Q1      20,000 rows    313.6s  mean pd 0.0148
  repeat 2016Q1: largest disagreement 0.00e+00, 0 rows differ
tabpfn/20260912: context 50,000 rows read in 0.4s
  reference   50,000 rows    453.8s  mean pd 0.0163
  2016Q1      20,000 rows    326.9s  mean pd 0.0146
  2016Q2      20,000 rows    326.7s  mean pd 0.0147
  2016Q3      20,000 rows    324.2s  mean pd 0.0157
  2016Q4      20,000 rows    320.9s  mean pd 0.0152
  2017Q1      20,000 rows    320.2s  mean pd 0.0144
  2017Q2      20,000 rows    313.7s  mean pd 0.0146
  2017Q3      20,000 rows    321.3s  mean pd 0.0153
  2017Q4      20,000 rows    328.5s  mean pd 0.0149
  2018Q1      20,000 rows    328.4s  mean pd 0.0142
  repeat 2016Q1: largest disagreement 0.00e+00, 0 rows differ
tabpfn/20260913: context 50,000 rows read in 0.3s
  reference   50,000 rows    452.1s  mean pd 0.0169
  2016Q1      20,000 rows    323.0s  mean pd 0.0155
  2016Q2      20,000 rows    319.4s  mean pd 0.0154
  2016Q3      20,000 rows    315.1s  mean pd 0.0166
  2016Q4      20,000 rows    325.8s  mean pd 0.0159
  2017Q1      20,000 rows    333.1s  mean pd 0.0152
  2017Q2      20,000 rows    333.1s  mean pd 0.0152
  2017Q3      20,000 rows    335.0s  mean pd 0.0161
  2017Q4      20,000 rows    332.1s  mean pd 0.0152
  2018Q1      20,000 rows    327.6s  mean pd 0.0144
  repeat 2016Q1: largest disagreement 0.00e+00, 0 rows differ

scored rows           : 540,000
reference rows        : 150,000
wall                  : 11080s
