### tabicl@2026-09-15-fm-2016h2r-bundle-upb-nominal: /home/node/outoftime-node/.venv/bin/python score_context.py 2026-09-15-fm-2016h2r-bundle-upb-nominal --out-dir 2026-09-15-fm-2016h2r-bundle-upb-nominal-scored-tabicl --models tabicl --chunk 20000
tabicl/20260911: context 50,000 rows read in 2.1s
  reference   50,000 rows     19.3s  mean pd 0.0028
  2017H1      24,541 rows     11.6s  mean pd 0.0025
  2017H2      24,680 rows     11.6s  mean pd 0.0025
  2018H1      24,416 rows     11.6s  mean pd 0.0025
  2018H2      24,543 rows     11.7s  mean pd 0.0025
  2019H1      24,752 rows     12.1s  mean pd 0.0024
  2019H2      24,861 rows     11.7s  mean pd 0.0021
  2020H1      24,880 rows     11.7s  mean pd 0.0017
  2020H2      24,919 rows     11.7s  mean pd 0.0015
  2021H1      24,909 rows     11.7s  mean pd 0.0018
  2021H2      24,929 rows     11.7s  mean pd 0.0021
  2022H1      24,889 rows     11.6s  mean pd 0.0025
  2022H2      24,859 rows     11.7s  mean pd 0.0024
  2023H1      24,882 rows     11.6s  mean pd 0.0024
  2023H2      24,866 rows     11.6s  mean pd 0.0023
  repeat 2017H1: largest disagreement 0.00e+00, 0 rows differ
tabicl/20260912: context 50,000 rows read in 1.2s
  reference   50,000 rows     18.7s  mean pd 0.0026
  2017H1      24,541 rows     11.6s  mean pd 0.0025
  2017H2      24,680 rows     11.6s  mean pd 0.0025
  2018H1      24,416 rows     11.6s  mean pd 0.0025
  2018H2      24,543 rows     11.6s  mean pd 0.0026
  2019H1      24,752 rows     11.6s  mean pd 0.0025
  2019H2      24,861 rows     11.7s  mean pd 0.0021
  2020H1      24,880 rows     12.0s  mean pd 0.0017
  2020H2      24,919 rows     11.9s  mean pd 0.0015
  2021H1      24,909 rows     11.7s  mean pd 0.0017
  2021H2      24,929 rows     11.7s  mean pd 0.0020
  2022H1      24,889 rows     11.7s  mean pd 0.0023
  2022H2      24,859 rows     11.7s  mean pd 0.0024
  2023H1      24,882 rows     11.7s  mean pd 0.0025
  2023H2      24,866 rows     11.7s  mean pd 0.0024
  repeat 2017H1: largest disagreement 0.00e+00, 0 rows differ
tabicl/20260913: context 50,000 rows read in 1.1s
  reference   50,000 rows     18.7s  mean pd 0.0029
  2017H1      24,541 rows     11.9s  mean pd 0.0025
  2017H2      24,680 rows     11.7s  mean pd 0.0025
  2018H1      24,416 rows     11.6s  mean pd 0.0025
  2018H2      24,543 rows     11.6s  mean pd 0.0025
  2019H1      24,752 rows     11.6s  mean pd 0.0024
  2019H2      24,861 rows     11.7s  mean pd 0.0022
  2020H1      24,880 rows     11.7s  mean pd 0.0019
  2020H2      24,919 rows     11.7s  mean pd 0.0017
  2021H1      24,909 rows     11.7s  mean pd 0.0019
  2021H2      24,929 rows     11.7s  mean pd 0.0022
  2022H1      24,889 rows     11.9s  mean pd 0.0025
  2022H2      24,859 rows     11.7s  mean pd 0.0024
  2023H1      24,882 rows     11.7s  mean pd 0.0024
  2023H2      24,866 rows     11.7s  mean pd 0.0023
  repeat 2017H1: largest disagreement 0.00e+00, 0 rows differ

scored rows           : 1,040,778
reference rows        : 150,000
wall                  : 598s

