### tabicl@2026-09-14-fm-2006h2e-bundle-upb-nominal: /home/node/outoftime-node/.venv/bin/python score_context.py 2026-09-14-fm-2006h2e-bundle-upb-nominal --out-dir 2026-09-14-fm-2006h2e-bundle-upb-nominal-scored-tabicl --models tabicl --chunk 20000
Warning: You are sending unauthenticated requests to the HF Hub. Please set a HF_TOKEN to enable higher rate limits and faster downloads.
INFO: You are downloading 'tabicl-classifier-v2-20260212.ckpt', the latest best-performing version, used in our TabICLv2 paper.

Checkpoint 'tabicl-classifier-v2-20260212.ckpt' not cached.
 Downloading from Hugging Face Hub (jingang/TabICL).

tabicl/20260911: context 50,000 rows read in 7.9s
  reference   50,000 rows     19.5s  mean pd 0.0062
  2007H1      23,169 rows     11.8s  mean pd 0.0070
  2007H2      24,367 rows     11.9s  mean pd 0.0079
  2008H1      24,660 rows     11.7s  mean pd 0.0049
  2008H2      24,746 rows     11.8s  mean pd 0.0039
  2009H1      24,844 rows     11.8s  mean pd 0.0017
  2009H2      24,709 rows     11.9s  mean pd 0.0024
  2010H1      24,843 rows     11.8s  mean pd 0.0027
  2010H2      24,683 rows     11.9s  mean pd 0.0021
  2011H1      24,614 rows     11.8s  mean pd 0.0029
  2011H2      24,646 rows     11.8s  mean pd 0.0022
  2012H1      24,306 rows     11.8s  mean pd 0.0035
  2012H2      24,538 rows     11.8s  mean pd 0.0033
  2013H1      24,341 rows     11.8s  mean pd 0.0038
  2013H2      23,974 rows     11.7s  mean pd 0.0046
  2014H1      24,341 rows     11.8s  mean pd 0.0042
  2014H2      24,213 rows     11.8s  mean pd 0.0038
  2015H1      24,159 rows     11.9s  mean pd 0.0032
  2015H2      24,159 rows     11.8s  mean pd 0.0035
  2016H1      24,632 rows     11.8s  mean pd 0.0034
  2016H2      24,760 rows     12.0s  mean pd 0.0030
  2017H1      24,541 rows     11.8s  mean pd 0.0037
  2017H2      24,680 rows     11.9s  mean pd 0.0036
  2018H1      24,416 rows     11.9s  mean pd 0.0036
  2018H2      24,543 rows     11.8s  mean pd 0.0038
  2019H1      24,752 rows     11.8s  mean pd 0.0035
  2019H2      24,861 rows     11.9s  mean pd 0.0029
  2020H1      24,880 rows     11.8s  mean pd 0.0024
  2020H2      24,919 rows     11.8s  mean pd 0.0020
  2021H1      24,909 rows     11.8s  mean pd 0.0023
  2021H2      24,929 rows     11.9s  mean pd 0.0027
  2022H1      24,889 rows     11.8s  mean pd 0.0033
  2022H2      24,859 rows     11.8s  mean pd 0.0035
  2023H1      24,882 rows     11.8s  mean pd 0.0035
  2023H2      24,866 rows     11.8s  mean pd 0.0032
  repeat 2007H1: largest disagreement 0.00e+00, 0 rows differ
tabicl/20260912: context 50,000 rows read in 0.9s
  reference   50,000 rows     18.9s  mean pd 0.0061
  2007H1      23,169 rows     11.7s  mean pd 0.0076
  2007H2      24,367 rows     11.8s  mean pd 0.0088
  2008H1      24,660 rows     11.8s  mean pd 0.0054
  2008H2      24,746 rows     11.8s  mean pd 0.0043
  2009H1      24,844 rows     11.8s  mean pd 0.0018
  2009H2      24,709 rows     11.8s  mean pd 0.0029
  2010H1      24,843 rows     11.8s  mean pd 0.0033
  2010H2      24,683 rows     11.9s  mean pd 0.0027
  2011H1      24,614 rows     11.9s  mean pd 0.0040
  2011H2      24,646 rows     11.8s  mean pd 0.0030
  2012H1      24,306 rows     11.8s  mean pd 0.0055
  2012H2      24,538 rows     11.8s  mean pd 0.0051
  2013H1      24,341 rows     11.9s  mean pd 0.0056
  2013H2      23,974 rows     11.7s  mean pd 0.0063
  2014H1      24,341 rows     11.8s  mean pd 0.0054
  2014H2      24,213 rows     11.7s  mean pd 0.0046
  2015H1      24,159 rows     11.9s  mean pd 0.0038
  2015H2      24,159 rows     11.8s  mean pd 0.0042
  2016H1      24,632 rows     11.8s  mean pd 0.0041
  2016H2      24,760 rows     11.8s  mean pd 0.0036
  2017H1      24,541 rows     11.9s  mean pd 0.0046
  2017H2      24,680 rows     12.0s  mean pd 0.0045
  2018H1      24,416 rows     11.8s  mean pd 0.0046
  2018H2      24,543 rows     11.8s  mean pd 0.0049
  2019H1      24,752 rows     11.8s  mean pd 0.0046
  2019H2      24,861 rows     11.8s  mean pd 0.0038
  2020H1      24,880 rows     11.8s  mean pd 0.0030
  2020H2      24,919 rows     11.8s  mean pd 0.0026
  2021H1      24,909 rows     12.0s  mean pd 0.0029
  2021H2      24,929 rows     11.9s  mean pd 0.0036
  2022H1      24,889 rows     11.8s  mean pd 0.0044
  2022H2      24,859 rows     11.8s  mean pd 0.0051
  2023H1      24,882 rows     11.9s  mean pd 0.0053
  2023H2      24,866 rows     11.9s  mean pd 0.0049
  repeat 2007H1: largest disagreement 0.00e+00, 0 rows differ
tabicl/20260913: context 50,000 rows read in 1.0s
  reference   50,000 rows     18.8s  mean pd 0.0064
  2007H1      23,169 rows     11.6s  mean pd 0.0073
  2007H2      24,367 rows     11.8s  mean pd 0.0079
  2008H1      24,660 rows     11.9s  mean pd 0.0050
  2008H2      24,746 rows     11.8s  mean pd 0.0041
  2009H1      24,844 rows     12.0s  mean pd 0.0019
  2009H2      24,709 rows     12.2s  mean pd 0.0028
  2010H1      24,843 rows     12.2s  mean pd 0.0031
  2010H2      24,683 rows     12.0s  mean pd 0.0025
  2011H1      24,614 rows     11.8s  mean pd 0.0033
  2011H2      24,646 rows     11.8s  mean pd 0.0025
  2012H1      24,306 rows     11.8s  mean pd 0.0039
  2012H2      24,538 rows     11.9s  mean pd 0.0037
  2013H1      24,341 rows     11.8s  mean pd 0.0042
  2013H2      23,974 rows     11.9s  mean pd 0.0050
  2014H1      24,341 rows     11.8s  mean pd 0.0046
  2014H2      24,213 rows     11.7s  mean pd 0.0041
  2015H1      24,159 rows     11.9s  mean pd 0.0034
  2015H2      24,159 rows     11.8s  mean pd 0.0038
  2016H1      24,632 rows     11.8s  mean pd 0.0036
  2016H2      24,760 rows     11.8s  mean pd 0.0032
  2017H1      24,541 rows     11.9s  mean pd 0.0039
  2017H2      24,680 rows     11.8s  mean pd 0.0039
  2018H1      24,416 rows     11.8s  mean pd 0.0039
  2018H2      24,543 rows     11.8s  mean pd 0.0040
  2019H1      24,752 rows     11.8s  mean pd 0.0038
  2019H2      24,861 rows     12.0s  mean pd 0.0032
  2020H1      24,880 rows     11.9s  mean pd 0.0026
  2020H2      24,919 rows     11.8s  mean pd 0.0022
  2021H1      24,909 rows     11.8s  mean pd 0.0024
  2021H2      24,929 rows     11.8s  mean pd 0.0029
  2022H1      24,889 rows     11.8s  mean pd 0.0034
  2022H2      24,859 rows     11.8s  mean pd 0.0038
  2023H1      24,882 rows     11.8s  mean pd 0.0037
  2023H2      24,866 rows     11.8s  mean pd 0.0034
  repeat 2007H1: largest disagreement 0.00e+00, 0 rows differ

scored rows           : 2,506,890
reference rows        : 150,000
wall                  : 1326s

