### tabicl@2026-09-12-lc-2014h2r-bundle: python score_context.py 2026-09-12-lc-2014h2r-bundle --out-dir 2026-09-12-lc-2014h2r-bundle-scored-tabicl --models tabicl --chunk 20000
tabicl/20260911: context 50,000 rows read in 3.5s
  reference   50,000 rows    207.3s  mean pd 0.0151
  2015Q1      20,000 rows     71.6s  mean pd 0.0171
  2015Q2      20,000 rows     71.7s  mean pd 0.0171
  2015Q3      20,000 rows     71.9s  mean pd 0.0172
  2015Q4      20,000 rows     71.8s  mean pd 0.0164
  2016Q1      20,000 rows     71.8s  mean pd 0.0168
  2016Q2      20,000 rows     71.9s  mean pd 0.0164
  2016Q3      20,000 rows     72.0s  mean pd 0.0174
  2016Q4      20,000 rows     71.8s  mean pd 0.0172
  2017Q1      20,000 rows     71.6s  mean pd 0.0167
  2017Q2      20,000 rows     72.0s  mean pd 0.0166
  2017Q3      20,000 rows     72.1s  mean pd 0.0173
  2017Q4      20,000 rows     72.0s  mean pd 0.0167
  2018Q1      20,000 rows     72.0s  mean pd 0.0158
  repeat 2015Q1: largest disagreement 0.00e+00, 0 rows differ
tabicl/20260912: context 50,000 rows read in 1.6s
  reference   50,000 rows    206.0s  mean pd 0.0152
  2015Q1      20,000 rows     71.8s  mean pd 0.0169
  2015Q2      20,000 rows     72.2s  mean pd 0.0170
  2015Q3      20,000 rows     71.8s  mean pd 0.0167
  2015Q4      20,000 rows     72.0s  mean pd 0.0158
  2016Q1      20,000 rows     72.0s  mean pd 0.0162
  2016Q2      20,000 rows     71.9s  mean pd 0.0160
  2016Q3      20,000 rows     71.7s  mean pd 0.0169
  2016Q4      20,000 rows     71.6s  mean pd 0.0166
  2017Q1      20,000 rows     71.7s  mean pd 0.0160
  2017Q2      20,000 rows     72.0s  mean pd 0.0160
  2017Q3      20,000 rows     72.0s  mean pd 0.0169
  2017Q4      20,000 rows     71.6s  mean pd 0.0161
  2018Q1      20,000 rows     71.7s  mean pd 0.0152
  repeat 2015Q1: largest disagreement 0.00e+00, 0 rows differ
tabicl/20260913: context 50,000 rows read in 1.5s
  reference   50,000 rows    206.0s  mean pd 0.0145
  2015Q1      20,000 rows     72.0s  mean pd 0.0169
  2015Q2      20,000 rows     71.7s  mean pd 0.0170
  2015Q3      20,000 rows     71.7s  mean pd 0.0171
  2015Q4      20,000 rows     71.9s  mean pd 0.0162
  2016Q1      20,000 rows     72.3s  mean pd 0.0165
  2016Q2      20,000 rows     72.1s  mean pd 0.0163
  2016Q3      20,000 rows     71.9s  mean pd 0.0173
  2016Q4      20,000 rows     71.8s  mean pd 0.0170
  2017Q1      20,000 rows     72.0s  mean pd 0.0165
  2017Q2      20,000 rows     72.0s  mean pd 0.0166
  2017Q3      20,000 rows     71.9s  mean pd 0.0174
  2017Q4      20,000 rows     71.9s  mean pd 0.0169
  2018Q1      20,000 rows     72.0s  mean pd 0.0160
  repeat 2015Q1: largest disagreement 0.00e+00, 0 rows differ

scored rows           : 780,000
reference rows        : 150,000
wall                  : 3661s

