### tabicl@2026-09-05-lc-2015h1e-bundle: python score_context.py 2026-09-05-lc-2015h1e-bundle --out-dir 2026-09-05-lc-2015h1e-bundle-scored-tabicl --models tabicl --chunk 20000
tabicl/20260911: context 50,000 rows read in 2.6s
  reference   50,000 rows    211.6s  mean pd 0.0153
  2015Q3      20,000 rows     73.7s  mean pd 0.0164
  2015Q4      20,000 rows     73.7s  mean pd 0.0159
  2016Q1      20,000 rows     73.9s  mean pd 0.0161
  2016Q2      20,000 rows     73.7s  mean pd 0.0162
  2016Q3      20,000 rows     73.6s  mean pd 0.0171
  2016Q4      20,000 rows     73.6s  mean pd 0.0167
  2017Q1      20,000 rows     73.7s  mean pd 0.0159
  2017Q2      20,000 rows     73.7s  mean pd 0.0161
  2017Q3      20,000 rows     73.8s  mean pd 0.0170
  2017Q4      20,000 rows     73.8s  mean pd 0.0170
  2018Q1      20,000 rows     73.9s  mean pd 0.0163
  repeat 2015Q3: largest disagreement 0.00e+00, 0 rows differ
tabicl/20260912: context 50,000 rows read in 1.5s

### tabicl@2026-09-05-lc-2015h1e-bundle: python score_context.py 2026-09-05-lc-2015h1e-bundle --out-dir 2026-09-05-lc-2015h1e-bundle-scored-tabicl --models tabicl --chunk 20000
tabicl/20260911: every part present, skipped
Warning: You are sending unauthenticated requests to the HF Hub. Please set a HF_TOKEN to enable higher rate limits and faster downloads.
INFO: You are downloading 'tabicl-classifier-v2-20260212.ckpt', the latest best-performing version, used in our TabICLv2 paper.

Checkpoint 'tabicl-classifier-v2-20260212.ckpt' not cached.
 Downloading from Hugging Face Hub (jingang/TabICL).

tabicl/20260912: context 50,000 rows read in 6.7s
  reference   50,000 rows    208.8s  mean pd 0.0158
  2015Q3      20,000 rows     74.5s  mean pd 0.0165
  2015Q4      20,000 rows     74.8s  mean pd 0.0158
  2016Q1      20,000 rows     74.7s  mean pd 0.0160
  2016Q2      20,000 rows     74.6s  mean pd 0.0161
  2016Q3      20,000 rows     74.2s  mean pd 0.0168
  2016Q4      20,000 rows     74.3s  mean pd 0.0165
  2017Q1      20,000 rows     74.6s  mean pd 0.0157
  2017Q2      20,000 rows     74.3s  mean pd 0.0159
  2017Q3      20,000 rows     74.1s  mean pd 0.0170
  2017Q4      20,000 rows     74.3s  mean pd 0.0165
  2018Q1      20,000 rows     74.1s  mean pd 0.0157
  repeat 2015Q3: largest disagreement 0.00e+00, 0 rows differ
tabicl/20260913: context 50,000 rows read in 1.6s
  reference   50,000 rows    212.7s  mean pd 0.0165
  2015Q3      20,000 rows     74.4s  mean pd 0.0178
  2015Q4      20,000 rows     74.4s  mean pd 0.0170
  2016Q1      20,000 rows     74.5s  mean pd 0.0170
  2016Q2      20,000 rows     74.4s  mean pd 0.0167
  2016Q3      20,000 rows     74.4s  mean pd 0.0177
  2016Q4      20,000 rows     74.7s  mean pd 0.0172
  2017Q1      20,000 rows     74.2s  mean pd 0.0166
  2017Q2      20,000 rows     74.4s  mean pd 0.0167
  2017Q3      20,000 rows     74.4s  mean pd 0.0177
  2017Q4      20,000 rows     74.3s  mean pd 0.0173
  2018Q1      20,000 rows     73.9s  mean pd 0.0167
  repeat 2015Q3: largest disagreement 0.00e+00, 0 rows differ

scored rows           : 660,000
reference rows        : 150,000
wall                  : 2236s

