### tabicl@2026-09-15-fm-2010h2r-bundle-upb-nominal: /home/node/outoftime-node/.venv/bin/python score_context.py 2026-09-15-fm-2010h2r-bundle-upb-nominal --out-dir 2026-09-15-fm-2010h2r-bundle-upb-nominal-scored-tabicl --models tabicl --chunk 20000
tabicl/20260911: context 50,000 rows read in 2.1s
  reference   50,000 rows     19.4s  mean pd 0.0387
  2011H1      24,614 rows     11.8s  mean pd 0.0216
  2011H2      24,646 rows     11.8s  mean pd 0.0176
  2012H1      24,306 rows     11.8s  mean pd 0.0260
  2012H2      24,538 rows     11.8s  mean pd 0.0267
  2013H1      24,341 rows     11.8s  mean pd 0.0293
  2013H2      23,974 rows     11.7s  mean pd 0.0329
  2014H1      24,341 rows     11.8s  mean pd 0.0324
  2014H2      24,213 rows     11.8s  mean pd 0.0313
  2015H1      24,159 rows     12.1s  mean pd 0.0298
  2015H2      24,159 rows     11.8s  mean pd 0.0307
  2016H1      24,632 rows     11.8s  mean pd 0.0318
  2016H2      24,760 rows     11.8s  mean pd 0.0319
  2017H1      24,541 rows     11.8s  mean pd 0.0350
  2017H2      24,680 rows     11.8s  mean pd 0.0344
  2018H1      24,416 rows     11.8s  mean pd 0.0342
  2018H2      24,543 rows     11.8s  mean pd 0.0339
  2019H1      24,752 rows     11.8s  mean pd 0.0358
  2019H2      24,861 rows     11.8s  mean pd 0.0351
  2020H1      24,880 rows     11.8s  mean pd 0.0306
  2020H2      24,919 rows     11.8s  mean pd 0.0272
  2021H1      24,909 rows     11.8s  mean pd 0.0292
  2021H2      24,929 rows     11.8s  mean pd 0.0329
  2022H1      24,889 rows     11.8s  mean pd 0.0381
  2022H2      24,859 rows     12.2s  mean pd 0.0386
  2023H1      24,882 rows     12.0s  mean pd 0.0407
  2023H2      24,866 rows     11.8s  mean pd 0.0357
  repeat 2011H1: largest disagreement 0.00e+00, 0 rows differ
tabicl/20260912: context 50,000 rows read in 1.1s
  reference   50,000 rows     18.9s  mean pd 0.0390
  2011H1      24,614 rows     11.8s  mean pd 0.0211
  2011H2      24,646 rows     11.8s  mean pd 0.0171
  2012H1      24,306 rows     11.8s  mean pd 0.0270
  2012H2      24,538 rows     11.8s  mean pd 0.0277
  2013H1      24,341 rows     11.8s  mean pd 0.0296
  2013H2      23,974 rows     12.1s  mean pd 0.0325
  2014H1      24,341 rows     12.0s  mean pd 0.0315
  2014H2      24,213 rows     11.8s  mean pd 0.0305
  2015H1      24,159 rows     11.8s  mean pd 0.0291
  2015H2      24,159 rows     11.8s  mean pd 0.0300
  2016H1      24,632 rows     11.8s  mean pd 0.0308
  2016H2      24,760 rows     11.8s  mean pd 0.0312
  2017H1      24,541 rows     11.8s  mean pd 0.0341
  2017H2      24,680 rows     11.8s  mean pd 0.0337
  2018H1      24,416 rows     11.8s  mean pd 0.0335
  2018H2      24,543 rows     12.0s  mean pd 0.0330
  2019H1      24,752 rows     12.1s  mean pd 0.0350
  2019H2      24,861 rows     11.8s  mean pd 0.0343
  2020H1      24,880 rows     11.8s  mean pd 0.0301
  2020H2      24,919 rows     11.8s  mean pd 0.0268
  2021H1      24,909 rows     11.8s  mean pd 0.0290
  2021H2      24,929 rows     11.8s  mean pd 0.0327
  2022H1      24,889 rows     11.8s  mean pd 0.0379
  2022H2      24,859 rows     11.8s  mean pd 0.0375
  2023H1      24,882 rows     12.3s  mean pd 0.0396
  2023H2      24,866 rows     11.9s  mean pd 0.0348
  repeat 2011H1: largest disagreement 0.00e+00, 0 rows differ
tabicl/20260913: context 50,000 rows read in 1.0s
  reference   50,000 rows     18.9s  mean pd 0.0439
  2011H1      24,614 rows     11.8s  mean pd 0.0252
  2011H2      24,646 rows     11.8s  mean pd 0.0208
  2012H1      24,306 rows     11.9s  mean pd 0.0315
  2012H2      24,538 rows     12.4s  mean pd 0.0321
  2013H1      24,341 rows     11.8s  mean pd 0.0346
  2013H2      23,974 rows     11.7s  mean pd 0.0377
  2014H1      24,341 rows     11.8s  mean pd 0.0360
  2014H2      24,213 rows     11.8s  mean pd 0.0346
  2015H1      24,159 rows     11.8s  mean pd 0.0334
  2015H2      24,159 rows     11.7s  mean pd 0.0339
  2016H1      24,632 rows     12.3s  mean pd 0.0351
  2016H2      24,760 rows     11.8s  mean pd 0.0353
  2017H1      24,541 rows     11.8s  mean pd 0.0383
  2017H2      24,680 rows     11.8s  mean pd 0.0377
  2018H1      24,416 rows     11.8s  mean pd 0.0371
  2018H2      24,543 rows     11.8s  mean pd 0.0363
  2019H1      24,752 rows     11.8s  mean pd 0.0386
  2019H2      24,861 rows     11.8s  mean pd 0.0386
  2020H1      24,880 rows     11.9s  mean pd 0.0348
  2020H2      24,919 rows     12.3s  mean pd 0.0313
  2021H1      24,909 rows     11.8s  mean pd 0.0338
  2021H2      24,929 rows     11.8s  mean pd 0.0377
  2022H1      24,889 rows     11.8s  mean pd 0.0423
  2022H2      24,859 rows     11.8s  mean pd 0.0405
  2023H1      24,882 rows     11.8s  mean pd 0.0417
  2023H2      24,866 rows     11.8s  mean pd 0.0369
  repeat 2011H1: largest disagreement 0.00e+00, 0 rows differ

scored rows           : 1,918,827
reference rows        : 150,000
wall                  : 1036s

