tabpfn@t1/20260911: context 50,000 rows read in 1.2s
  reference   50,000 rows    436.0s  mean pd 0.0264
  2013Q3      20,000 rows    314.0s  mean pd 0.0278
  2013Q4      20,000 rows    315.3s  mean pd 0.0261
  2014Q1      20,000 rows    315.2s  mean pd 0.0279
  2014Q2      20,000 rows    315.2s  mean pd 0.0292
  2014Q3      20,000 rows    315.7s  mean pd 0.0292
  2014Q4      20,000 rows    314.5s  mean pd 0.0278
  2015Q1      20,000 rows    316.1s  mean pd 0.0274
  2015Q2      20,000 rows    316.7s  mean pd 0.0274
  2015Q3      20,000 rows    319.5s  mean pd 0.0268
  2015Q4      20,000 rows    321.9s  mean pd 0.0260
  2016Q1      20,000 rows    323.4s  mean pd 0.0256
  2016Q2      20,000 rows    324.3s  mean pd 0.0259
  2016Q3      20,000 rows    323.6s  mean pd 0.0266
  2016Q4      20,000 rows    322.5s  mean pd 0.0260
  2017Q1      20,000 rows    320.7s  mean pd 0.0250
  2017Q2      20,000 rows    320.2s  mean pd 0.0252
  2017Q3      20,000 rows    320.0s  mean pd 0.0261
  2017Q4      20,000 rows    319.9s  mean pd 0.0254
  2018Q1      20,000 rows    319.9s  mean pd 0.0246
  repeat 2013Q3: largest disagreement 0.00e+00, 0 rows differ
tabpfn@t1/20260912: context 50,000 rows read in 0.4s
  reference   50,000 rows    450.5s  mean pd 0.0264
  2013Q3      20,000 rows    325.3s  mean pd 0.0278
  2013Q4      20,000 rows    323.9s  mean pd 0.0261
  2014Q1      20,000 rows    324.0s  mean pd 0.0279
  2014Q2      20,000 rows    322.2s  mean pd 0.0291
  2014Q3      20,000 rows    320.4s  mean pd 0.0291
  2014Q4      20,000 rows    320.1s  mean pd 0.0277
  2015Q1      20,000 rows    316.3s  mean pd 0.0273
  2015Q2      20,000 rows    322.0s  mean pd 0.0273
  2015Q3      20,000 rows    323.8s  mean pd 0.0267
  2015Q4      20,000 rows    326.7s  mean pd 0.0258
  2016Q1      20,000 rows    326.7s  mean pd 0.0255
  2016Q2      20,000 rows    326.7s  mean pd 0.0258
  2016Q3      20,000 rows    326.3s  mean pd 0.0265
  2016Q4      20,000 rows    323.4s  mean pd 0.0259
  2017Q1      20,000 rows    320.9s  mean pd 0.0249
  2017Q2      20,000 rows    314.7s  mean pd 0.0251
  2017Q3      20,000 rows    323.2s  mean pd 0.0260
  2017Q4      20,000 rows    326.5s  mean pd 0.0253
  2018Q1      20,000 rows    326.6s  mean pd 0.0245
  repeat 2013Q3: largest disagreement 0.00e+00, 0 rows differ
tabpfn@t1/20260913: context 50,000 rows read in 0.4s
  reference   50,000 rows    451.0s  mean pd 0.0267
  2013Q3      20,000 rows    321.8s  mean pd 0.0276
  2013Q4      20,000 rows    320.9s  mean pd 0.0259
  2014Q1      20,000 rows    318.0s  mean pd 0.0277
  2014Q2      20,000 rows    325.4s  mean pd 0.0289
  2014Q3      20,000 rows    327.8s  mean pd 0.0289
  2014Q4      20,000 rows    327.1s  mean pd 0.0275
  2015Q1      20,000 rows    327.7s  mean pd 0.0272
  2015Q2      20,000 rows    326.1s  mean pd 0.0271
  2015Q3      20,000 rows    322.1s  mean pd 0.0266
  2015Q4      20,000 rows    319.3s  mean pd 0.0257
  2016Q1      20,000 rows    320.9s  mean pd 0.0254
  2016Q2      20,000 rows    320.9s  mean pd 0.0257
  2016Q3      20,000 rows    320.9s  mean pd 0.0264
  2016Q4      20,000 rows    322.8s  mean pd 0.0259
  2017Q1      20,000 rows    326.3s  mean pd 0.0249
  2017Q2      20,000 rows    327.7s  mean pd 0.0250
  2017Q3      20,000 rows    328.8s  mean pd 0.0260
  2017Q4      20,000 rows    330.0s  mean pd 0.0254
  2018Q1      20,000 rows    326.2s  mean pd 0.0246
  repeat 2013Q3: largest disagreement 0.00e+00, 0 rows differ

scored rows           : 1,140,000
reference rows        : 150,000
wall                  : 20675s
