### tabpfn@2026-09-15-fm-2004h2r-bundle-upb-nominal: /home/node/outoftime-node/.venv/bin/python score_context.py 2026-09-15-fm-2004h2r-bundle-upb-nominal --out-dir 2026-09-15-fm-2004h2r-bundle-upb-nominal-scored-tabpfn --models tabpfn --chunk 20000
tabpfn/20260911: context 50,000 rows read in 2.1s
  reference   50,000 rows     37.1s  mean pd 0.0080
  2005H1      24,233 rows     22.9s  mean pd 0.0064
  2005H2      24,082 rows     22.6s  mean pd 0.0063
  2006H1      23,280 rows     22.7s  mean pd 0.0071
  2006H2      23,898 rows     22.7s  mean pd 0.0077
  2007H1      23,169 rows     22.6s  mean pd 0.0081
  2007H2      24,367 rows     22.9s  mean pd 0.0093
  2008H1      24,660 rows     22.9s  mean pd 0.0055
  2008H2      24,746 rows     22.8s  mean pd 0.0042
  2009H1      24,844 rows     22.7s  mean pd 0.0018
  2009H2      24,709 rows     22.6s  mean pd 0.0028
  2010H1      24,843 rows     22.8s  mean pd 0.0032
  2010H2      24,683 rows     23.0s  mean pd 0.0026
  2011H1      24,614 rows     22.9s  mean pd 0.0037
  2011H2      24,646 rows     22.9s  mean pd 0.0028
  2012H1      24,306 rows     22.9s  mean pd 0.0047
  2012H2      24,538 rows     22.8s  mean pd 0.0045
  2013H1      24,341 rows     23.4s  mean pd 0.0050
  2013H2      23,974 rows     22.6s  mean pd 0.0058
  2014H1      24,341 rows     22.8s  mean pd 0.0051
  2014H2      24,213 rows     22.9s  mean pd 0.0045
  2015H1      24,159 rows     22.9s  mean pd 0.0036
  2015H2      24,159 rows     22.8s  mean pd 0.0041
  2016H1      24,632 rows     22.9s  mean pd 0.0040
  2016H2      24,760 rows     23.3s  mean pd 0.0034
  2017H1      24,541 rows     22.8s  mean pd 0.0044
  2017H2      24,680 rows     22.9s  mean pd 0.0044
  2018H1      24,416 rows     22.8s  mean pd 0.0045
  2018H2      24,543 rows     22.8s  mean pd 0.0048
  2019H1      24,752 rows     23.5s  mean pd 0.0044
  2019H2      24,861 rows     22.9s  mean pd 0.0035
  2020H1      24,880 rows     22.9s  mean pd 0.0028
  2020H2      24,919 rows     23.1s  mean pd 0.0023
  2021H1      24,909 rows     23.1s  mean pd 0.0026
  2021H2      24,929 rows     22.9s  mean pd 0.0032
  2022H1      24,889 rows     22.8s  mean pd 0.0038
  2022H2      24,859 rows     23.5s  mean pd 0.0044
  2023H1      24,882 rows     22.9s  mean pd 0.0046
  2023H2      24,866 rows     22.7s  mean pd 0.0044
  repeat 2005H1: largest disagreement 0.00e+00, 0 rows differ
tabpfn/20260912: context 50,000 rows read in 0.9s
  reference   50,000 rows     36.6s  mean pd 0.0076
  2005H1      24,233 rows     22.8s  mean pd 0.0061
  2005H2      24,082 rows     22.7s  mean pd 0.0060
  2006H1      23,280 rows     22.7s  mean pd 0.0069
  2006H2      23,898 rows     22.7s  mean pd 0.0075
  2007H1      23,169 rows     22.6s  mean pd 0.0080
  2007H2      24,367 rows     22.9s  mean pd 0.0090
  2008H1      24,660 rows     23.1s  mean pd 0.0053
  2008H2      24,746 rows     23.0s  mean pd 0.0041
  2009H1      24,844 rows     22.9s  mean pd 0.0018
  2009H2      24,709 rows     22.9s  mean pd 0.0028
  2010H1      24,843 rows     22.9s  mean pd 0.0032
  2010H2      24,683 rows     22.8s  mean pd 0.0026
  2011H1      24,614 rows     23.0s  mean pd 0.0036
  2011H2      24,646 rows     22.9s  mean pd 0.0027
  2012H1      24,306 rows     22.9s  mean pd 0.0045
  2012H2      24,538 rows     22.9s  mean pd 0.0042
  2013H1      24,341 rows     22.8s  mean pd 0.0047
  2013H2      23,974 rows     22.5s  mean pd 0.0054
  2014H1      24,341 rows     23.1s  mean pd 0.0048
  2014H2      24,213 rows     23.0s  mean pd 0.0043
  2015H1      24,159 rows     23.0s  mean pd 0.0036
  2015H2      24,159 rows     23.4s  mean pd 0.0040
  2016H1      24,632 rows     23.3s  mean pd 0.0038
  2016H2      24,760 rows     23.0s  mean pd 0.0034
  2017H1      24,541 rows     22.9s  mean pd 0.0043
  2017H2      24,680 rows     23.9s  mean pd 0.0042
  2018H1      24,416 rows     22.9s  mean pd 0.0043
  2018H2      24,543 rows     22.9s  mean pd 0.0046
  2019H1      24,752 rows     23.3s  mean pd 0.0043
  2019H2      24,861 rows     22.9s  mean pd 0.0035
  2020H1      24,880 rows     22.8s  mean pd 0.0029
  2020H2      24,919 rows     23.3s  mean pd 0.0025
  2021H1      24,909 rows     23.0s  mean pd 0.0027
  2021H2      24,929 rows     23.3s  mean pd 0.0033
  2022H1      24,889 rows     22.9s  mean pd 0.0040
  2022H2      24,859 rows     22.8s  mean pd 0.0046
  2023H1      24,882 rows     23.4s  mean pd 0.0049
  2023H2      24,866 rows     22.9s  mean pd 0.0045
  repeat 2005H1: largest disagreement 0.00e+00, 0 rows differ
tabpfn/20260913: context 50,000 rows read in 0.8s
  reference   50,000 rows     36.3s  mean pd 0.0085
  2005H1      24,233 rows     22.9s  mean pd 0.0065
  2005H2      24,082 rows     22.7s  mean pd 0.0063
  2006H1      23,280 rows     22.7s  mean pd 0.0072
  2006H2      23,898 rows     22.8s  mean pd 0.0077
  2007H1      23,169 rows     22.6s  mean pd 0.0083
  2007H2      24,367 rows     22.8s  mean pd 0.0096
  2008H1      24,660 rows     23.4s  mean pd 0.0057
  2008H2      24,746 rows     22.9s  mean pd 0.0044
  2009H1      24,844 rows     22.9s  mean pd 0.0019
  2009H2      24,709 rows     23.0s  mean pd 0.0029
  2010H1      24,843 rows     22.9s  mean pd 0.0033
  2010H2      24,683 rows     23.3s  mean pd 0.0027
  2011H1      24,614 rows     23.0s  mean pd 0.0038
  2011H2      24,646 rows     23.0s  mean pd 0.0030
  2012H1      24,306 rows     23.5s  mean pd 0.0051
  2012H2      24,538 rows     23.0s  mean pd 0.0048
  2013H1      24,341 rows     22.8s  mean pd 0.0054
  2013H2      23,974 rows     23.1s  mean pd 0.0062
  2014H1      24,341 rows     22.8s  mean pd 0.0055
  2014H2      24,213 rows     23.3s  mean pd 0.0047
  2015H1      24,159 rows     23.0s  mean pd 0.0039
  2015H2      24,159 rows     22.8s  mean pd 0.0043
  2016H1      24,632 rows     22.9s  mean pd 0.0041
  2016H2      24,760 rows     23.1s  mean pd 0.0036
  2017H1      24,541 rows     23.0s  mean pd 0.0046
  2017H2      24,680 rows     23.0s  mean pd 0.0044
  2018H1      24,416 rows     22.9s  mean pd 0.0045
  2018H2      24,543 rows     23.2s  mean pd 0.0048
  2019H1      24,752 rows     22.8s  mean pd 0.0045
  2019H2      24,861 rows     23.1s  mean pd 0.0036
  2020H1      24,880 rows     23.0s  mean pd 0.0029
  2020H2      24,919 rows     22.8s  mean pd 0.0025
  2021H1      24,909 rows     23.3s  mean pd 0.0027
  2021H2      24,929 rows     22.9s  mean pd 0.0033
  2022H1      24,889 rows     23.1s  mean pd 0.0040
  2022H2      24,859 rows     22.9s  mean pd 0.0046
  2023H1      24,882 rows     23.4s  mean pd 0.0049
  2023H2      24,866 rows     22.9s  mean pd 0.0046
  repeat 2005H1: largest disagreement 0.00e+00, 0 rows differ

scored rows           : 2,793,369
reference rows        : 150,000
wall                  : 2817s

