### tabicl@2026-09-13-fm-2002h2e-bundle: /home/node/outoftime-node/.venv/bin/python score_context.py 2026-09-13-fm-2002h2e-bundle --out-dir 2026-09-13-fm-2002h2e-bundle-scored-tabicl --models tabicl --chunk 20000
tabicl/20260911: context 50,000 rows read in 1.9s
  reference   50,000 rows     19.1s  mean pd 0.0096
  2003H1      24,276 rows     11.7s  mean pd 0.0057
  2003H2      24,205 rows     11.7s  mean pd 0.0078
  2004H1      24,219 rows     11.7s  mean pd 0.0088
  2004H2      24,090 rows     11.7s  mean pd 0.0107
  2005H1      24,233 rows     11.7s  mean pd 0.0101
  2005H2      24,082 rows     11.7s  mean pd 0.0104
  2006H1      23,280 rows     11.7s  mean pd 0.0125
  2006H2      23,898 rows     11.7s  mean pd 0.0128
  2007H1      23,169 rows     11.6s  mean pd 0.0140
  2007H2      24,367 rows     11.7s  mean pd 0.0141
  2008H1      24,660 rows     11.8s  mean pd 0.0090
  2008H2      24,746 rows     11.8s  mean pd 0.0074
  2009H1      24,844 rows     11.8s  mean pd 0.0041
  2009H2      24,709 rows     11.8s  mean pd 0.0064
  2010H1      24,843 rows     11.8s  mean pd 0.0073
  2010H2      24,683 rows     11.8s  mean pd 0.0062
  2011H1      24,614 rows     11.8s  mean pd 0.0085
  2011H2      24,646 rows     11.8s  mean pd 0.0063
  2012H1      24,306 rows     11.7s  mean pd 0.0118
  2012H2      24,538 rows     11.8s  mean pd 0.0108
  2013H1      24,341 rows     11.7s  mean pd 0.0112
  2013H2      23,974 rows     11.7s  mean pd 0.0118
  2014H1      24,341 rows     11.8s  mean pd 0.0095
  2014H2      24,213 rows     11.7s  mean pd 0.0078
  2015H1      24,159 rows     11.7s  mean pd 0.0063
  2015H2      24,159 rows     11.7s  mean pd 0.0068
  2016H1      24,632 rows     11.8s  mean pd 0.0066
  2016H2      24,760 rows     11.8s  mean pd 0.0061
  2017H1      24,541 rows     11.8s  mean pd 0.0078
  2017H2      24,680 rows     11.8s  mean pd 0.0078
  2018H1      24,416 rows     11.8s  mean pd 0.0082
  2018H2      24,543 rows     11.8s  mean pd 0.0084
  2019H1      24,752 rows     11.8s  mean pd 0.0079
  2019H2      24,861 rows     11.8s  mean pd 0.0065
  2020H1      24,880 rows     11.8s  mean pd 0.0052
  2020H2      24,919 rows     11.8s  mean pd 0.0042
  2021H1      24,909 rows     11.8s  mean pd 0.0051
  2021H2      24,929 rows     11.8s  mean pd 0.0060
  2022H1      24,889 rows     11.8s  mean pd 0.0072
  2022H2      24,859 rows     11.8s  mean pd 0.0073
  2023H1      24,882 rows     11.8s  mean pd 0.0073
  2023H2      24,866 rows     11.8s  mean pd 0.0066
  repeat 2003H1: largest disagreement 0.00e+00, 0 rows differ
tabicl/20260912: context 50,000 rows read in 1.0s
  reference   50,000 rows     18.8s  mean pd 0.0081
  2003H1      24,276 rows     11.7s  mean pd 0.0052
  2003H2      24,205 rows     11.7s  mean pd 0.0069
  2004H1      24,219 rows     11.7s  mean pd 0.0077
  2004H2      24,090 rows     11.7s  mean pd 0.0092
  2005H1      24,233 rows     11.7s  mean pd 0.0087
  2005H2      24,082 rows     11.7s  mean pd 0.0089
  2006H1      23,280 rows     11.6s  mean pd 0.0105
  2006H2      23,898 rows     11.7s  mean pd 0.0109
  2007H1      23,169 rows     11.6s  mean pd 0.0118
  2007H2      24,367 rows     11.7s  mean pd 0.0120
  2008H1      24,660 rows     11.8s  mean pd 0.0076
  2008H2      24,746 rows     11.8s  mean pd 0.0059
  2009H1      24,844 rows     11.8s  mean pd 0.0031
  2009H2      24,709 rows     11.8s  mean pd 0.0046
  2010H1      24,843 rows     11.8s  mean pd 0.0052
  2010H2      24,683 rows     11.8s  mean pd 0.0044
  2011H1      24,614 rows     11.7s  mean pd 0.0059
  2011H2      24,646 rows     11.7s  mean pd 0.0045
  2012H1      24,306 rows     11.7s  mean pd 0.0075
  2012H2      24,538 rows     11.7s  mean pd 0.0070
  2013H1      24,341 rows     11.7s  mean pd 0.0075
  2013H2      23,974 rows     11.7s  mean pd 0.0082
  2014H1      24,341 rows     11.7s  mean pd 0.0070
  2014H2      24,213 rows     11.7s  mean pd 0.0059
  2015H1      24,159 rows     11.7s  mean pd 0.0049
  2015H2      24,159 rows     11.7s  mean pd 0.0054
  2016H1      24,632 rows     11.7s  mean pd 0.0051
  2016H2      24,760 rows     11.8s  mean pd 0.0045
  2017H1      24,541 rows     11.7s  mean pd 0.0055
  2017H2      24,680 rows     11.8s  mean pd 0.0054
  2018H1      24,416 rows     11.7s  mean pd 0.0053
  2018H2      24,543 rows     11.7s  mean pd 0.0054
  2019H1      24,752 rows     11.8s  mean pd 0.0053
  2019H2      24,861 rows     11.8s  mean pd 0.0046
  2020H1      24,880 rows     11.8s  mean pd 0.0038
  2020H2      24,919 rows     11.8s  mean pd 0.0032
  2021H1      24,909 rows     11.8s  mean pd 0.0038
  2021H2      24,929 rows     11.8s  mean pd 0.0046
  2022H1      24,889 rows     11.8s  mean pd 0.0058
  2022H2      24,859 rows     11.8s  mean pd 0.0055
  2023H1      24,882 rows     11.8s  mean pd 0.0053
  2023H2      24,866 rows     11.8s  mean pd 0.0050
  repeat 2003H1: largest disagreement 0.00e+00, 0 rows differ
tabicl/20260913: context 50,000 rows read in 0.9s
  reference   50,000 rows     18.8s  mean pd 0.0111
  2003H1      24,276 rows     11.7s  mean pd 0.0068
  2003H2      24,205 rows     11.7s  mean pd 0.0091
  2004H1      24,219 rows     11.7s  mean pd 0.0102
  2004H2      24,090 rows     11.7s  mean pd 0.0123
  2005H1      24,233 rows     11.7s  mean pd 0.0120
  2005H2      24,082 rows     11.7s  mean pd 0.0125
  2006H1      23,280 rows     11.6s  mean pd 0.0143
  2006H2      23,898 rows     11.7s  mean pd 0.0145
  2007H1      23,169 rows     11.6s  mean pd 0.0157
  2007H2      24,367 rows     11.7s  mean pd 0.0155
  2008H1      24,660 rows     11.8s  mean pd 0.0103
  2008H2      24,746 rows     11.8s  mean pd 0.0084
  2009H1      24,844 rows     11.8s  mean pd 0.0047
  2009H2      24,709 rows     11.8s  mean pd 0.0063
  2010H1      24,843 rows     11.8s  mean pd 0.0069
  2010H2      24,683 rows     11.8s  mean pd 0.0057
  2011H1      24,614 rows     11.7s  mean pd 0.0074
  2011H2      24,646 rows     11.7s  mean pd 0.0057
  2012H1      24,306 rows     11.7s  mean pd 0.0091
  2012H2      24,538 rows     11.7s  mean pd 0.0085
  2013H1      24,341 rows     11.7s  mean pd 0.0092
  2013H2      23,974 rows     11.7s  mean pd 0.0100
  2014H1      24,341 rows     11.7s  mean pd 0.0085
  2014H2      24,213 rows     11.7s  mean pd 0.0074
  2015H1      24,159 rows     11.7s  mean pd 0.0063
  2015H2      24,159 rows     11.7s  mean pd 0.0068
  2016H1      24,632 rows     11.7s  mean pd 0.0066
  2016H2      24,760 rows     11.8s  mean pd 0.0061
  2017H1      24,541 rows     11.7s  mean pd 0.0074
  2017H2      24,680 rows     11.8s  mean pd 0.0074
  2018H1      24,416 rows     11.7s  mean pd 0.0074
  2018H2      24,543 rows     11.7s  mean pd 0.0075
  2019H1      24,752 rows     11.8s  mean pd 0.0072
  2019H2      24,861 rows     11.8s  mean pd 0.0063
  2020H1      24,880 rows     11.8s  mean pd 0.0053
  2020H2      24,919 rows     11.8s  mean pd 0.0044
  2021H1      24,909 rows     11.8s  mean pd 0.0055
  2021H2      24,929 rows     11.8s  mean pd 0.0066
  2022H1      24,889 rows     11.8s  mean pd 0.0080
  2022H2      24,859 rows     11.8s  mean pd 0.0074
  2023H1      24,882 rows     11.8s  mean pd 0.0067
  2023H2      24,866 rows     11.8s  mean pd 0.0063
  repeat 2003H1: largest disagreement 0.00e+00, 0 rows differ

scored rows           : 3,083,739
reference rows        : 150,000
wall                  : 1592s

