tabpfn/20260911: context 50,000 rows read in 1.0s
  reference   50,000 rows    459.0s  mean pd 0.0161
  2016Q3      20,000 rows    332.5s  mean pd 0.0161
  2016Q4      20,000 rows    331.8s  mean pd 0.0157
  2017Q1      20,000 rows    331.6s  mean pd 0.0151
  2017Q2      20,000 rows    329.8s  mean pd 0.0150
  2017Q3      20,000 rows    328.7s  mean pd 0.0156
  2017Q4      20,000 rows    332.1s  mean pd 0.0146
  2018Q1      20,000 rows    331.5s  mean pd 0.0136
  repeat 2016Q3: largest disagreement 0.00e+00, 0 rows differ
tabpfn/20260912: context 50,000 rows read in 0.3s
  reference   50,000 rows    456.8s  mean pd 0.0174
  2016Q3      20,000 rows    328.5s  mean pd 0.0169
  2016Q4      20,000 rows    329.1s  mean pd 0.0163
  2017Q1      20,000 rows    330.0s  mean pd 0.0157
  2017Q2      20,000 rows    330.4s  mean pd 0.0156
  2017Q3      20,000 rows    330.9s  mean pd 0.0166
  2017Q4      20,000 rows    328.2s  mean pd 0.0147
  2018Q1      20,000 rows    331.0s  mean pd 0.0136
  repeat 2016Q3: largest disagreement 0.00e+00, 0 rows differ
tabpfn/20260913: context 50,000 rows read in 0.3s
  reference   50,000 rows    459.0s  mean pd 0.0171
  2016Q3      20,000 rows    331.3s  mean pd 0.0163
  2016Q4      20,000 rows    328.2s  mean pd 0.0157
  2017Q1      20,000 rows    328.2s  mean pd 0.0150
  2017Q2      20,000 rows    329.8s  mean pd 0.0150
  2017Q3      20,000 rows    325.6s  mean pd 0.0157
  2017Q4      20,000 rows    328.1s  mean pd 0.0148
  2018Q1      20,000 rows    326.5s  mean pd 0.0138
  repeat 2016Q3: largest disagreement 0.00e+00, 0 rows differ

scored rows           : 420,000
reference rows        : 150,000
wall                  : 9294s
