### tabpfn-t1@2026-09-13-fm-2006h2e-bundle: /home/node/outoftime-node/.venv/bin/python score_context.py 2026-09-13-fm-2006h2e-bundle --out-dir 2026-09-13-fm-2006h2e-bundle-scored-tabpfn-t1 --models tabpfn --temperature 1.0 --chunk 20000
tabpfn@t1/20260911: context 50,000 rows read in 2.0s
  reference   50,000 rows     37.2s  mean pd 0.0097
  2007H1      23,169 rows     22.8s  mean pd 0.0126
  2007H2      24,367 rows     23.1s  mean pd 0.0141
  2008H1      24,660 rows     23.1s  mean pd 0.0091
  2008H2      24,746 rows     22.9s  mean pd 0.0073
  2009H1      24,844 rows     23.1s  mean pd 0.0034
  2009H2      24,709 rows     23.0s  mean pd 0.0046
  2010H1      24,843 rows     23.1s  mean pd 0.0050
  2010H2      24,683 rows     23.1s  mean pd 0.0040
  2011H1      24,614 rows     23.1s  mean pd 0.0054
  2011H2      24,646 rows     23.0s  mean pd 0.0042
  2012H1      24,306 rows     23.1s  mean pd 0.0063
  2012H2      24,538 rows     23.0s  mean pd 0.0061
  2013H1      24,341 rows     23.2s  mean pd 0.0071
  2013H2      23,974 rows     22.9s  mean pd 0.0084
  2014H1      24,341 rows     23.1s  mean pd 0.0078
  2014H2      24,213 rows     23.1s  mean pd 0.0070
  2015H1      24,159 rows     23.1s  mean pd 0.0059
  2015H2      24,159 rows     23.1s  mean pd 0.0067
  2016H1      24,632 rows     23.1s  mean pd 0.0064
  2016H2      24,760 rows     23.1s  mean pd 0.0057
  2017H1      24,541 rows     23.1s  mean pd 0.0071
  2017H2      24,680 rows     23.1s  mean pd 0.0070
  2018H1      24,416 rows     23.2s  mean pd 0.0071
  2018H2      24,543 rows     23.2s  mean pd 0.0074
  2019H1      24,752 rows     23.1s  mean pd 0.0071
  2019H2      24,861 rows     23.2s  mean pd 0.0060
  2020H1      24,880 rows     23.2s  mean pd 0.0050
  2020H2      24,919 rows     23.3s  mean pd 0.0041
  2021H1      24,909 rows     23.3s  mean pd 0.0049
  2021H2      24,929 rows     23.3s  mean pd 0.0060
  2022H1      24,889 rows     23.1s  mean pd 0.0076
  2022H2      24,859 rows     23.2s  mean pd 0.0078
  2023H1      24,882 rows     23.2s  mean pd 0.0078
  2023H2      24,866 rows     23.2s  mean pd 0.0074
  repeat 2007H1: largest disagreement 0.00e+00, 0 rows differ
tabpfn@t1/20260912: context 50,000 rows read in 0.8s
  reference   50,000 rows     36.8s  mean pd 0.0095
  2007H1      23,169 rows     22.8s  mean pd 0.0126
  2007H2      24,367 rows     23.3s  mean pd 0.0140
  2008H1      24,660 rows     23.2s  mean pd 0.0089
  2008H2      24,746 rows     23.2s  mean pd 0.0072
  2009H1      24,844 rows     23.2s  mean pd 0.0033
  2009H2      24,709 rows     23.3s  mean pd 0.0049
  2010H1      24,843 rows     23.2s  mean pd 0.0056
  2010H2      24,683 rows     23.2s  mean pd 0.0045
  2011H1      24,614 rows     23.1s  mean pd 0.0064
  2011H2      24,646 rows     23.2s  mean pd 0.0049
  2012H1      24,306 rows     23.2s  mean pd 0.0083
  2012H2      24,538 rows     23.2s  mean pd 0.0079
  2013H1      24,341 rows     23.1s  mean pd 0.0088
  2013H2      23,974 rows     22.8s  mean pd 0.0099
  2014H1      24,341 rows     23.1s  mean pd 0.0086
  2014H2      24,213 rows     23.2s  mean pd 0.0073
  2015H1      24,159 rows     23.3s  mean pd 0.0061
  2015H2      24,159 rows     23.4s  mean pd 0.0067
  2016H1      24,632 rows     23.2s  mean pd 0.0064
  2016H2      24,760 rows     23.2s  mean pd 0.0056
  2017H1      24,541 rows     23.2s  mean pd 0.0071
  2017H2      24,680 rows     23.2s  mean pd 0.0069
  2018H1      24,416 rows     23.1s  mean pd 0.0070
  2018H2      24,543 rows     23.2s  mean pd 0.0073
  2019H1      24,752 rows     23.3s  mean pd 0.0069
  2019H2      24,861 rows     23.0s  mean pd 0.0057
  2020H1      24,880 rows     23.0s  mean pd 0.0047
  2020H2      24,919 rows     23.1s  mean pd 0.0039
  2021H1      24,909 rows     23.1s  mean pd 0.0045
  2021H2      24,929 rows     23.1s  mean pd 0.0056
  2022H1      24,889 rows     23.0s  mean pd 0.0071
  2022H2      24,859 rows     23.1s  mean pd 0.0074
  2023H1      24,882 rows     23.2s  mean pd 0.0074
  2023H2      24,866 rows     23.1s  mean pd 0.0071
  repeat 2007H1: largest disagreement 0.00e+00, 0 rows differ
tabpfn@t1/20260913: context 50,000 rows read in 0.8s
  reference   50,000 rows     36.9s  mean pd 0.0091
  2007H1      23,169 rows     22.9s  mean pd 0.0119
  2007H2      24,367 rows     23.2s  mean pd 0.0128
  2008H1      24,660 rows     23.2s  mean pd 0.0084
  2008H2      24,746 rows     23.3s  mean pd 0.0069
  2009H1      24,844 rows     23.2s  mean pd 0.0034
  2009H2      24,709 rows     23.2s  mean pd 0.0047
  2010H1      24,843 rows     23.3s  mean pd 0.0052
  2010H2      24,683 rows     23.1s  mean pd 0.0043
  2011H1      24,614 rows     23.1s  mean pd 0.0057
  2011H2      24,646 rows     23.0s  mean pd 0.0045
  2012H1      24,306 rows     23.1s  mean pd 0.0069
  2012H2      24,538 rows     23.1s  mean pd 0.0067
  2013H1      24,341 rows     23.2s  mean pd 0.0075
  2013H2      23,974 rows     22.9s  mean pd 0.0086
  2014H1      24,341 rows     23.2s  mean pd 0.0079
  2014H2      24,213 rows     23.2s  mean pd 0.0070
  2015H1      24,159 rows     23.3s  mean pd 0.0060
  2015H2      24,159 rows     23.2s  mean pd 0.0066
  2016H1      24,632 rows     23.1s  mean pd 0.0064
  2016H2      24,760 rows     23.2s  mean pd 0.0057
  2017H1      24,541 rows     23.1s  mean pd 0.0070
  2017H2      24,680 rows     23.1s  mean pd 0.0068
  2018H1      24,416 rows     23.1s  mean pd 0.0069
  2018H2      24,543 rows     23.0s  mean pd 0.0071
  2019H1      24,752 rows     23.1s  mean pd 0.0068
  2019H2      24,861 rows     23.2s  mean pd 0.0059
  2020H1      24,880 rows     23.1s  mean pd 0.0050
  2020H2      24,919 rows     23.0s  mean pd 0.0042
  2021H1      24,909 rows     23.0s  mean pd 0.0049
  2021H2      24,929 rows     23.1s  mean pd 0.0058
  2022H1      24,889 rows     23.1s  mean pd 0.0072
  2022H2      24,859 rows     23.1s  mean pd 0.0073
  2023H1      24,882 rows     22.8s  mean pd 0.0072
  2023H2      24,866 rows     22.7s  mean pd 0.0068
  repeat 2007H1: largest disagreement 0.00e+00, 0 rows differ

scored rows           : 2,506,890
reference rows        : 150,000
wall                  : 2553s

