### tabpfn@2026-09-13-fm-2016h2e-bundle: /home/node/outoftime-node/.venv/bin/python score_context.py 2026-09-13-fm-2016h2e-bundle --out-dir 2026-09-13-fm-2016h2e-bundle-scored-tabpfn --models tabpfn --chunk 20000
tabpfn/20260911: context 50,000 rows read in 2.3s
  reference   50,000 rows     39.5s  mean pd 0.0095
  2017H1      24,541 rows     23.8s  mean pd 0.0087
  2017H2      24,680 rows     23.3s  mean pd 0.0087
  2018H1      24,416 rows     23.2s  mean pd 0.0085
  2018H2      24,543 rows     23.1s  mean pd 0.0088
  2019H1      24,752 rows     23.2s  mean pd 0.0085
  2019H2      24,861 rows     23.3s  mean pd 0.0077
  2020H1      24,880 rows     23.2s  mean pd 0.0065
  2020H2      24,919 rows     23.1s  mean pd 0.0054
  2021H1      24,909 rows     23.3s  mean pd 0.0062
  2021H2      24,929 rows     23.1s  mean pd 0.0075
  2022H1      24,889 rows     23.1s  mean pd 0.0086
  2022H2      24,859 rows     22.8s  mean pd 0.0081
  2023H1      24,882 rows     22.6s  mean pd 0.0080
  2023H2      24,866 rows     22.6s  mean pd 0.0074
  repeat 2017H1: largest disagreement 0.00e+00, 0 rows differ
tabpfn/20260912: context 50,000 rows read in 0.8s
  reference   50,000 rows     35.8s  mean pd 0.0097
  2017H1      24,541 rows     22.5s  mean pd 0.0089
  2017H2      24,680 rows     22.5s  mean pd 0.0089
  2018H1      24,416 rows     22.5s  mean pd 0.0088
  2018H2      24,543 rows     22.6s  mean pd 0.0090
  2019H1      24,752 rows     22.6s  mean pd 0.0086
  2019H2      24,861 rows     22.6s  mean pd 0.0079
  2020H1      24,880 rows     22.6s  mean pd 0.0065
  2020H2      24,919 rows     22.7s  mean pd 0.0055
  2021H1      24,909 rows     22.7s  mean pd 0.0062
  2021H2      24,929 rows     22.8s  mean pd 0.0076
  2022H1      24,889 rows     22.7s  mean pd 0.0087
  2022H2      24,859 rows     22.7s  mean pd 0.0081
  2023H1      24,882 rows     22.7s  mean pd 0.0079
  2023H2      24,866 rows     22.7s  mean pd 0.0072
  repeat 2017H1: largest disagreement 0.00e+00, 0 rows differ
tabpfn/20260913: context 50,000 rows read in 0.8s
  reference   50,000 rows     36.1s  mean pd 0.0097
  2017H1      24,541 rows     22.7s  mean pd 0.0081
  2017H2      24,680 rows     22.8s  mean pd 0.0080
  2018H1      24,416 rows     22.8s  mean pd 0.0079
  2018H2      24,543 rows     22.7s  mean pd 0.0082
  2019H1      24,752 rows     22.7s  mean pd 0.0078
  2019H2      24,861 rows     22.8s  mean pd 0.0070
  2020H1      24,880 rows     22.7s  mean pd 0.0057
  2020H2      24,919 rows     22.8s  mean pd 0.0048
  2021H1      24,909 rows     22.9s  mean pd 0.0056
  2021H2      24,929 rows     22.9s  mean pd 0.0070
  2022H1      24,889 rows     22.7s  mean pd 0.0081
  2022H2      24,859 rows     22.8s  mean pd 0.0076
  2023H1      24,882 rows     22.8s  mean pd 0.0073
  2023H2      24,866 rows     22.7s  mean pd 0.0070
  repeat 2017H1: largest disagreement 0.00e+00, 0 rows differ

scored rows           : 1,040,778
reference rows        : 150,000
wall                  : 1151s

