### tabpfn@2026-09-13-fm-2014h2e-bundle: /home/node/outoftime-node/.venv/bin/python score_context.py 2026-09-13-fm-2014h2e-bundle --out-dir 2026-09-13-fm-2014h2e-bundle-scored-tabpfn --models tabpfn --chunk 20000
tabpfn/20260911: context 50,000 rows read in 2.2s
  reference   50,000 rows     37.7s  mean pd 0.0103
  2015H1      24,159 rows     23.0s  mean pd 0.0081
  2015H2      24,159 rows     23.1s  mean pd 0.0089
  2016H1      24,632 rows     23.0s  mean pd 0.0089
  2016H2      24,760 rows     23.0s  mean pd 0.0084
  2017H1      24,541 rows     23.0s  mean pd 0.0101
  2017H2      24,680 rows     22.9s  mean pd 0.0101
  2018H1      24,416 rows     23.0s  mean pd 0.0102
  2018H2      24,543 rows     22.8s  mean pd 0.0105
  2019H1      24,752 rows     22.9s  mean pd 0.0101
  2019H2      24,861 rows     22.9s  mean pd 0.0090
  2020H1      24,880 rows     23.0s  mean pd 0.0073
  2020H2      24,919 rows     22.9s  mean pd 0.0061
  2021H1      24,909 rows     23.0s  mean pd 0.0069
  2021H2      24,929 rows     23.0s  mean pd 0.0083
  2022H1      24,889 rows     22.6s  mean pd 0.0097
  2022H2      24,859 rows     23.0s  mean pd 0.0099
  2023H1      24,882 rows     23.1s  mean pd 0.0101
  2023H2      24,866 rows     23.3s  mean pd 0.0096
  repeat 2015H1: largest disagreement 0.00e+00, 0 rows differ
tabpfn/20260912: context 50,000 rows read in 0.9s
  reference   50,000 rows     37.1s  mean pd 0.0104
  2015H1      24,159 rows     22.9s  mean pd 0.0080
  2015H2      24,159 rows     23.0s  mean pd 0.0088
  2016H1      24,632 rows     22.8s  mean pd 0.0089
  2016H2      24,760 rows     23.0s  mean pd 0.0084
  2017H1      24,541 rows     22.9s  mean pd 0.0100
  2017H2      24,680 rows     22.8s  mean pd 0.0101
  2018H1      24,416 rows     23.0s  mean pd 0.0100
  2018H2      24,543 rows     23.1s  mean pd 0.0102
  2019H1      24,752 rows     22.7s  mean pd 0.0098
  2019H2      24,861 rows     23.2s  mean pd 0.0087
  2020H1      24,880 rows     22.9s  mean pd 0.0071
  2020H2      24,919 rows     22.9s  mean pd 0.0060
  2021H1      24,909 rows     23.2s  mean pd 0.0067
  2021H2      24,929 rows     23.1s  mean pd 0.0081
  2022H1      24,889 rows     23.0s  mean pd 0.0094
  2022H2      24,859 rows     23.1s  mean pd 0.0094
  2023H1      24,882 rows     23.0s  mean pd 0.0093
  2023H2      24,866 rows     23.0s  mean pd 0.0088
  repeat 2015H1: largest disagreement 0.00e+00, 0 rows differ
tabpfn/20260913: context 50,000 rows read in 1.0s
  reference   50,000 rows     36.8s  mean pd 0.0104
  2015H1      24,159 rows     23.0s  mean pd 0.0077
  2015H2      24,159 rows     23.1s  mean pd 0.0083
  2016H1      24,632 rows     22.8s  mean pd 0.0083
  2016H2      24,760 rows     23.2s  mean pd 0.0079
  2017H1      24,541 rows     23.3s  mean pd 0.0092
  2017H2      24,680 rows     23.3s  mean pd 0.0091
  2018H1      24,416 rows     22.8s  mean pd 0.0088
  2018H2      24,543 rows     23.2s  mean pd 0.0090
  2019H1      24,752 rows     22.6s  mean pd 0.0086
  2019H2      24,861 rows     23.0s  mean pd 0.0079
  2020H1      24,880 rows     22.9s  mean pd 0.0065
  2020H2      24,919 rows     22.7s  mean pd 0.0055
  2021H1      24,909 rows     23.1s  mean pd 0.0061
  2021H2      24,929 rows     22.8s  mean pd 0.0074
  2022H1      24,889 rows     23.0s  mean pd 0.0082
  2022H2      24,859 rows     23.1s  mean pd 0.0078
  2023H1      24,882 rows     23.2s  mean pd 0.0076
  2023H2      24,866 rows     22.9s  mean pd 0.0072
  repeat 2015H1: largest disagreement 0.00e+00, 0 rows differ

scored rows           : 1,333,908
reference rows        : 150,000
wall                  : 1438s

