### tabpfn@2026-09-15-fm-2018h2r-bundle-upb-nominal: /home/node/outoftime-node/.venv/bin/python score_context.py 2026-09-15-fm-2018h2r-bundle-upb-nominal --out-dir 2026-09-15-fm-2018h2r-bundle-upb-nominal-scored-tabpfn --models tabpfn --chunk 20000
tabpfn/20260911: context 50,000 rows read in 2.2s
  reference   50,000 rows     37.3s  mean pd 0.0027
  2019H1      24,752 rows     22.9s  mean pd 0.0029
  2019H2      24,861 rows     22.9s  mean pd 0.0024
  2020H1      24,880 rows     22.9s  mean pd 0.0019
  2020H2      24,919 rows     23.0s  mean pd 0.0016
  2021H1      24,909 rows     22.8s  mean pd 0.0018
  2021H2      24,929 rows     22.9s  mean pd 0.0023
  2022H1      24,889 rows     22.8s  mean pd 0.0027
  2022H2      24,859 rows     22.9s  mean pd 0.0029
  2023H1      24,882 rows     22.9s  mean pd 0.0029
  2023H2      24,866 rows     22.9s  mean pd 0.0028
  repeat 2019H1: largest disagreement 0.00e+00, 0 rows differ
tabpfn/20260912: context 50,000 rows read in 0.9s
  reference   50,000 rows     36.3s  mean pd 0.0031
  2019H1      24,752 rows     22.9s  mean pd 0.0034
  2019H2      24,861 rows     22.9s  mean pd 0.0027
  2020H1      24,880 rows     23.1s  mean pd 0.0021
  2020H2      24,919 rows     22.8s  mean pd 0.0018
  2021H1      24,909 rows     23.0s  mean pd 0.0021
  2021H2      24,929 rows     22.8s  mean pd 0.0027
  2022H1      24,889 rows     23.4s  mean pd 0.0032
  2022H2      24,859 rows     23.0s  mean pd 0.0033
  2023H1      24,882 rows     23.0s  mean pd 0.0035
  2023H2      24,866 rows     23.0s  mean pd 0.0034
  repeat 2019H1: largest disagreement 0.00e+00, 0 rows differ
tabpfn/20260913: context 50,000 rows read in 0.8s
  reference   50,000 rows     36.3s  mean pd 0.0029
  2019H1      24,752 rows     23.2s  mean pd 0.0031
  2019H2      24,861 rows     23.0s  mean pd 0.0027
  2020H1      24,880 rows     22.9s  mean pd 0.0022
  2020H2      24,919 rows     23.0s  mean pd 0.0019
  2021H1      24,909 rows     22.9s  mean pd 0.0022
  2021H2      24,929 rows     23.0s  mean pd 0.0027
  2022H1      24,889 rows     22.9s  mean pd 0.0031
  2022H2      24,859 rows     23.0s  mean pd 0.0031
  2023H1      24,882 rows     23.0s  mean pd 0.0031
  2023H2      24,866 rows     22.9s  mean pd 0.0030
  repeat 2019H1: largest disagreement 0.00e+00, 0 rows differ

scored rows           : 746,238
reference rows        : 150,000
wall                  : 879s
