### tabicl@2026-09-12-lc-2016h1r-bundle: python score_context.py 2026-09-12-lc-2016h1r-bundle --out-dir 2026-09-12-lc-2016h1r-bundle-scored-tabicl --models tabicl --chunk 20000
tabicl/20260911: context 50,000 rows read in 2.6s
  reference   50,000 rows    205.9s  mean pd 0.0188
  2016Q3      20,000 rows     71.3s  mean pd 0.0186
  2016Q4      20,000 rows     71.6s  mean pd 0.0179
  2017Q1      20,000 rows     71.5s  mean pd 0.0171
  2017Q2      20,000 rows     71.7s  mean pd 0.0169
  2017Q3      20,000 rows     71.6s  mean pd 0.0178
  2017Q4      20,000 rows     71.1s  mean pd 0.0164
  2018Q1      20,000 rows     71.5s  mean pd 0.0151
  repeat 2016Q3: largest disagreement 0.00e+00, 0 rows differ
tabicl/20260912: context 50,000 rows read in 1.5s
  reference   50,000 rows    202.7s  mean pd 0.0193
  2016Q3      20,000 rows     71.3s  mean pd 0.0201
  2016Q4      20,000 rows     70.7s  mean pd 0.0194
  2017Q1      20,000 rows     71.1s  mean pd 0.0186
  2017Q2      20,000 rows     70.7s  mean pd 0.0184
  2017Q3      20,000 rows     70.7s  mean pd 0.0193
  2017Q4      20,000 rows     71.0s  mean pd 0.0177
  2018Q1      20,000 rows     71.4s  mean pd 0.0164
  repeat 2016Q3: largest disagreement 0.00e+00, 0 rows differ
tabicl/20260913: context 50,000 rows read in 1.4s
  reference   50,000 rows    205.0s  mean pd 0.0188
  2016Q3      20,000 rows     71.2s  mean pd 0.0196
  2016Q4      20,000 rows     72.0s  mean pd 0.0191
  2017Q1      20,000 rows     71.9s  mean pd 0.0183
  2017Q2      20,000 rows     71.6s  mean pd 0.0181
  2017Q3      20,000 rows     71.7s  mean pd 0.0189
  2017Q4      20,000 rows     71.4s  mean pd 0.0174
  2018Q1      20,000 rows     70.5s  mean pd 0.0161
  repeat 2016Q3: largest disagreement 0.00e+00, 0 rows differ

scored rows           : 420,000
reference rows        : 150,000
wall                  : 2345s

