### tabpfn@2026-09-15-fm-2018h2e-bundle-upb-nominal: /home/node/outoftime-node/.venv/bin/python score_context.py 2026-09-15-fm-2018h2e-bundle-upb-nominal --out-dir 2026-09-15-fm-2018h2e-bundle-upb-nominal-scored-tabpfn --models tabpfn --chunk 20000
tabpfn/20260911: context 50,000 rows read in 2.1s
  reference   50,000 rows     36.9s  mean pd 0.0081
  2019H1      24,752 rows     22.6s  mean pd 0.0078
  2019H2      24,861 rows     22.9s  mean pd 0.0069
  2020H1      24,880 rows     22.7s  mean pd 0.0056
  2020H2      24,919 rows     22.8s  mean pd 0.0047
  2021H1      24,909 rows     22.8s  mean pd 0.0055
  2021H2      24,929 rows     22.8s  mean pd 0.0070
  2022H1      24,889 rows     22.6s  mean pd 0.0087
  2022H2      24,859 rows     23.2s  mean pd 0.0084
  2023H1      24,882 rows     22.8s  mean pd 0.0089
  2023H2      24,866 rows     22.6s  mean pd 0.0084
  repeat 2019H1: largest disagreement 0.00e+00, 0 rows differ
tabpfn/20260912: context 50,000 rows read in 0.8s
  reference   50,000 rows     36.3s  mean pd 0.0086
  2019H1      24,752 rows     22.8s  mean pd 0.0085
  2019H2      24,861 rows     22.8s  mean pd 0.0078
  2020H1      24,880 rows     22.8s  mean pd 0.0066
  2020H2      24,919 rows     22.8s  mean pd 0.0057
  2021H1      24,909 rows     22.9s  mean pd 0.0065
  2021H2      24,929 rows     22.8s  mean pd 0.0079
  2022H1      24,889 rows     22.9s  mean pd 0.0094
  2022H2      24,859 rows     22.8s  mean pd 0.0092
  2023H1      24,882 rows     22.8s  mean pd 0.0095
  2023H2      24,866 rows     22.8s  mean pd 0.0090
  repeat 2019H1: largest disagreement 0.00e+00, 0 rows differ
tabpfn/20260913: context 50,000 rows read in 0.8s
  reference   50,000 rows     36.2s  mean pd 0.0088
  2019H1      24,752 rows     22.8s  mean pd 0.0085
  2019H2      24,861 rows     22.8s  mean pd 0.0075
  2020H1      24,880 rows     22.8s  mean pd 0.0062
  2020H2      24,919 rows     22.7s  mean pd 0.0053
  2021H1      24,909 rows     23.3s  mean pd 0.0060
  2021H2      24,929 rows     22.9s  mean pd 0.0073
  2022H1      24,889 rows     22.9s  mean pd 0.0087
  2022H2      24,859 rows     22.9s  mean pd 0.0089
  2023H1      24,882 rows     22.9s  mean pd 0.0097
  2023H2      24,866 rows     22.9s  mean pd 0.0092
  repeat 2019H1: largest disagreement 0.00e+00, 0 rows differ

scored rows           : 746,238
reference rows        : 150,000
wall                  : 875s

