### tabicl@2026-09-06-lc-2013h2e-bundle: python score_context.py 2026-09-06-lc-2013h2e-bundle --out-dir 2026-09-06-lc-2013h2e-bundle-scored-tabicl --models tabicl --chunk 20000
tabicl/20260911: context 50,000 rows read in 3.3s
  reference   50,000 rows    211.3s  mean pd 0.0179
  2014Q1      20,000 rows     73.6s  mean pd 0.0220
  2014Q2      20,000 rows     73.8s  mean pd 0.0234
  2014Q3      20,000 rows     73.8s  mean pd 0.0235
  2014Q4      20,000 rows     73.7s  mean pd 0.0219
  2015Q1      20,000 rows     73.8s  mean pd 0.0217
  2015Q2      20,000 rows     73.8s  mean pd 0.0219
  2015Q3      20,000 rows     73.7s  mean pd 0.0215
  2015Q4      20,000 rows     73.8s  mean pd 0.0207
  2016Q1      20,000 rows     73.8s  mean pd 0.0208
  2016Q2      20,000 rows     73.9s  mean pd 0.0212
  2016Q3      20,000 rows     73.7s  mean pd 0.0218
  2016Q4      20,000 rows     73.7s  mean pd 0.0213
  2017Q1      20,000 rows     73.8s  mean pd 0.0204
  2017Q2      20,000 rows     73.7s  mean pd 0.0205
  2017Q3      20,000 rows     73.6s  mean pd 0.0214
  2017Q4      20,000 rows     73.8s  mean pd 0.0210
  2018Q1      20,000 rows     73.7s  mean pd 0.0202
  repeat 2014Q1: largest disagreement 0.00e+00, 0 rows differ
tabicl/20260912: context 50,000 rows read in 1.9s
  reference   50,000 rows    210.9s  mean pd 0.0180
  2014Q1      20,000 rows     73.6s  mean pd 0.0213
  2014Q2      20,000 rows     73.6s  mean pd 0.0224
  2014Q3      20,000 rows     73.7s  mean pd 0.0224
  2014Q4      20,000 rows     73.8s  mean pd 0.0212
  2015Q1      20,000 rows     73.6s  mean pd 0.0212
  2015Q2      20,000 rows     73.9s  mean pd 0.0212
  2015Q3      20,000 rows     73.7s  mean pd 0.0207
  2015Q4      20,000 rows     73.6s  mean pd 0.0203
  2016Q1      20,000 rows     73.4s  mean pd 0.0202
  2016Q2      20,000 rows     73.8s  mean pd 0.0205
  2016Q3      20,000 rows     73.9s  mean pd 0.0210
  2016Q4      20,000 rows     73.8s  mean pd 0.0206
  2017Q1      20,000 rows     73.7s  mean pd 0.0198
  2017Q2      20,000 rows     73.7s  mean pd 0.0200
  2017Q3      20,000 rows     73.8s  mean pd 0.0208
  2017Q4      20,000 rows     73.7s  mean pd 0.0206
  2018Q1      20,000 rows     73.8s  mean pd 0.0199
  repeat 2014Q1: largest disagreement 0.00e+00, 0 rows differ
tabicl/20260913: context 50,000 rows read in 1.9s
  reference   50,000 rows    211.3s  mean pd 0.0179
  2014Q1      20,000 rows     73.9s  mean pd 0.0208
  2014Q2      20,000 rows     73.8s  mean pd 0.0221
  2014Q3      20,000 rows     73.9s  mean pd 0.0218
  2014Q4      20,000 rows     73.7s  mean pd 0.0205
  2015Q1      20,000 rows     73.7s  mean pd 0.0204
  2015Q2      20,000 rows     73.8s  mean pd 0.0205
  2015Q3      20,000 rows     73.8s  mean pd 0.0200
  2015Q4      20,000 rows     73.8s  mean pd 0.0196
  2016Q1      20,000 rows     73.8s  mean pd 0.0195
  2016Q2      20,000 rows     73.8s  mean pd 0.0197
  2016Q3      20,000 rows     73.7s  mean pd 0.0204
  2016Q4      20,000 rows     73.8s  mean pd 0.0199
  2017Q1      20,000 rows     74.1s  mean pd 0.0192
  2017Q2      20,000 rows     73.9s  mean pd 0.0193
  2017Q3      20,000 rows     73.9s  mean pd 0.0202
  2017Q4      20,000 rows     73.8s  mean pd 0.0203
  2018Q1      20,000 rows     73.8s  mean pd 0.0198
  repeat 2014Q1: largest disagreement 0.00e+00, 0 rows differ

scored rows           : 1,020,000
reference rows        : 150,000
wall                  : 4640s

