### tabpfn-t1@2026-09-13-fm-2012h2e-bundle: /home/node/outoftime-node/.venv/bin/python score_context.py 2026-09-13-fm-2012h2e-bundle --out-dir 2026-09-13-fm-2012h2e-bundle-scored-tabpfn-t1 --models tabpfn --temperature 1.0 --chunk 20000
tabpfn@t1/20260911: context 50,000 rows read in 1.9s
  reference   50,000 rows     36.6s  mean pd 0.0152
  2013H1      24,341 rows     22.7s  mean pd 0.0172
  2013H2      23,974 rows     22.4s  mean pd 0.0184
  2014H1      24,341 rows     22.7s  mean pd 0.0160
  2014H2      24,213 rows     22.6s  mean pd 0.0139
  2015H1      24,159 rows     22.6s  mean pd 0.0121
  2015H2      24,159 rows     22.7s  mean pd 0.0129
  2016H1      24,632 rows     22.7s  mean pd 0.0128
  2016H2      24,760 rows     22.7s  mean pd 0.0119
  2017H1      24,541 rows     22.7s  mean pd 0.0142
  2017H2      24,680 rows     22.7s  mean pd 0.0139
  2018H1      24,416 rows     22.7s  mean pd 0.0137
  2018H2      24,543 rows     22.8s  mean pd 0.0140
  2019H1      24,752 rows     22.7s  mean pd 0.0136
  2019H2      24,861 rows     22.7s  mean pd 0.0122
  2020H1      24,880 rows     22.7s  mean pd 0.0099
  2020H2      24,919 rows     22.8s  mean pd 0.0084
  2021H1      24,909 rows     22.7s  mean pd 0.0093
  2021H2      24,929 rows     22.7s  mean pd 0.0114
  2022H1      24,889 rows     22.7s  mean pd 0.0131
  2022H2      24,859 rows     22.7s  mean pd 0.0129
  2023H1      24,882 rows     22.6s  mean pd 0.0127
  2023H2      24,866 rows     22.7s  mean pd 0.0118
  repeat 2013H1: largest disagreement 0.00e+00, 0 rows differ
tabpfn@t1/20260912: context 50,000 rows read in 0.9s
  reference   50,000 rows     36.1s  mean pd 0.0165
  2013H1      24,341 rows     22.6s  mean pd 0.0177
  2013H2      23,974 rows     22.5s  mean pd 0.0193
  2014H1      24,341 rows     22.7s  mean pd 0.0172
  2014H2      24,213 rows     22.9s  mean pd 0.0154
  2015H1      24,159 rows     22.8s  mean pd 0.0136
  2015H2      24,159 rows     22.7s  mean pd 0.0147
  2016H1      24,632 rows     22.8s  mean pd 0.0145
  2016H2      24,760 rows     23.0s  mean pd 0.0136
  2017H1      24,541 rows     23.0s  mean pd 0.0159
  2017H2      24,680 rows     23.0s  mean pd 0.0157
  2018H1      24,416 rows     23.2s  mean pd 0.0156
  2018H2      24,543 rows     23.3s  mean pd 0.0160
  2019H1      24,752 rows     23.2s  mean pd 0.0155
  2019H2      24,861 rows     23.0s  mean pd 0.0142
  2020H1      24,880 rows     23.2s  mean pd 0.0119
  2020H2      24,919 rows     22.9s  mean pd 0.0102
  2021H1      24,909 rows     23.2s  mean pd 0.0112
  2021H2      24,929 rows     23.2s  mean pd 0.0132
  2022H1      24,889 rows     22.8s  mean pd 0.0151
  2022H2      24,859 rows     23.3s  mean pd 0.0150
  2023H1      24,882 rows     23.2s  mean pd 0.0148
  2023H2      24,866 rows     23.0s  mean pd 0.0137
  repeat 2013H1: largest disagreement 0.00e+00, 0 rows differ
tabpfn@t1/20260913: context 50,000 rows read in 0.8s
  reference   50,000 rows     37.2s  mean pd 0.0160
  2013H1      24,341 rows     22.9s  mean pd 0.0148
  2013H2      23,974 rows     23.1s  mean pd 0.0165
  2014H1      24,341 rows     23.3s  mean pd 0.0154
  2014H2      24,213 rows     23.4s  mean pd 0.0142
  2015H1      24,159 rows     23.3s  mean pd 0.0128
  2015H2      24,159 rows     23.5s  mean pd 0.0137
  2016H1      24,632 rows     23.1s  mean pd 0.0138
  2016H2      24,760 rows     23.3s  mean pd 0.0132
  2017H1      24,541 rows     23.0s  mean pd 0.0151
  2017H2      24,680 rows     23.0s  mean pd 0.0152
  2018H1      24,416 rows     23.2s  mean pd 0.0151
  2018H2      24,543 rows     23.4s  mean pd 0.0155
  2019H1      24,752 rows     23.1s  mean pd 0.0151
  2019H2      24,861 rows     23.2s  mean pd 0.0138
  2020H1      24,880 rows     23.4s  mean pd 0.0115
  2020H2      24,919 rows     23.3s  mean pd 0.0100
  2021H1      24,909 rows     23.3s  mean pd 0.0108
  2021H2      24,929 rows     23.2s  mean pd 0.0128
  2022H1      24,889 rows     22.9s  mean pd 0.0146
  2022H2      24,859 rows     23.1s  mean pd 0.0149
  2023H1      24,882 rows     23.1s  mean pd 0.0147
  2023H2      24,866 rows     23.2s  mean pd 0.0136
  repeat 2013H1: largest disagreement 0.00e+00, 0 rows differ

scored rows           : 1,624,515
reference rows        : 150,000
wall                  : 1707s

