tabpfn/20260911: context 50,000 rows read in 1.3s
  reference   50,000 rows    445.5s  mean pd 0.0176
  2017Q1      20,000 rows    318.3s  mean pd 0.0172
  2017Q2      20,000 rows    313.2s  mean pd 0.0171
  2017Q3      20,000 rows    315.7s  mean pd 0.0178
  2017Q4      20,000 rows    321.2s  mean pd 0.0168
  2018Q1      20,000 rows    321.9s  mean pd 0.0160
  repeat 2017Q1: largest disagreement 0.00e+00, 0 rows differ
tabpfn/20260912: context 50,000 rows read in 0.3s
  reference   50,000 rows    448.8s  mean pd 0.0171
  2017Q1      20,000 rows    320.0s  mean pd 0.0165
  2017Q2      20,000 rows    318.2s  mean pd 0.0165
  2017Q3      20,000 rows    313.6s  mean pd 0.0171
  2017Q4      20,000 rows    314.2s  mean pd 0.0159
  2018Q1      20,000 rows    321.0s  mean pd 0.0149
  repeat 2017Q1: largest disagreement 0.00e+00, 0 rows differ
tabpfn/20260913: context 50,000 rows read in 0.3s
  reference   50,000 rows    449.3s  mean pd 0.0178
  2017Q1      20,000 rows    323.7s  mean pd 0.0175
  2017Q2      20,000 rows    321.0s  mean pd 0.0173
  2017Q3      20,000 rows    318.9s  mean pd 0.0182
  2017Q4      20,000 rows    315.2s  mean pd 0.0172
  2018Q1      20,000 rows    313.7s  mean pd 0.0164
  repeat 2017Q1: largest disagreement 0.00e+00, 0 rows differ

scored rows           : 300,000
reference rows        : 150,000
wall                  : 7086s
