tabpfn/20260911: context 31,016 rows read in 1.7s
  reference   31,016 rows    170.4s  mean pd 0.0199
  2013Q3      20,000 rows    140.2s  mean pd 0.0233
  2013Q4      20,000 rows    140.2s  mean pd 0.0212
  2014Q1      20,000 rows    140.2s  mean pd 0.0227
  2014Q2      20,000 rows    140.3s  mean pd 0.0240
  2014Q3      20,000 rows    140.3s  mean pd 0.0245
  2014Q4      20,000 rows    140.4s  mean pd 0.0228
  2015Q1      20,000 rows    140.4s  mean pd 0.0224
  2015Q2      20,000 rows    140.4s  mean pd 0.0226
  2015Q3      20,000 rows    140.4s  mean pd 0.0219
  2015Q4      20,000 rows    140.4s  mean pd 0.0210
  2016Q1      20,000 rows    140.6s  mean pd 0.0210
  2016Q2      20,000 rows    140.4s  mean pd 0.0213
  2016Q3      20,000 rows    140.4s  mean pd 0.0220
  2016Q4      20,000 rows    140.5s  mean pd 0.0215
  2017Q1      20,000 rows    140.4s  mean pd 0.0204
  2017Q2      20,000 rows    140.4s  mean pd 0.0207
  2017Q3      20,000 rows    140.4s  mean pd 0.0219
  2017Q4      20,000 rows    140.4s  mean pd 0.0212
  2018Q1      20,000 rows    140.2s  mean pd 0.0202
  repeat 2013Q3: largest disagreement 0.00e+00, 0 rows differ
tabpfn/20260912: context 31,016 rows read in 0.3s
  reference   31,016 rows    169.6s  mean pd 0.0199
  2013Q3      20,000 rows    140.3s  mean pd 0.0233
  2013Q4      20,000 rows    140.3s  mean pd 0.0212
  2014Q1      20,000 rows    140.2s  mean pd 0.0227
  2014Q2      20,000 rows    140.2s  mean pd 0.0240
  2014Q3      20,000 rows    140.2s  mean pd 0.0245
  2014Q4      20,000 rows    140.2s  mean pd 0.0228
  2015Q1      20,000 rows    140.5s  mean pd 0.0224
  2015Q2      20,000 rows    140.2s  mean pd 0.0226
  2015Q3      20,000 rows    140.3s  mean pd 0.0219
  2015Q4      20,000 rows    140.2s  mean pd 0.0210
  2016Q1      20,000 rows    140.2s  mean pd 0.0210
  2016Q2      20,000 rows    140.2s  mean pd 0.0213
  2016Q3      20,000 rows    140.3s  mean pd 0.0220
  2016Q4      20,000 rows    140.3s  mean pd 0.0215
  2017Q1      20,000 rows    140.4s  mean pd 0.0204
  2017Q2      20,000 rows    140.3s  mean pd 0.0207
  2017Q3      20,000 rows    140.3s  mean pd 0.0219
  2017Q4      20,000 rows    140.3s  mean pd 0.0212
  2018Q1      20,000 rows    140.5s  mean pd 0.0202
  repeat 2013Q3: largest disagreement 0.00e+00, 0 rows differ
tabpfn/20260913: context 31,016 rows read in 0.3s
  reference   31,016 rows    169.7s  mean pd 0.0199
  2013Q3      20,000 rows    140.3s  mean pd 0.0233
  2013Q4      20,000 rows    140.3s  mean pd 0.0212
  2014Q1      20,000 rows    140.4s  mean pd 0.0227
  2014Q2      20,000 rows    140.2s  mean pd 0.0240
  2014Q3      20,000 rows    140.3s  mean pd 0.0245
  2014Q4      20,000 rows    140.2s  mean pd 0.0228
  2015Q1      20,000 rows    140.2s  mean pd 0.0224
  2015Q2      20,000 rows    140.2s  mean pd 0.0226
  2015Q3      20,000 rows    140.2s  mean pd 0.0219
  2015Q4      20,000 rows    140.2s  mean pd 0.0210
  2016Q1      20,000 rows    140.3s  mean pd 0.0210
  2016Q2      20,000 rows    140.2s  mean pd 0.0213
  2016Q3      20,000 rows    140.2s  mean pd 0.0220
  2016Q4      20,000 rows    140.4s  mean pd 0.0215
  2017Q1      20,000 rows    140.2s  mean pd 0.0204
  2017Q2      20,000 rows    140.2s  mean pd 0.0207
  2017Q3      20,000 rows    140.2s  mean pd 0.0219
  2017Q4      20,000 rows    140.3s  mean pd 0.0212
  2018Q1      20,000 rows    140.3s  mean pd 0.0202
  repeat 2013Q3: largest disagreement 0.00e+00, 0 rows differ

scored rows           : 1,140,000
reference rows        : 93,048
wall                  : 8935s
