### tabicl@2026-09-12-lc-2013h1r-bundle: python score_context.py 2026-09-12-lc-2013h1r-bundle --out-dir 2026-09-12-lc-2013h1r-bundle-scored-tabicl --models tabicl --chunk 20000
tabicl/20260911: context 31,016 rows read in 2.2s
  reference   31,016 rows     65.9s  mean pd 0.0195
  2013Q3      20,000 rows     35.9s  mean pd 0.0269
  2013Q4      20,000 rows     36.1s  mean pd 0.0251
  2014Q1      20,000 rows     36.2s  mean pd 0.0270
  2014Q2      20,000 rows     36.0s  mean pd 0.0286
  2014Q3      20,000 rows     36.0s  mean pd 0.0294
  2014Q4      20,000 rows     36.0s  mean pd 0.0288
  2015Q1      20,000 rows     36.1s  mean pd 0.0283
  2015Q2      20,000 rows     36.0s  mean pd 0.0283
  2015Q3      20,000 rows     36.0s  mean pd 0.0274
  2015Q4      20,000 rows     36.1s  mean pd 0.0266
  2016Q1      20,000 rows     36.1s  mean pd 0.0270
  2016Q2      20,000 rows     36.0s  mean pd 0.0274
  2016Q3      20,000 rows     36.0s  mean pd 0.0272
  2016Q4      20,000 rows     36.0s  mean pd 0.0269
  2017Q1      20,000 rows     36.1s  mean pd 0.0259
  2017Q2      20,000 rows     36.0s  mean pd 0.0261
  2017Q3      20,000 rows     36.0s  mean pd 0.0276
  2017Q4      20,000 rows     36.0s  mean pd 0.0275
  2018Q1      20,000 rows     36.1s  mean pd 0.0263
  repeat 2013Q3: largest disagreement 0.00e+00, 0 rows differ
tabicl/20260912: context 31,016 rows read in 1.2s
  reference   31,016 rows     65.9s  mean pd 0.0195
  2013Q3      20,000 rows     36.0s  mean pd 0.0269
  2013Q4      20,000 rows     36.0s  mean pd 0.0251
  2014Q1      20,000 rows     36.1s  mean pd 0.0270
  2014Q2      20,000 rows     36.0s  mean pd 0.0286
  2014Q3      20,000 rows     36.0s  mean pd 0.0294
  2014Q4      20,000 rows     36.0s  mean pd 0.0288
  2015Q1      20,000 rows     36.0s  mean pd 0.0283
  2015Q2      20,000 rows     36.0s  mean pd 0.0283
  2015Q3      20,000 rows     36.0s  mean pd 0.0274
  2015Q4      20,000 rows     36.1s  mean pd 0.0266
  2016Q1      20,000 rows     36.0s  mean pd 0.0270
  2016Q2      20,000 rows     36.0s  mean pd 0.0274
  2016Q3      20,000 rows     36.0s  mean pd 0.0272
  2016Q4      20,000 rows     36.1s  mean pd 0.0269
  2017Q1      20,000 rows     35.9s  mean pd 0.0259
  2017Q2      20,000 rows     36.1s  mean pd 0.0261
  2017Q3      20,000 rows     36.1s  mean pd 0.0276
  2017Q4      20,000 rows     36.0s  mean pd 0.0275
  2018Q1      20,000 rows     35.9s  mean pd 0.0263
  repeat 2013Q3: largest disagreement 0.00e+00, 0 rows differ
tabicl/20260913: context 31,016 rows read in 1.1s
  reference   31,016 rows     65.8s  mean pd 0.0195
  2013Q3      20,000 rows     36.0s  mean pd 0.0269
  2013Q4      20,000 rows     36.1s  mean pd 0.0251
  2014Q1      20,000 rows     36.0s  mean pd 0.0270
  2014Q2      20,000 rows     36.0s  mean pd 0.0286
  2014Q3      20,000 rows     36.0s  mean pd 0.0294
  2014Q4      20,000 rows     35.9s  mean pd 0.0288
  2015Q1      20,000 rows     36.0s  mean pd 0.0283
  2015Q2      20,000 rows     36.1s  mean pd 0.0283
  2015Q3      20,000 rows     36.0s  mean pd 0.0274
  2015Q4      20,000 rows     36.0s  mean pd 0.0266
  2016Q1      20,000 rows     36.0s  mean pd 0.0270
  2016Q2      20,000 rows     36.1s  mean pd 0.0274
  2016Q3      20,000 rows     36.0s  mean pd 0.0272
  2016Q4      20,000 rows     36.1s  mean pd 0.0269
  2017Q1      20,000 rows     36.0s  mean pd 0.0259
  2017Q2      20,000 rows     36.0s  mean pd 0.0261
  2017Q3      20,000 rows     36.0s  mean pd 0.0276
  2017Q4      20,000 rows     36.1s  mean pd 0.0275
  2018Q1      20,000 rows     36.0s  mean pd 0.0263
  repeat 2013Q3: largest disagreement 0.00e+00, 0 rows differ

scored rows           : 1,140,000
reference rows        : 93,048
wall                  : 2381s

