### tabicl@2026-09-13-fm-2014h2e-bundle: /home/node/outoftime-node/.venv/bin/python score_context.py 2026-09-13-fm-2014h2e-bundle --out-dir 2026-09-13-fm-2014h2e-bundle-scored-tabicl --models tabicl --chunk 20000
tabicl/20260911: context 50,000 rows read in 2.1s
  reference   50,000 rows     19.3s  mean pd 0.0104
  2015H1      24,159 rows     11.8s  mean pd 0.0083
  2015H2      24,159 rows     11.8s  mean pd 0.0092
  2016H1      24,632 rows     11.8s  mean pd 0.0092
  2016H2      24,760 rows     11.8s  mean pd 0.0087
  2017H1      24,541 rows     11.8s  mean pd 0.0104
  2017H2      24,680 rows     11.8s  mean pd 0.0104
  2018H1      24,416 rows     11.8s  mean pd 0.0105
  2018H2      24,543 rows     11.8s  mean pd 0.0108
  2019H1      24,752 rows     11.8s  mean pd 0.0104
  2019H2      24,861 rows     12.0s  mean pd 0.0092
  2020H1      24,880 rows     12.0s  mean pd 0.0074
  2020H2      24,919 rows     11.8s  mean pd 0.0062
  2021H1      24,909 rows     11.8s  mean pd 0.0071
  2021H2      24,929 rows     11.8s  mean pd 0.0086
  2022H1      24,889 rows     11.8s  mean pd 0.0101
  2022H2      24,859 rows     11.8s  mean pd 0.0103
  2023H1      24,882 rows     11.8s  mean pd 0.0105
  2023H2      24,866 rows     11.8s  mean pd 0.0099
  repeat 2015H1: largest disagreement 0.00e+00, 0 rows differ
tabicl/20260912: context 50,000 rows read in 1.1s
  reference   50,000 rows     18.8s  mean pd 0.0103
  2015H1      24,159 rows     11.7s  mean pd 0.0082
  2015H2      24,159 rows     11.7s  mean pd 0.0091
  2016H1      24,632 rows     11.8s  mean pd 0.0091
  2016H2      24,760 rows     11.8s  mean pd 0.0086
  2017H1      24,541 rows     11.8s  mean pd 0.0103
  2017H2      24,680 rows     11.8s  mean pd 0.0102
  2018H1      24,416 rows     11.7s  mean pd 0.0102
  2018H2      24,543 rows     11.7s  mean pd 0.0105
  2019H1      24,752 rows     11.8s  mean pd 0.0100
  2019H2      24,861 rows     11.8s  mean pd 0.0089
  2020H1      24,880 rows     11.8s  mean pd 0.0072
  2020H2      24,919 rows     11.8s  mean pd 0.0061
  2021H1      24,909 rows     11.8s  mean pd 0.0069
  2021H2      24,929 rows     11.8s  mean pd 0.0084
  2022H1      24,889 rows     11.8s  mean pd 0.0098
  2022H2      24,859 rows     11.8s  mean pd 0.0100
  2023H1      24,882 rows     11.8s  mean pd 0.0100
  2023H2      24,866 rows     11.8s  mean pd 0.0093
  repeat 2015H1: largest disagreement 0.00e+00, 0 rows differ
tabicl/20260913: context 50,000 rows read in 1.0s
  reference   50,000 rows     18.8s  mean pd 0.0104
  2015H1      24,159 rows     11.7s  mean pd 0.0080
  2015H2      24,159 rows     11.7s  mean pd 0.0086
  2016H1      24,632 rows     11.7s  mean pd 0.0086
  2016H2      24,760 rows     11.8s  mean pd 0.0082
  2017H1      24,541 rows     11.8s  mean pd 0.0095
  2017H2      24,680 rows     11.8s  mean pd 0.0094
  2018H1      24,416 rows     11.8s  mean pd 0.0092
  2018H2      24,543 rows     11.7s  mean pd 0.0094
  2019H1      24,752 rows     11.8s  mean pd 0.0091
  2019H2      24,861 rows     11.8s  mean pd 0.0083
  2020H1      24,880 rows     11.8s  mean pd 0.0068
  2020H2      24,919 rows     11.8s  mean pd 0.0058
  2021H1      24,909 rows     11.8s  mean pd 0.0064
  2021H2      24,929 rows     11.8s  mean pd 0.0077
  2022H1      24,889 rows     11.8s  mean pd 0.0087
  2022H2      24,859 rows     11.8s  mean pd 0.0086
  2023H1      24,882 rows     11.8s  mean pd 0.0084
  2023H2      24,866 rows     11.8s  mean pd 0.0079
  repeat 2015H1: largest disagreement 0.00e+00, 0 rows differ

scored rows           : 1,333,908
reference rows        : 150,000
wall                  : 744s

