tabpfn/20260911: context 50,000 rows read in 1.2s
  reference   50,000 rows    443.7s  mean pd 0.0177
  2014Q1      20,000 rows    329.0s  mean pd 0.0191
  2014Q2      20,000 rows    334.8s  mean pd 0.0203
  2014Q3      20,000 rows    332.6s  mean pd 0.0202
  2014Q4      20,000 rows    326.4s  mean pd 0.0188
  2015Q1      20,000 rows    321.3s  mean pd 0.0185
  2015Q2      20,000 rows    320.5s  mean pd 0.0187
  2015Q3      20,000 rows    319.6s  mean pd 0.0184
  2015Q4      20,000 rows    320.0s  mean pd 0.0177
  2016Q1      20,000 rows    321.5s  mean pd 0.0177
  2016Q2      20,000 rows    330.7s  mean pd 0.0180
  2016Q3      20,000 rows    338.0s  mean pd 0.0187
  2016Q4      20,000 rows    341.5s  mean pd 0.0182
  2017Q1      20,000 rows    335.1s  mean pd 0.0175
  2017Q2      20,000 rows    328.2s  mean pd 0.0176
  2017Q3      20,000 rows    327.6s  mean pd 0.0183
  2017Q4      20,000 rows    323.8s  mean pd 0.0178
  2018Q1      20,000 rows    319.5s  mean pd 0.0171
  repeat 2014Q1: largest disagreement 0.00e+00, 0 rows differ
tabpfn/20260912: context 50,000 rows read in 0.4s
  reference   50,000 rows    449.3s  mean pd 0.0177
  2014Q1      20,000 rows    325.5s  mean pd 0.0191
  2014Q2      20,000 rows    327.1s  mean pd 0.0200
  2014Q3      20,000 rows    335.7s  mean pd 0.0200
  2014Q4      20,000 rows    332.5s  mean pd 0.0188
  2015Q1      20,000 rows    329.3s  mean pd 0.0186
  2015Q2      20,000 rows    327.8s  mean pd 0.0187
  2015Q3      20,000 rows    325.4s  mean pd 0.0184
  2015Q4      20,000 rows    323.8s  mean pd 0.0179
  2016Q1      20,000 rows    322.6s  mean pd 0.0178
  2016Q2      20,000 rows    328.9s  mean pd 0.0180
  2016Q3      20,000 rows    335.6s  mean pd 0.0186
  2016Q4      20,000 rows    335.8s  mean pd 0.0182
  2017Q1      20,000 rows    332.1s  mean pd 0.0174
  2017Q2      20,000 rows    325.0s  mean pd 0.0175
  2017Q3      20,000 rows    323.2s  mean pd 0.0183
  2017Q4      20,000 rows    321.1s  mean pd 0.0179
  2018Q1      20,000 rows    317.1s  mean pd 0.0173
  repeat 2014Q1: largest disagreement 0.00e+00, 0 rows differ
tabpfn/20260913: context 50,000 rows read in 0.4s
  reference   50,000 rows    452.5s  mean pd 0.0177
  2014Q1      20,000 rows    324.0s  mean pd 0.0184
  2014Q2      20,000 rows    322.5s  mean pd 0.0195
  2014Q3      20,000 rows    318.8s  mean pd 0.0191
  2014Q4      20,000 rows    315.9s  mean pd 0.0179
  2015Q1      20,000 rows    312.3s  mean pd 0.0177
  2015Q2      20,000 rows    325.9s  mean pd 0.0178
  2015Q3      20,000 rows    322.2s  mean pd 0.0175
  2015Q4      20,000 rows    322.7s  mean pd 0.0170
  2016Q1      20,000 rows    322.4s  mean pd 0.0168
  2016Q2      20,000 rows    321.1s  mean pd 0.0170
  2016Q3      20,000 rows    318.7s  mean pd 0.0178
  2016Q4      20,000 rows    315.1s  mean pd 0.0173
  2017Q1      20,000 rows    314.6s  mean pd 0.0166
  2017Q2      20,000 rows    321.1s  mean pd 0.0168
  2017Q3      20,000 rows    321.7s  mean pd 0.0175
  2017Q4      20,000 rows    322.6s  mean pd 0.0175
  2018Q1      20,000 rows    322.1s  mean pd 0.0172
  repeat 2014Q1: largest disagreement 0.00e+00, 0 rows differ

scored rows           : 1,020,000
reference rows        : 150,000
wall                  : 18896s
