### tabicl@2026-09-13-fm-2006h2r-bundle: /home/node/outoftime-node/.venv/bin/python score_context.py 2026-09-13-fm-2006h2r-bundle --out-dir 2026-09-13-fm-2006h2r-bundle-scored-tabicl --models tabicl --chunk 20000
tabicl/20260911: context 50,000 rows read in 1.9s
  reference   50,000 rows     19.1s  mean pd 0.0036
  2007H1      23,169 rows     11.6s  mean pd 0.0063
  2007H2      24,367 rows     11.7s  mean pd 0.0071
  2008H1      24,660 rows     11.8s  mean pd 0.0045
  2008H2      24,746 rows     11.8s  mean pd 0.0037
  2009H1      24,844 rows     11.8s  mean pd 0.0017
  2009H2      24,709 rows     11.7s  mean pd 0.0024
  2010H1      24,843 rows     11.8s  mean pd 0.0027
  2010H2      24,683 rows     11.7s  mean pd 0.0022
  2011H1      24,614 rows     11.7s  mean pd 0.0030
  2011H2      24,646 rows     11.7s  mean pd 0.0023
  2012H1      24,306 rows     11.7s  mean pd 0.0037
  2012H2      24,538 rows     11.7s  mean pd 0.0035
  2013H1      24,341 rows     11.7s  mean pd 0.0039
  2013H2      23,974 rows     11.7s  mean pd 0.0045
  2014H1      24,341 rows     11.7s  mean pd 0.0041
  2014H2      24,213 rows     11.7s  mean pd 0.0036
  2015H1      24,159 rows     11.7s  mean pd 0.0031
  2015H2      24,159 rows     11.8s  mean pd 0.0034
  2016H1      24,632 rows     11.7s  mean pd 0.0033
  2016H2      24,760 rows     11.8s  mean pd 0.0030
  2017H1      24,541 rows     11.7s  mean pd 0.0037
  2017H2      24,680 rows     11.8s  mean pd 0.0036
  2018H1      24,416 rows     11.7s  mean pd 0.0037
  2018H2      24,543 rows     11.7s  mean pd 0.0039
  2019H1      24,752 rows     11.8s  mean pd 0.0037
  2019H2      24,861 rows     11.8s  mean pd 0.0031
  2020H1      24,880 rows     11.8s  mean pd 0.0025
  2020H2      24,919 rows     11.8s  mean pd 0.0021
  2021H1      24,909 rows     11.8s  mean pd 0.0024
  2021H2      24,929 rows     11.8s  mean pd 0.0030
  2022H1      24,889 rows     11.8s  mean pd 0.0039
  2022H2      24,859 rows     11.8s  mean pd 0.0041
  2023H1      24,882 rows     11.8s  mean pd 0.0042
  2023H2      24,866 rows     11.8s  mean pd 0.0040
  repeat 2007H1: largest disagreement 0.00e+00, 0 rows differ
tabicl/20260912: context 50,000 rows read in 1.0s
  reference   50,000 rows     18.7s  mean pd 0.0033
  2007H1      23,169 rows     11.6s  mean pd 0.0062
  2007H2      24,367 rows     11.7s  mean pd 0.0067
  2008H1      24,660 rows     11.8s  mean pd 0.0039
  2008H2      24,746 rows     11.8s  mean pd 0.0033
  2009H1      24,844 rows     11.8s  mean pd 0.0014
  2009H2      24,709 rows     11.7s  mean pd 0.0021
  2010H1      24,843 rows     11.8s  mean pd 0.0023
  2010H2      24,683 rows     11.7s  mean pd 0.0018
  2011H1      24,614 rows     11.7s  mean pd 0.0025
  2011H2      24,646 rows     11.7s  mean pd 0.0019
  2012H1      24,306 rows     11.7s  mean pd 0.0031
  2012H2      24,538 rows     11.7s  mean pd 0.0030
  2013H1      24,341 rows     11.7s  mean pd 0.0033
  2013H2      23,974 rows     11.7s  mean pd 0.0038
  2014H1      24,341 rows     11.7s  mean pd 0.0035
  2014H2      24,213 rows     11.7s  mean pd 0.0032
  2015H1      24,159 rows     11.7s  mean pd 0.0026
  2015H2      24,159 rows     11.7s  mean pd 0.0030
  2016H1      24,632 rows     11.7s  mean pd 0.0028
  2016H2      24,760 rows     11.8s  mean pd 0.0025
  2017H1      24,541 rows     11.7s  mean pd 0.0032
  2017H2      24,680 rows     11.7s  mean pd 0.0032
  2018H1      24,416 rows     11.7s  mean pd 0.0033
  2018H2      24,543 rows     11.7s  mean pd 0.0035
  2019H1      24,752 rows     11.8s  mean pd 0.0033
  2019H2      24,861 rows     11.8s  mean pd 0.0027
  2020H1      24,880 rows     11.8s  mean pd 0.0021
  2020H2      24,919 rows     11.8s  mean pd 0.0017
  2021H1      24,909 rows     11.8s  mean pd 0.0021
  2021H2      24,929 rows     11.8s  mean pd 0.0026
  2022H1      24,889 rows     11.8s  mean pd 0.0034
  2022H2      24,859 rows     11.8s  mean pd 0.0038
  2023H1      24,882 rows     11.8s  mean pd 0.0039
  2023H2      24,866 rows     11.8s  mean pd 0.0038
  repeat 2007H1: largest disagreement 0.00e+00, 0 rows differ
tabicl/20260913: context 50,000 rows read in 0.9s
  reference   50,000 rows     18.7s  mean pd 0.0032
  2007H1      23,169 rows     11.6s  mean pd 0.0057
  2007H2      24,367 rows     11.7s  mean pd 0.0062
  2008H1      24,660 rows     11.8s  mean pd 0.0040
  2008H2      24,746 rows     11.8s  mean pd 0.0034
  2009H1      24,844 rows     11.8s  mean pd 0.0015
  2009H2      24,709 rows     11.8s  mean pd 0.0022
  2010H1      24,843 rows     11.8s  mean pd 0.0024
  2010H2      24,683 rows     11.7s  mean pd 0.0019
  2011H1      24,614 rows     11.7s  mean pd 0.0025
  2011H2      24,646 rows     11.7s  mean pd 0.0019
  2012H1      24,306 rows     11.7s  mean pd 0.0028
  2012H2      24,538 rows     11.7s  mean pd 0.0027
  2013H1      24,341 rows     11.7s  mean pd 0.0031
  2013H2      23,974 rows     11.7s  mean pd 0.0037
  2014H1      24,341 rows     11.7s  mean pd 0.0035
  2014H2      24,213 rows     11.7s  mean pd 0.0032
  2015H1      24,159 rows     11.7s  mean pd 0.0027
  2015H2      24,159 rows     11.7s  mean pd 0.0030
  2016H1      24,632 rows     11.7s  mean pd 0.0029
  2016H2      24,760 rows     11.7s  mean pd 0.0025
  2017H1      24,541 rows     11.7s  mean pd 0.0032
  2017H2      24,680 rows     11.8s  mean pd 0.0031
  2018H1      24,416 rows     11.7s  mean pd 0.0033
  2018H2      24,543 rows     11.7s  mean pd 0.0035
  2019H1      24,752 rows     11.8s  mean pd 0.0033
  2019H2      24,861 rows     11.8s  mean pd 0.0027
  2020H1      24,880 rows     11.8s  mean pd 0.0022
  2020H2      24,919 rows     11.8s  mean pd 0.0018
  2021H1      24,909 rows     11.8s  mean pd 0.0021
  2021H2      24,929 rows     11.8s  mean pd 0.0026
  2022H1      24,889 rows     11.8s  mean pd 0.0035
  2022H2      24,859 rows     11.8s  mean pd 0.0038
  2023H1      24,882 rows     11.8s  mean pd 0.0039
  2023H2      24,866 rows     11.8s  mean pd 0.0037
  repeat 2007H1: largest disagreement 0.00e+00, 0 rows differ

scored rows           : 2,506,890
reference rows        : 150,000
wall                  : 1306s

