tabpfn@t1/20260911: context 50,000 rows read in 1.1s
  reference   50,000 rows    434.7s  mean pd 0.0231
  2015Q1      20,000 rows    314.4s  mean pd 0.0226
  2015Q2      20,000 rows    313.9s  mean pd 0.0227
  2015Q3      20,000 rows    314.2s  mean pd 0.0222
  2015Q4      20,000 rows    313.0s  mean pd 0.0216
  2016Q1      20,000 rows    314.4s  mean pd 0.0217
  2016Q2      20,000 rows    312.9s  mean pd 0.0218
  2016Q3      20,000 rows    313.1s  mean pd 0.0230
  2016Q4      20,000 rows    313.5s  mean pd 0.0226
  2017Q1      20,000 rows    313.1s  mean pd 0.0216
  2017Q2      20,000 rows    313.3s  mean pd 0.0218
  2017Q3      20,000 rows    313.0s  mean pd 0.0228
  2017Q4      20,000 rows    318.9s  mean pd 0.0226
  2018Q1      20,000 rows    323.5s  mean pd 0.0218
  repeat 2015Q1: largest disagreement 0.00e+00, 0 rows differ
tabpfn@t1/20260912: context 50,000 rows read in 0.4s
  reference   50,000 rows    451.5s  mean pd 0.0227
  2015Q1      20,000 rows    323.1s  mean pd 0.0215
  2015Q2      20,000 rows    319.4s  mean pd 0.0216
  2015Q3      20,000 rows    316.3s  mean pd 0.0213
  2015Q4      20,000 rows    311.8s  mean pd 0.0205
  2016Q1      20,000 rows    317.6s  mean pd 0.0206
  2016Q2      20,000 rows    323.0s  mean pd 0.0208
  2016Q3      20,000 rows    324.2s  mean pd 0.0222
  2016Q4      20,000 rows    322.9s  mean pd 0.0216
  2017Q1      20,000 rows    323.4s  mean pd 0.0209
  2017Q2      20,000 rows    320.7s  mean pd 0.0210
  2017Q3      20,000 rows    318.6s  mean pd 0.0217
  2017Q4      20,000 rows    318.8s  mean pd 0.0213
  2018Q1      20,000 rows    315.0s  mean pd 0.0206
  repeat 2015Q1: largest disagreement 0.00e+00, 0 rows differ
tabpfn@t1/20260913: context 50,000 rows read in 0.4s
  reference   50,000 rows    450.4s  mean pd 0.0234
  2015Q1      20,000 rows    324.3s  mean pd 0.0236
  2015Q2      20,000 rows    325.9s  mean pd 0.0236
  2015Q3      20,000 rows    323.9s  mean pd 0.0232
  2015Q4      20,000 rows    320.3s  mean pd 0.0223
  2016Q1      20,000 rows    316.9s  mean pd 0.0226
  2016Q2      20,000 rows    311.8s  mean pd 0.0227
  2016Q3      20,000 rows    317.9s  mean pd 0.0234
  2016Q4      20,000 rows    323.5s  mean pd 0.0229
  2017Q1      20,000 rows    324.4s  mean pd 0.0221
  2017Q2      20,000 rows    323.0s  mean pd 0.0224
  2017Q3      20,000 rows    324.6s  mean pd 0.0233
  2017Q4      20,000 rows    320.1s  mean pd 0.0227
  2018Q1      20,000 rows    318.0s  mean pd 0.0219
  repeat 2015Q1: largest disagreement 0.00e+00, 0 rows differ

scored rows           : 780,000
reference rows        : 150,000
wall                  : 14716s
