### tabicl@2026-09-15-fm-2006h2r-bundle-upb-nominal: /home/node/outoftime-node/.venv/bin/python score_context.py 2026-09-15-fm-2006h2r-bundle-upb-nominal --out-dir 2026-09-15-fm-2006h2r-bundle-upb-nominal-scored-tabicl --models tabicl --chunk 20000
tabicl/20260911: context 50,000 rows read in 2.1s
  reference   50,000 rows     19.4s  mean pd 0.0036
  2007H1      23,169 rows     11.7s  mean pd 0.0061
  2007H2      24,367 rows     11.8s  mean pd 0.0069
  2008H1      24,660 rows     11.8s  mean pd 0.0043
  2008H2      24,746 rows     11.8s  mean pd 0.0035
  2009H1      24,844 rows     11.8s  mean pd 0.0016
  2009H2      24,709 rows     11.9s  mean pd 0.0023
  2010H1      24,843 rows     12.0s  mean pd 0.0026
  2010H2      24,683 rows     11.8s  mean pd 0.0021
  2011H1      24,614 rows     11.8s  mean pd 0.0029
  2011H2      24,646 rows     11.8s  mean pd 0.0022
  2012H1      24,306 rows     11.8s  mean pd 0.0036
  2012H2      24,538 rows     11.8s  mean pd 0.0035
  2013H1      24,341 rows     11.8s  mean pd 0.0038
  2013H2      23,974 rows     11.7s  mean pd 0.0044
  2014H1      24,341 rows     11.8s  mean pd 0.0040
  2014H2      24,213 rows     11.8s  mean pd 0.0036
  2015H1      24,159 rows     11.8s  mean pd 0.0030
  2015H2      24,159 rows     11.8s  mean pd 0.0034
  2016H1      24,632 rows     11.8s  mean pd 0.0033
  2016H2      24,760 rows     11.9s  mean pd 0.0030
  2017H1      24,541 rows     11.8s  mean pd 0.0037
  2017H2      24,680 rows     11.8s  mean pd 0.0036
  2018H1      24,416 rows     11.8s  mean pd 0.0037
  2018H2      24,543 rows     11.8s  mean pd 0.0039
  2019H1      24,752 rows     11.8s  mean pd 0.0037
  2019H2      24,861 rows     11.8s  mean pd 0.0031
  2020H1      24,880 rows     11.8s  mean pd 0.0025
  2020H2      24,919 rows     11.8s  mean pd 0.0022
  2021H1      24,909 rows     11.8s  mean pd 0.0024
  2021H2      24,929 rows     11.8s  mean pd 0.0030
  2022H1      24,889 rows     11.8s  mean pd 0.0037
  2022H2      24,859 rows     11.8s  mean pd 0.0040
  2023H1      24,882 rows     11.8s  mean pd 0.0041
  2023H2      24,866 rows     11.8s  mean pd 0.0039
  repeat 2007H1: largest disagreement 0.00e+00, 0 rows differ
tabicl/20260912: context 50,000 rows read in 1.0s
  reference   50,000 rows     18.8s  mean pd 0.0033
  2007H1      23,169 rows     11.8s  mean pd 0.0055
  2007H2      24,367 rows     11.8s  mean pd 0.0060
  2008H1      24,660 rows     11.8s  mean pd 0.0035
  2008H2      24,746 rows     11.8s  mean pd 0.0029
  2009H1      24,844 rows     11.8s  mean pd 0.0012
  2009H2      24,709 rows     11.8s  mean pd 0.0018
  2010H1      24,843 rows     11.8s  mean pd 0.0020
  2010H2      24,683 rows     11.8s  mean pd 0.0016
  2011H1      24,614 rows     11.8s  mean pd 0.0023
  2011H2      24,646 rows     11.8s  mean pd 0.0017
  2012H1      24,306 rows     11.8s  mean pd 0.0028
  2012H2      24,538 rows     11.8s  mean pd 0.0027
  2013H1      24,341 rows     11.8s  mean pd 0.0029
  2013H2      23,974 rows     11.7s  mean pd 0.0034
  2014H1      24,341 rows     11.8s  mean pd 0.0032
  2014H2      24,213 rows     11.8s  mean pd 0.0028
  2015H1      24,159 rows     11.7s  mean pd 0.0023
  2015H2      24,159 rows     11.7s  mean pd 0.0027
  2016H1      24,632 rows     11.8s  mean pd 0.0025
  2016H2      24,760 rows     11.8s  mean pd 0.0022
  2017H1      24,541 rows     11.8s  mean pd 0.0028
  2017H2      24,680 rows     11.8s  mean pd 0.0028
  2018H1      24,416 rows     11.8s  mean pd 0.0029
  2018H2      24,543 rows     12.2s  mean pd 0.0031
  2019H1      24,752 rows     11.9s  mean pd 0.0028
  2019H2      24,861 rows     11.8s  mean pd 0.0022
  2020H1      24,880 rows     11.8s  mean pd 0.0017
  2020H2      24,919 rows     11.8s  mean pd 0.0015
  2021H1      24,909 rows     11.8s  mean pd 0.0016
  2021H2      24,929 rows     11.8s  mean pd 0.0020
  2022H1      24,889 rows     11.8s  mean pd 0.0025
  2022H2      24,859 rows     11.8s  mean pd 0.0028
  2023H1      24,882 rows     11.8s  mean pd 0.0029
  2023H2      24,866 rows     11.9s  mean pd 0.0028
  repeat 2007H1: largest disagreement 0.00e+00, 0 rows differ
tabicl/20260913: context 50,000 rows read in 1.0s
  reference   50,000 rows     18.9s  mean pd 0.0032
  2007H1      23,169 rows     11.7s  mean pd 0.0050
  2007H2      24,367 rows     11.8s  mean pd 0.0055
  2008H1      24,660 rows     11.8s  mean pd 0.0035
  2008H2      24,746 rows     11.8s  mean pd 0.0030
  2009H1      24,844 rows     11.8s  mean pd 0.0013
  2009H2      24,709 rows     11.8s  mean pd 0.0019
  2010H1      24,843 rows     11.8s  mean pd 0.0021
  2010H2      24,683 rows     11.8s  mean pd 0.0017
  2011H1      24,614 rows     11.8s  mean pd 0.0022
  2011H2      24,646 rows     11.8s  mean pd 0.0017
  2012H1      24,306 rows     11.8s  mean pd 0.0025
  2012H2      24,538 rows     11.8s  mean pd 0.0024
  2013H1      24,341 rows     11.8s  mean pd 0.0028
  2013H2      23,974 rows     11.7s  mean pd 0.0033
  2014H1      24,341 rows     11.8s  mean pd 0.0031
  2014H2      24,213 rows     11.9s  mean pd 0.0028
  2015H1      24,159 rows     11.8s  mean pd 0.0024
  2015H2      24,159 rows     11.7s  mean pd 0.0027
  2016H1      24,632 rows     11.8s  mean pd 0.0026
  2016H2      24,760 rows     11.8s  mean pd 0.0022
  2017H1      24,541 rows     11.8s  mean pd 0.0028
  2017H2      24,680 rows     11.8s  mean pd 0.0028
  2018H1      24,416 rows     11.8s  mean pd 0.0028
  2018H2      24,543 rows     11.8s  mean pd 0.0030
  2019H1      24,752 rows     11.8s  mean pd 0.0028
  2019H2      24,861 rows     11.8s  mean pd 0.0023
  2020H1      24,880 rows     12.1s  mean pd 0.0018
  2020H2      24,919 rows     11.8s  mean pd 0.0015
  2021H1      24,909 rows     11.8s  mean pd 0.0017
  2021H2      24,929 rows     11.8s  mean pd 0.0021
  2022H1      24,889 rows     11.8s  mean pd 0.0025
  2022H2      24,859 rows     11.8s  mean pd 0.0028
  2023H1      24,882 rows     11.9s  mean pd 0.0028
  2023H2      24,866 rows     12.2s  mean pd 0.0027
  repeat 2007H1: largest disagreement 0.00e+00, 0 rows differ

scored rows           : 2,506,890
reference rows        : 150,000
wall                  : 1319s

