### tabpfn@2026-09-13-fm-2010h2e-bundle: /home/node/outoftime-node/.venv/bin/python score_context.py 2026-09-13-fm-2010h2e-bundle --out-dir 2026-09-13-fm-2010h2e-bundle-scored-tabpfn --models tabpfn --chunk 20000
tabpfn/20260911: context 50,000 rows read in 1.9s
  reference   50,000 rows     36.9s  mean pd 0.0124
  2011H1      24,614 rows     23.0s  mean pd 0.0107
  2011H2      24,646 rows     22.9s  mean pd 0.0079
  2012H1      24,306 rows     22.8s  mean pd 0.0157
  2012H2      24,538 rows     22.9s  mean pd 0.0149
  2013H1      24,341 rows     22.9s  mean pd 0.0152
  2013H2      23,974 rows     22.5s  mean pd 0.0154
  2014H1      24,341 rows     22.8s  mean pd 0.0129
  2014H2      24,213 rows     22.9s  mean pd 0.0110
  2015H1      24,159 rows     22.8s  mean pd 0.0096
  2015H2      24,159 rows     22.8s  mean pd 0.0100
  2016H1      24,632 rows     22.8s  mean pd 0.0100
  2016H2      24,760 rows     22.8s  mean pd 0.0094
  2017H1      24,541 rows     22.7s  mean pd 0.0110
  2017H2      24,680 rows     22.7s  mean pd 0.0107
  2018H1      24,416 rows     22.8s  mean pd 0.0106
  2018H2      24,543 rows     22.9s  mean pd 0.0109
  2019H1      24,752 rows     22.8s  mean pd 0.0106
  2019H2      24,861 rows     22.8s  mean pd 0.0097
  2020H1      24,880 rows     22.8s  mean pd 0.0079
  2020H2      24,919 rows     22.8s  mean pd 0.0069
  2021H1      24,909 rows     22.7s  mean pd 0.0074
  2021H2      24,929 rows     22.7s  mean pd 0.0088
  2022H1      24,889 rows     22.7s  mean pd 0.0102
  2022H2      24,859 rows     22.8s  mean pd 0.0105
  2023H1      24,882 rows     22.7s  mean pd 0.0103
  2023H2      24,866 rows     22.7s  mean pd 0.0095
  repeat 2011H1: largest disagreement 0.00e+00, 0 rows differ
tabpfn/20260912: context 50,000 rows read in 0.7s
  reference   50,000 rows     36.2s  mean pd 0.0119
  2011H1      24,614 rows     22.7s  mean pd 0.0100
  2011H2      24,646 rows     22.7s  mean pd 0.0077
  2012H1      24,306 rows     22.7s  mean pd 0.0134
  2012H2      24,538 rows     22.7s  mean pd 0.0128
  2013H1      24,341 rows     22.8s  mean pd 0.0134
  2013H2      23,974 rows     22.5s  mean pd 0.0139
  2014H1      24,341 rows     22.7s  mean pd 0.0119
  2014H2      24,213 rows     22.7s  mean pd 0.0105
  2015H1      24,159 rows     22.6s  mean pd 0.0094
  2015H2      24,159 rows     22.7s  mean pd 0.0097
  2016H1      24,632 rows     22.9s  mean pd 0.0098
  2016H2      24,760 rows     22.9s  mean pd 0.0093
  2017H1      24,541 rows     22.8s  mean pd 0.0104
  2017H2      24,680 rows     22.8s  mean pd 0.0101
  2018H1      24,416 rows     22.8s  mean pd 0.0096
  2018H2      24,543 rows     22.9s  mean pd 0.0096
  2019H1      24,752 rows     22.8s  mean pd 0.0094
  2019H2      24,861 rows     22.8s  mean pd 0.0091
  2020H1      24,880 rows     22.8s  mean pd 0.0076
  2020H2      24,919 rows     22.8s  mean pd 0.0067
  2021H1      24,909 rows     22.8s  mean pd 0.0071
  2021H2      24,929 rows     22.8s  mean pd 0.0083
  2022H1      24,889 rows     22.8s  mean pd 0.0091
  2022H2      24,859 rows     22.8s  mean pd 0.0087
  2023H1      24,882 rows     22.9s  mean pd 0.0081
  2023H2      24,866 rows     22.9s  mean pd 0.0075
  repeat 2011H1: largest disagreement 0.00e+00, 0 rows differ
tabpfn/20260913: context 50,000 rows read in 0.8s
  reference   50,000 rows     36.5s  mean pd 0.0127
  2011H1      24,614 rows     22.9s  mean pd 0.0088
  2011H2      24,646 rows     23.0s  mean pd 0.0067
  2012H1      24,306 rows     22.9s  mean pd 0.0122
  2012H2      24,538 rows     22.8s  mean pd 0.0118
  2013H1      24,341 rows     22.8s  mean pd 0.0124
  2013H2      23,974 rows     22.6s  mean pd 0.0134
  2014H1      24,341 rows     22.8s  mean pd 0.0121
  2014H2      24,213 rows     22.8s  mean pd 0.0108
  2015H1      24,159 rows     22.8s  mean pd 0.0095
  2015H2      24,159 rows     22.8s  mean pd 0.0103
  2016H1      24,632 rows     22.8s  mean pd 0.0103
  2016H2      24,760 rows     22.8s  mean pd 0.0097
  2017H1      24,541 rows     22.8s  mean pd 0.0116
  2017H2      24,680 rows     23.0s  mean pd 0.0113
  2018H1      24,416 rows     22.8s  mean pd 0.0114
  2018H2      24,543 rows     22.8s  mean pd 0.0118
  2019H1      24,752 rows     22.8s  mean pd 0.0114
  2019H2      24,861 rows     22.8s  mean pd 0.0101
  2020H1      24,880 rows     22.8s  mean pd 0.0081
  2020H2      24,919 rows     22.7s  mean pd 0.0069
  2021H1      24,909 rows     22.9s  mean pd 0.0077
  2021H2      24,929 rows     22.8s  mean pd 0.0094
  2022H1      24,889 rows     22.8s  mean pd 0.0113
  2022H2      24,859 rows     22.8s  mean pd 0.0117
  2023H1      24,882 rows     22.8s  mean pd 0.0117
  2023H2      24,866 rows     22.7s  mean pd 0.0107
  repeat 2011H1: largest disagreement 0.00e+00, 0 rows differ

scored rows           : 1,918,827
reference rows        : 150,000
wall                  : 1970s

