### tabpfn-t1@2026-09-13-fm-2018h2e-bundle: /home/node/outoftime-node/.venv/bin/python score_context.py 2026-09-13-fm-2018h2e-bundle --out-dir 2026-09-13-fm-2018h2e-bundle-scored-tabpfn-t1 --models tabpfn --temperature 1.0 --chunk 20000
tabpfn@t1/20260911: context 50,000 rows read in 2.0s
  reference   50,000 rows     36.9s  mean pd 0.0116
  2019H1      24,752 rows     22.7s  mean pd 0.0104
  2019H2      24,861 rows     22.7s  mean pd 0.0092
  2020H1      24,880 rows     22.7s  mean pd 0.0074
  2020H2      24,919 rows     22.9s  mean pd 0.0062
  2021H1      24,909 rows     22.8s  mean pd 0.0072
  2021H2      24,929 rows     22.8s  mean pd 0.0089
  2022H1      24,889 rows     22.9s  mean pd 0.0107
  2022H2      24,859 rows     22.8s  mean pd 0.0103
  2023H1      24,882 rows     23.0s  mean pd 0.0103
  2023H2      24,866 rows     22.8s  mean pd 0.0097
  repeat 2019H1: largest disagreement 0.00e+00, 0 rows differ
tabpfn@t1/20260912: context 50,000 rows read in 0.8s
  reference   50,000 rows     36.3s  mean pd 0.0123
  2019H1      24,752 rows     22.8s  mean pd 0.0110
  2019H2      24,861 rows     22.7s  mean pd 0.0100
  2020H1      24,880 rows     22.6s  mean pd 0.0085
  2020H2      24,919 rows     22.7s  mean pd 0.0073
  2021H1      24,909 rows     22.7s  mean pd 0.0082
  2021H2      24,929 rows     22.7s  mean pd 0.0098
  2022H1      24,889 rows     22.7s  mean pd 0.0111
  2022H2      24,859 rows     22.6s  mean pd 0.0106
  2023H1      24,882 rows     22.6s  mean pd 0.0103
  2023H2      24,866 rows     22.6s  mean pd 0.0098
  repeat 2019H1: largest disagreement 0.00e+00, 0 rows differ
tabpfn@t1/20260913: context 50,000 rows read in 0.7s
  reference   50,000 rows     36.0s  mean pd 0.0126
  2019H1      24,752 rows     22.7s  mean pd 0.0111
  2019H2      24,861 rows     22.7s  mean pd 0.0099
  2020H1      24,880 rows     22.7s  mean pd 0.0083
  2020H2      24,919 rows     22.9s  mean pd 0.0070
  2021H1      24,909 rows     22.8s  mean pd 0.0079
  2021H2      24,929 rows     22.8s  mean pd 0.0093
  2022H1      24,889 rows     22.7s  mean pd 0.0105
  2022H2      24,859 rows     22.7s  mean pd 0.0104
  2023H1      24,882 rows     22.7s  mean pd 0.0105
  2023H2      24,866 rows     22.8s  mean pd 0.0100
  repeat 2019H1: largest disagreement 0.00e+00, 0 rows differ

scored rows           : 746,238
reference rows        : 150,000
wall                  : 870s

