### tabicl@2026-09-15-fm-2012h2r-bundle-upb-nominal: /home/node/outoftime-node/.venv/bin/python score_context.py 2026-09-15-fm-2012h2r-bundle-upb-nominal --out-dir 2026-09-15-fm-2012h2r-bundle-upb-nominal-scored-tabicl --models tabicl --chunk 20000
tabicl/20260911: context 50,000 rows read in 2.1s
  reference   50,000 rows     19.2s  mean pd 0.0064
  2013H1      24,341 rows     11.6s  mean pd 0.0111
  2013H2      23,974 rows     11.6s  mean pd 0.0121
  2014H1      24,341 rows     11.6s  mean pd 0.0109
  2014H2      24,213 rows     12.0s  mean pd 0.0098
  2015H1      24,159 rows     11.7s  mean pd 0.0086
  2015H2      24,159 rows     11.6s  mean pd 0.0096
  2016H1      24,632 rows     11.6s  mean pd 0.0096
  2016H2      24,760 rows     11.7s  mean pd 0.0090
  2017H1      24,541 rows     11.6s  mean pd 0.0108
  2017H2      24,680 rows     11.7s  mean pd 0.0106
  2018H1      24,416 rows     12.0s  mean pd 0.0105
  2018H2      24,543 rows     11.7s  mean pd 0.0107
  2019H1      24,752 rows     11.6s  mean pd 0.0105
  2019H2      24,861 rows     11.7s  mean pd 0.0093
  2020H1      24,880 rows     11.7s  mean pd 0.0077
  2020H2      24,919 rows     11.7s  mean pd 0.0065
  2021H1      24,909 rows     11.7s  mean pd 0.0078
  2021H2      24,929 rows     11.7s  mean pd 0.0100
  2022H1      24,889 rows     11.7s  mean pd 0.0121
  2022H2      24,859 rows     11.7s  mean pd 0.0115
  2023H1      24,882 rows     11.7s  mean pd 0.0112
  2023H2      24,866 rows     11.6s  mean pd 0.0103
  repeat 2013H1: largest disagreement 0.00e+00, 0 rows differ
tabicl/20260912: context 50,000 rows read in 1.0s
  reference   50,000 rows     18.7s  mean pd 0.0069
  2013H1      24,341 rows     12.0s  mean pd 0.0109
  2013H2      23,974 rows     11.7s  mean pd 0.0118
  2014H1      24,341 rows     11.6s  mean pd 0.0107
  2014H2      24,213 rows     11.6s  mean pd 0.0097
  2015H1      24,159 rows     11.6s  mean pd 0.0085
  2015H2      24,159 rows     11.6s  mean pd 0.0095
  2016H1      24,632 rows     11.6s  mean pd 0.0094
  2016H2      24,760 rows     11.6s  mean pd 0.0087
  2017H1      24,541 rows     11.6s  mean pd 0.0105
  2017H2      24,680 rows     11.6s  mean pd 0.0103
  2018H1      24,416 rows     11.6s  mean pd 0.0100
  2018H2      24,543 rows     11.6s  mean pd 0.0102
  2019H1      24,752 rows     11.6s  mean pd 0.0099
  2019H2      24,861 rows     11.7s  mean pd 0.0089
  2020H1      24,880 rows     12.2s  mean pd 0.0074
  2020H2      24,919 rows     11.7s  mean pd 0.0061
  2021H1      24,909 rows     11.7s  mean pd 0.0074
  2021H2      24,929 rows     11.7s  mean pd 0.0095
  2022H1      24,889 rows     11.7s  mean pd 0.0115
  2022H2      24,859 rows     11.7s  mean pd 0.0102
  2023H1      24,882 rows     11.7s  mean pd 0.0096
  2023H2      24,866 rows     11.7s  mean pd 0.0090
  repeat 2013H1: largest disagreement 0.00e+00, 0 rows differ
tabicl/20260913: context 50,000 rows read in 1.0s
  reference   50,000 rows     18.7s  mean pd 0.0063
  2013H1      24,341 rows     11.6s  mean pd 0.0110
  2013H2      23,974 rows     11.9s  mean pd 0.0119
  2014H1      24,341 rows     11.8s  mean pd 0.0106
  2014H2      24,213 rows     11.6s  mean pd 0.0094
  2015H1      24,159 rows     11.6s  mean pd 0.0082
  2015H2      24,159 rows     11.6s  mean pd 0.0092
  2016H1      24,632 rows     11.6s  mean pd 0.0092
  2016H2      24,760 rows     11.6s  mean pd 0.0086
  2017H1      24,541 rows     11.6s  mean pd 0.0103
  2017H2      24,680 rows     11.6s  mean pd 0.0101
  2018H1      24,416 rows     11.6s  mean pd 0.0101
  2018H2      24,543 rows     11.6s  mean pd 0.0103
  2019H1      24,752 rows     11.6s  mean pd 0.0100
  2019H2      24,861 rows     11.7s  mean pd 0.0088
  2020H1      24,880 rows     11.7s  mean pd 0.0072
  2020H2      24,919 rows     11.7s  mean pd 0.0061
  2021H1      24,909 rows     11.7s  mean pd 0.0074
  2021H2      24,929 rows     12.1s  mean pd 0.0097
  2022H1      24,889 rows     11.8s  mean pd 0.0116
  2022H2      24,859 rows     11.7s  mean pd 0.0107
  2023H1      24,882 rows     11.7s  mean pd 0.0105
  2023H2      24,866 rows     11.7s  mean pd 0.0098
  repeat 2013H1: largest disagreement 0.00e+00, 0 rows differ

scored rows           : 1,624,515
reference rows        : 150,000
wall                  : 879s

