### tabpfn@2026-09-13-fm-2018h2r-bundle: /home/node/outoftime-node/.venv/bin/python score_context.py 2026-09-13-fm-2018h2r-bundle --out-dir 2026-09-13-fm-2018h2r-bundle-scored-tabpfn --models tabpfn --chunk 20000
tabpfn/20260911: context 50,000 rows read in 2.3s
  reference   50,000 rows     37.0s  mean pd 0.0027
  2019H1      24,752 rows     22.9s  mean pd 0.0029
  2019H2      24,861 rows     22.9s  mean pd 0.0025
  2020H1      24,880 rows     22.8s  mean pd 0.0020
  2020H2      24,919 rows     22.9s  mean pd 0.0017
  2021H1      24,909 rows     22.8s  mean pd 0.0020
  2021H2      24,929 rows     22.8s  mean pd 0.0024
  2022H1      24,889 rows     22.7s  mean pd 0.0030
  2022H2      24,859 rows     22.7s  mean pd 0.0031
  2023H1      24,882 rows     22.7s  mean pd 0.0031
  2023H2      24,866 rows     22.8s  mean pd 0.0030
  repeat 2019H1: largest disagreement 0.00e+00, 0 rows differ
tabpfn/20260912: context 50,000 rows read in 0.8s
  reference   50,000 rows     36.1s  mean pd 0.0031
  2019H1      24,752 rows     22.8s  mean pd 0.0035
  2019H2      24,861 rows     22.8s  mean pd 0.0028
  2020H1      24,880 rows     22.8s  mean pd 0.0022
  2020H2      24,919 rows     22.9s  mean pd 0.0019
  2021H1      24,909 rows     22.8s  mean pd 0.0023
  2021H2      24,929 rows     23.0s  mean pd 0.0028
  2022H1      24,889 rows     22.9s  mean pd 0.0034
  2022H2      24,859 rows     22.8s  mean pd 0.0035
  2023H1      24,882 rows     22.9s  mean pd 0.0037
  2023H2      24,866 rows     22.9s  mean pd 0.0035
  repeat 2019H1: largest disagreement 0.00e+00, 0 rows differ
tabpfn/20260913: context 50,000 rows read in 0.8s
  reference   50,000 rows     36.4s  mean pd 0.0029
  2019H1      24,752 rows     22.9s  mean pd 0.0032
  2019H2      24,861 rows     22.9s  mean pd 0.0028
  2020H1      24,880 rows     22.8s  mean pd 0.0023
  2020H2      24,919 rows     22.9s  mean pd 0.0020
  2021H1      24,909 rows     22.9s  mean pd 0.0024
  2021H2      24,929 rows     22.9s  mean pd 0.0029
  2022H1      24,889 rows     22.9s  mean pd 0.0035
  2022H2      24,859 rows     22.9s  mean pd 0.0034
  2023H1      24,882 rows     22.9s  mean pd 0.0033
  2023H2      24,866 rows     22.9s  mean pd 0.0032
  repeat 2019H1: largest disagreement 0.00e+00, 0 rows differ

scored rows           : 746,238
reference rows        : 150,000
wall                  : 874s
