tabpfn@t1/20260911: context 50,000 rows read in 1.1s
  reference   50,000 rows    443.1s  mean pd 0.0256
  2016Q3      20,000 rows    319.9s  mean pd 0.0249
  2016Q4      20,000 rows    319.2s  mean pd 0.0240
  2017Q1      20,000 rows    319.6s  mean pd 0.0230
  2017Q2      20,000 rows    320.0s  mean pd 0.0227
  2017Q3      20,000 rows    319.3s  mean pd 0.0235
  2017Q4      20,000 rows    319.6s  mean pd 0.0217
  2018Q1      20,000 rows    319.4s  mean pd 0.0200
  repeat 2016Q3: largest disagreement 0.00e+00, 0 rows differ
tabpfn@t1/20260912: context 50,000 rows read in 0.3s
  reference   50,000 rows    443.2s  mean pd 0.0265
  2016Q3      20,000 rows    319.6s  mean pd 0.0270
  2016Q4      20,000 rows    320.2s  mean pd 0.0261
  2017Q1      20,000 rows    319.6s  mean pd 0.0251
  2017Q2      20,000 rows    319.6s  mean pd 0.0248
  2017Q3      20,000 rows    319.5s  mean pd 0.0256
  2017Q4      20,000 rows    319.7s  mean pd 0.0237
  2018Q1      20,000 rows    319.5s  mean pd 0.0222
  repeat 2016Q3: largest disagreement 0.00e+00, 0 rows differ
tabpfn@t1/20260913: context 50,000 rows read in 0.3s
  reference   50,000 rows    444.3s  mean pd 0.0265
  2016Q3      20,000 rows    320.1s  mean pd 0.0266
  2016Q4      20,000 rows    319.9s  mean pd 0.0260
  2017Q1      20,000 rows    320.6s  mean pd 0.0251
  2017Q2      20,000 rows    320.0s  mean pd 0.0246
  2017Q3      20,000 rows    320.2s  mean pd 0.0254
  2017Q4      20,000 rows    319.9s  mean pd 0.0236
  2018Q1      20,000 rows    320.2s  mean pd 0.0221
  repeat 2016Q3: largest disagreement 0.00e+00, 0 rows differ

scored rows           : 420,000
reference rows        : 150,000
wall                  : 9011s
