### tabicl@2026-09-14-fm-2010h2e-bundle-upb-nominal: /home/node/outoftime-node/.venv/bin/python score_context.py 2026-09-14-fm-2010h2e-bundle-upb-nominal --out-dir 2026-09-14-fm-2010h2e-bundle-upb-nominal-scored-tabicl --models tabicl --chunk 20000
tabicl/20260911: context 50,000 rows read in 2.1s
  reference   50,000 rows     19.3s  mean pd 0.0125
  2011H1      24,614 rows     11.8s  mean pd 0.0143
  2011H2      24,646 rows     11.8s  mean pd 0.0109
  2012H1      24,306 rows     11.8s  mean pd 0.0201
  2012H2      24,538 rows     11.8s  mean pd 0.0192
  2013H1      24,341 rows     11.8s  mean pd 0.0191
  2013H2      23,974 rows     11.7s  mean pd 0.0197
  2014H1      24,341 rows     11.9s  mean pd 0.0173
  2014H2      24,213 rows     11.7s  mean pd 0.0157
  2015H1      24,159 rows     11.7s  mean pd 0.0146
  2015H2      24,159 rows     11.7s  mean pd 0.0150
  2016H1      24,632 rows     11.8s  mean pd 0.0157
  2016H2      24,760 rows     11.8s  mean pd 0.0157
  2017H1      24,541 rows     11.8s  mean pd 0.0180
  2017H2      24,680 rows     11.8s  mean pd 0.0177
  2018H1      24,416 rows     11.8s  mean pd 0.0188
  2018H2      24,543 rows     11.8s  mean pd 0.0192
  2019H1      24,752 rows     11.8s  mean pd 0.0205
  2019H2      24,861 rows     11.8s  mean pd 0.0199
  2020H1      24,880 rows     11.9s  mean pd 0.0170
  2020H2      24,919 rows     11.8s  mean pd 0.0159
  2021H1      24,909 rows     11.8s  mean pd 0.0170
  2021H2      24,929 rows     11.8s  mean pd 0.0198
  2022H1      24,889 rows     11.8s  mean pd 0.0247
  2022H2      24,859 rows     11.8s  mean pd 0.0281
  2023H1      24,882 rows     11.8s  mean pd 0.0305
  2023H2      24,866 rows     11.8s  mean pd 0.0271
  repeat 2011H1: largest disagreement 0.00e+00, 0 rows differ
tabicl/20260912: context 50,000 rows read in 1.0s
  reference   50,000 rows     18.8s  mean pd 0.0120
  2011H1      24,614 rows     11.8s  mean pd 0.0146
  2011H2      24,646 rows     11.8s  mean pd 0.0114
  2012H1      24,306 rows     11.8s  mean pd 0.0191
  2012H2      24,538 rows     11.8s  mean pd 0.0181
  2013H1      24,341 rows     11.7s  mean pd 0.0184
  2013H2      23,974 rows     11.7s  mean pd 0.0190
  2014H1      24,341 rows     11.7s  mean pd 0.0169
  2014H2      24,213 rows     11.8s  mean pd 0.0156
  2015H1      24,159 rows     11.7s  mean pd 0.0150
  2015H2      24,159 rows     11.7s  mean pd 0.0150
  2016H1      24,632 rows     11.8s  mean pd 0.0158
  2016H2      24,760 rows     11.8s  mean pd 0.0160
  2017H1      24,541 rows     11.8s  mean pd 0.0173
  2017H2      24,680 rows     11.8s  mean pd 0.0170
  2018H1      24,416 rows     11.8s  mean pd 0.0175
  2018H2      24,543 rows     11.8s  mean pd 0.0174
  2019H1      24,752 rows     11.8s  mean pd 0.0196
  2019H2      24,861 rows     11.8s  mean pd 0.0205
  2020H1      24,880 rows     11.8s  mean pd 0.0186
  2020H2      24,919 rows     11.8s  mean pd 0.0178
  2021H1      24,909 rows     12.1s  mean pd 0.0190
  2021H2      24,929 rows     11.9s  mean pd 0.0216
  2022H1      24,889 rows     11.8s  mean pd 0.0260
  2022H2      24,859 rows     11.8s  mean pd 0.0272
  2023H1      24,882 rows     11.8s  mean pd 0.0290
  2023H2      24,866 rows     11.8s  mean pd 0.0257
  repeat 2011H1: largest disagreement 0.00e+00, 0 rows differ
tabicl/20260913: context 50,000 rows read in 1.1s
  reference   50,000 rows     19.1s  mean pd 0.0128
  2011H1      24,614 rows     11.8s  mean pd 0.0128
  2011H2      24,646 rows     11.8s  mean pd 0.0098
  2012H1      24,306 rows     11.7s  mean pd 0.0175
  2012H2      24,538 rows     11.8s  mean pd 0.0169
  2013H1      24,341 rows     11.7s  mean pd 0.0174
  2013H2      23,974 rows     11.7s  mean pd 0.0186
  2014H1      24,341 rows     11.8s  mean pd 0.0169
  2014H2      24,213 rows     11.7s  mean pd 0.0155
  2015H1      24,159 rows     11.7s  mean pd 0.0143
  2015H2      24,159 rows     12.0s  mean pd 0.0153
  2016H1      24,632 rows     12.0s  mean pd 0.0158
  2016H2      24,760 rows     11.8s  mean pd 0.0158
  2017H1      24,541 rows     11.8s  mean pd 0.0187
  2017H2      24,680 rows     11.8s  mean pd 0.0184
  2018H1      24,416 rows     11.8s  mean pd 0.0194
  2018H2      24,543 rows     11.8s  mean pd 0.0200
  2019H1      24,752 rows     11.8s  mean pd 0.0207
  2019H2      24,861 rows     11.8s  mean pd 0.0190
  2020H1      24,880 rows     11.8s  mean pd 0.0159
  2020H2      24,919 rows     11.9s  mean pd 0.0144
  2021H1      24,909 rows     11.8s  mean pd 0.0160
  2021H2      24,929 rows     11.8s  mean pd 0.0192
  2022H1      24,889 rows     11.8s  mean pd 0.0246
  2022H2      24,859 rows     11.8s  mean pd 0.0277
  2023H1      24,882 rows     11.8s  mean pd 0.0305
  2023H2      24,866 rows     11.8s  mean pd 0.0271
  repeat 2011H1: largest disagreement 0.00e+00, 0 rows differ

scored rows           : 1,918,827
reference rows        : 150,000
wall                  : 1030s

