### tabicl@2026-09-15-fm-2004h2r-bundle-upb-nominal: /home/node/outoftime-node/.venv/bin/python score_context.py 2026-09-15-fm-2004h2r-bundle-upb-nominal --out-dir 2026-09-15-fm-2004h2r-bundle-upb-nominal-scored-tabicl --models tabicl --chunk 20000
tabicl/20260911: context 50,000 rows read in 2.1s
  reference   50,000 rows     19.4s  mean pd 0.0080
  2005H1      24,233 rows     11.7s  mean pd 0.0064
  2005H2      24,082 rows     11.7s  mean pd 0.0062
  2006H1      23,280 rows     11.7s  mean pd 0.0070
  2006H2      23,898 rows     11.7s  mean pd 0.0074
  2007H1      23,169 rows     11.7s  mean pd 0.0079
  2007H2      24,367 rows     11.8s  mean pd 0.0090
  2008H1      24,660 rows     11.8s  mean pd 0.0054
  2008H2      24,746 rows     11.8s  mean pd 0.0043
  2009H1      24,844 rows     11.8s  mean pd 0.0019
  2009H2      24,709 rows     11.8s  mean pd 0.0029
  2010H1      24,843 rows     11.8s  mean pd 0.0032
  2010H2      24,683 rows     11.8s  mean pd 0.0027
  2011H1      24,614 rows     11.8s  mean pd 0.0037
  2011H2      24,646 rows     11.8s  mean pd 0.0028
  2012H1      24,306 rows     11.8s  mean pd 0.0047
  2012H2      24,538 rows     11.8s  mean pd 0.0044
  2013H1      24,341 rows     11.8s  mean pd 0.0049
  2013H2      23,974 rows     11.7s  mean pd 0.0057
  2014H1      24,341 rows     11.8s  mean pd 0.0051
  2014H2      24,213 rows     11.7s  mean pd 0.0045
  2015H1      24,159 rows     11.9s  mean pd 0.0037
  2015H2      24,159 rows     11.9s  mean pd 0.0042
  2016H1      24,632 rows     12.1s  mean pd 0.0040
  2016H2      24,760 rows     11.8s  mean pd 0.0035
  2017H1      24,541 rows     11.8s  mean pd 0.0044
  2017H2      24,680 rows     11.8s  mean pd 0.0044
  2018H1      24,416 rows     11.8s  mean pd 0.0044
  2018H2      24,543 rows     11.8s  mean pd 0.0047
  2019H1      24,752 rows     11.8s  mean pd 0.0044
  2019H2      24,861 rows     11.8s  mean pd 0.0036
  2020H1      24,880 rows     11.8s  mean pd 0.0029
  2020H2      24,919 rows     11.8s  mean pd 0.0025
  2021H1      24,909 rows     11.8s  mean pd 0.0027
  2021H2      24,929 rows     12.0s  mean pd 0.0033
  2022H1      24,889 rows     12.0s  mean pd 0.0040
  2022H2      24,859 rows     12.1s  mean pd 0.0046
  2023H1      24,882 rows     11.8s  mean pd 0.0048
  2023H2      24,866 rows     11.8s  mean pd 0.0044
  repeat 2005H1: largest disagreement 0.00e+00, 0 rows differ
tabicl/20260912: context 50,000 rows read in 1.2s
  reference   50,000 rows     18.9s  mean pd 0.0075
  2005H1      24,233 rows     11.7s  mean pd 0.0061
  2005H2      24,082 rows     11.7s  mean pd 0.0060
  2006H1      23,280 rows     11.7s  mean pd 0.0069
  2006H2      23,898 rows     11.9s  mean pd 0.0074
  2007H1      23,169 rows     11.8s  mean pd 0.0079
  2007H2      24,367 rows     11.9s  mean pd 0.0088
  2008H1      24,660 rows     11.8s  mean pd 0.0054
  2008H2      24,746 rows     11.8s  mean pd 0.0043
  2009H1      24,844 rows     11.8s  mean pd 0.0020
  2009H2      24,709 rows     11.8s  mean pd 0.0031
  2010H1      24,843 rows     11.8s  mean pd 0.0035
  2010H2      24,683 rows     11.8s  mean pd 0.0029
  2011H1      24,614 rows     11.8s  mean pd 0.0039
  2011H2      24,646 rows     11.9s  mean pd 0.0030
  2012H1      24,306 rows     12.0s  mean pd 0.0048
  2012H2      24,538 rows     12.1s  mean pd 0.0045
  2013H1      24,341 rows     11.8s  mean pd 0.0050
  2013H2      23,974 rows     11.7s  mean pd 0.0057
  2014H1      24,341 rows     11.8s  mean pd 0.0051
  2014H2      24,213 rows     11.7s  mean pd 0.0045
  2015H1      24,159 rows     11.8s  mean pd 0.0038
  2015H2      24,159 rows     11.7s  mean pd 0.0042
  2016H1      24,632 rows     11.8s  mean pd 0.0040
  2016H2      24,760 rows     11.8s  mean pd 0.0036
  2017H1      24,541 rows     11.8s  mean pd 0.0045
  2017H2      24,680 rows     11.8s  mean pd 0.0044
  2018H1      24,416 rows     11.8s  mean pd 0.0045
  2018H2      24,543 rows     11.8s  mean pd 0.0047
  2019H1      24,752 rows     11.8s  mean pd 0.0045
  2019H2      24,861 rows     11.8s  mean pd 0.0038
  2020H1      24,880 rows     11.8s  mean pd 0.0031
  2020H2      24,919 rows     11.8s  mean pd 0.0028
  2021H1      24,909 rows     11.8s  mean pd 0.0030
  2021H2      24,929 rows     11.8s  mean pd 0.0036
  2022H1      24,889 rows     11.8s  mean pd 0.0044
  2022H2      24,859 rows     11.8s  mean pd 0.0051
  2023H1      24,882 rows     11.8s  mean pd 0.0053
  2023H2      24,866 rows     11.9s  mean pd 0.0049
  repeat 2005H1: largest disagreement 0.00e+00, 0 rows differ
tabicl/20260913: context 50,000 rows read in 1.0s
  reference   50,000 rows     18.9s  mean pd 0.0079
  2005H1      24,233 rows     12.0s  mean pd 0.0061
  2005H2      24,082 rows     11.7s  mean pd 0.0059
  2006H1      23,280 rows     11.7s  mean pd 0.0067
  2006H2      23,898 rows     11.7s  mean pd 0.0072
  2007H1      23,169 rows     11.7s  mean pd 0.0077
  2007H2      24,367 rows     11.8s  mean pd 0.0089
  2008H1      24,660 rows     11.8s  mean pd 0.0054
  2008H2      24,746 rows     11.8s  mean pd 0.0042
  2009H1      24,844 rows     11.8s  mean pd 0.0019
  2009H2      24,709 rows     11.9s  mean pd 0.0031
  2010H1      24,843 rows     12.0s  mean pd 0.0036
  2010H2      24,683 rows     11.8s  mean pd 0.0030
  2011H1      24,614 rows     11.8s  mean pd 0.0041
  2011H2      24,646 rows     11.8s  mean pd 0.0032
  2012H1      24,306 rows     11.8s  mean pd 0.0055
  2012H2      24,538 rows     11.8s  mean pd 0.0051
  2013H1      24,341 rows     11.8s  mean pd 0.0056
  2013H2      23,974 rows     11.7s  mean pd 0.0064
  2014H1      24,341 rows     11.8s  mean pd 0.0056
  2014H2      24,213 rows     11.8s  mean pd 0.0048
  2015H1      24,159 rows     11.8s  mean pd 0.0040
  2015H2      24,159 rows     11.8s  mean pd 0.0044
  2016H1      24,632 rows     11.9s  mean pd 0.0042
  2016H2      24,760 rows     12.0s  mean pd 0.0037
  2017H1      24,541 rows     11.8s  mean pd 0.0046
  2017H2      24,680 rows     11.8s  mean pd 0.0045
  2018H1      24,416 rows     11.8s  mean pd 0.0046
  2018H2      24,543 rows     11.8s  mean pd 0.0049
  2019H1      24,752 rows     11.8s  mean pd 0.0046
  2019H2      24,861 rows     11.8s  mean pd 0.0038
  2020H1      24,880 rows     11.8s  mean pd 0.0031
  2020H2      24,919 rows     11.8s  mean pd 0.0027
  2021H1      24,909 rows     11.8s  mean pd 0.0029
  2021H2      24,929 rows     11.8s  mean pd 0.0035
  2022H1      24,889 rows     11.8s  mean pd 0.0042
  2022H2      24,859 rows     11.8s  mean pd 0.0050
  2023H1      24,882 rows     11.8s  mean pd 0.0053
  2023H2      24,866 rows     11.8s  mean pd 0.0049
  repeat 2005H1: largest disagreement 0.00e+00, 0 rows differ

scored rows           : 2,793,369
reference rows        : 150,000
wall                  : 1461s

