tabpfn@t1/20260911: context 50,000 rows read in 1.1s
  reference   50,000 rows    445.3s  mean pd 0.0232
  2014Q3      20,000 rows    322.1s  mean pd 0.0250
  2014Q4      20,000 rows    324.1s  mean pd 0.0235
  2015Q1      20,000 rows    326.5s  mean pd 0.0233
  2015Q2      20,000 rows    326.2s  mean pd 0.0235
  2015Q3      20,000 rows    324.7s  mean pd 0.0232
  2015Q4      20,000 rows    324.4s  mean pd 0.0225
  2016Q1      20,000 rows    323.8s  mean pd 0.0226
  2016Q2      20,000 rows    323.0s  mean pd 0.0229
  2016Q3      20,000 rows    321.3s  mean pd 0.0243
  2016Q4      20,000 rows    320.5s  mean pd 0.0236
  2017Q1      20,000 rows    320.2s  mean pd 0.0227
  2017Q2      20,000 rows    319.3s  mean pd 0.0229
  2017Q3      20,000 rows    319.4s  mean pd 0.0238
  2017Q4      20,000 rows    319.5s  mean pd 0.0234
  2018Q1      20,000 rows    321.0s  mean pd 0.0225
  repeat 2014Q3: largest disagreement 0.00e+00, 0 rows differ
tabpfn@t1/20260912: context 50,000 rows read in 0.4s
  reference   50,000 rows    446.6s  mean pd 0.0247
  2014Q3      20,000 rows    320.4s  mean pd 0.0265
  2014Q4      20,000 rows    320.8s  mean pd 0.0248
  2015Q1      20,000 rows    321.0s  mean pd 0.0245
  2015Q2      20,000 rows    320.7s  mean pd 0.0246
  2015Q3      20,000 rows    320.2s  mean pd 0.0243
  2015Q4      20,000 rows    320.3s  mean pd 0.0235
  2016Q1      20,000 rows    319.9s  mean pd 0.0236
  2016Q2      20,000 rows    319.6s  mean pd 0.0239
  2016Q3      20,000 rows    319.3s  mean pd 0.0251
  2016Q4      20,000 rows    319.6s  mean pd 0.0245
  2017Q1      20,000 rows    320.0s  mean pd 0.0236
  2017Q2      20,000 rows    320.1s  mean pd 0.0237
  2017Q3      20,000 rows    319.8s  mean pd 0.0249
  2017Q4      20,000 rows    320.0s  mean pd 0.0244
  2018Q1      20,000 rows    320.1s  mean pd 0.0235
  repeat 2014Q3: largest disagreement 0.00e+00, 0 rows differ
tabpfn@t1/20260913: context 50,000 rows read in 0.4s
  reference   50,000 rows    443.5s  mean pd 0.0236
  2014Q3      20,000 rows    320.0s  mean pd 0.0247
  2014Q4      20,000 rows    319.8s  mean pd 0.0227
  2015Q1      20,000 rows    319.2s  mean pd 0.0224
  2015Q2      20,000 rows    320.0s  mean pd 0.0225
  2015Q3      20,000 rows    319.6s  mean pd 0.0223
  2015Q4      20,000 rows    320.0s  mean pd 0.0217
  2016Q1      20,000 rows    319.5s  mean pd 0.0219
  2016Q2      20,000 rows    319.6s  mean pd 0.0221
  2016Q3      20,000 rows    320.3s  mean pd 0.0235
  2016Q4      20,000 rows    319.8s  mean pd 0.0228
  2017Q1      20,000 rows    320.0s  mean pd 0.0220
  2017Q2      20,000 rows    319.9s  mean pd 0.0221
  2017Q3      20,000 rows    319.9s  mean pd 0.0230
  2017Q4      20,000 rows    320.0s  mean pd 0.0220
  2018Q1      20,000 rows    320.0s  mean pd 0.0210
  repeat 2014Q3: largest disagreement 0.00e+00, 0 rows differ

scored rows           : 900,000
reference rows        : 150,000
wall                  : 16740s
