tabpfn@t1/20260911: context 50,000 rows read in 1.1s
  reference   50,000 rows    443.6s  mean pd 0.0281
  2017Q1      20,000 rows    320.0s  mean pd 0.0274
  2017Q2      20,000 rows    319.9s  mean pd 0.0267
  2017Q3      20,000 rows    320.4s  mean pd 0.0278
  2017Q4      20,000 rows    320.6s  mean pd 0.0258
  2018Q1      20,000 rows    320.8s  mean pd 0.0241
  repeat 2017Q1: largest disagreement 0.00e+00, 0 rows differ
tabpfn@t1/20260912: context 50,000 rows read in 0.4s
  reference   50,000 rows    444.7s  mean pd 0.0276
  2017Q1      20,000 rows    320.5s  mean pd 0.0266
  2017Q2      20,000 rows    320.5s  mean pd 0.0261
  2017Q3      20,000 rows    320.2s  mean pd 0.0270
  2017Q4      20,000 rows    320.9s  mean pd 0.0246
  2018Q1      20,000 rows    321.0s  mean pd 0.0229
  repeat 2017Q1: largest disagreement 0.00e+00, 0 rows differ
tabpfn@t1/20260913: context 50,000 rows read in 0.3s
  reference   50,000 rows    444.5s  mean pd 0.0273
  2017Q1      20,000 rows    320.4s  mean pd 0.0258
  2017Q2      20,000 rows    320.3s  mean pd 0.0254
  2017Q3      20,000 rows    320.4s  mean pd 0.0266
  2017Q4      20,000 rows    320.1s  mean pd 0.0239
  2018Q1      20,000 rows    320.1s  mean pd 0.0222
  repeat 2017Q1: largest disagreement 0.00e+00, 0 rows differ

scored rows           : 300,000
reference rows        : 150,000
wall                  : 7106s
