### tabicl@2026-09-13-fm-2010h2e-bundle: /home/node/outoftime-node/.venv/bin/python score_context.py 2026-09-13-fm-2010h2e-bundle --out-dir 2026-09-13-fm-2010h2e-bundle-scored-tabicl --models tabicl --chunk 20000
tabicl/20260911: context 50,000 rows read in 2.0s
  reference   50,000 rows     19.2s  mean pd 0.0125
  2011H1      24,614 rows     11.8s  mean pd 0.0100
  2011H2      24,646 rows     11.8s  mean pd 0.0075
  2012H1      24,306 rows     11.7s  mean pd 0.0138
  2012H2      24,538 rows     11.8s  mean pd 0.0133
  2013H1      24,341 rows     11.7s  mean pd 0.0137
  2013H2      23,974 rows     11.7s  mean pd 0.0144
  2014H1      24,341 rows     11.7s  mean pd 0.0126
  2014H2      24,213 rows     11.7s  mean pd 0.0112
  2015H1      24,159 rows     11.7s  mean pd 0.0099
  2015H2      24,159 rows     11.7s  mean pd 0.0104
  2016H1      24,632 rows     11.8s  mean pd 0.0104
  2016H2      24,760 rows     11.8s  mean pd 0.0098
  2017H1      24,541 rows     11.8s  mean pd 0.0115
  2017H2      24,680 rows     11.8s  mean pd 0.0113
  2018H1      24,416 rows     11.7s  mean pd 0.0112
  2018H2      24,543 rows     11.8s  mean pd 0.0116
  2019H1      24,752 rows     11.8s  mean pd 0.0113
  2019H2      24,861 rows     11.8s  mean pd 0.0103
  2020H1      24,880 rows     11.8s  mean pd 0.0084
  2020H2      24,919 rows     11.8s  mean pd 0.0073
  2021H1      24,909 rows     11.8s  mean pd 0.0078
  2021H2      24,929 rows     11.8s  mean pd 0.0093
  2022H1      24,889 rows     11.8s  mean pd 0.0107
  2022H2      24,859 rows     11.8s  mean pd 0.0113
  2023H1      24,882 rows     11.8s  mean pd 0.0111
  2023H2      24,866 rows     11.8s  mean pd 0.0103
  repeat 2011H1: largest disagreement 0.00e+00, 0 rows differ
tabicl/20260912: context 50,000 rows read in 0.9s
  reference   50,000 rows     18.8s  mean pd 0.0119
  2011H1      24,614 rows     11.7s  mean pd 0.0105
  2011H2      24,646 rows     11.8s  mean pd 0.0080
  2012H1      24,306 rows     11.7s  mean pd 0.0139
  2012H2      24,538 rows     11.7s  mean pd 0.0131
  2013H1      24,341 rows     11.7s  mean pd 0.0136
  2013H2      23,974 rows     11.7s  mean pd 0.0141
  2014H1      24,341 rows     11.7s  mean pd 0.0122
  2014H2      24,213 rows     11.7s  mean pd 0.0108
  2015H1      24,159 rows     11.7s  mean pd 0.0097
  2015H2      24,159 rows     11.7s  mean pd 0.0101
  2016H1      24,632 rows     11.7s  mean pd 0.0101
  2016H2      24,760 rows     11.8s  mean pd 0.0095
  2017H1      24,541 rows     11.7s  mean pd 0.0106
  2017H2      24,680 rows     11.8s  mean pd 0.0104
  2018H1      24,416 rows     11.7s  mean pd 0.0098
  2018H2      24,543 rows     11.7s  mean pd 0.0098
  2019H1      24,752 rows     11.8s  mean pd 0.0096
  2019H2      24,861 rows     11.8s  mean pd 0.0093
  2020H1      24,880 rows     11.8s  mean pd 0.0078
  2020H2      24,919 rows     11.8s  mean pd 0.0070
  2021H1      24,909 rows     11.8s  mean pd 0.0073
  2021H2      24,929 rows     11.8s  mean pd 0.0085
  2022H1      24,889 rows     11.8s  mean pd 0.0092
  2022H2      24,859 rows     11.8s  mean pd 0.0090
  2023H1      24,882 rows     11.8s  mean pd 0.0084
  2023H2      24,866 rows     11.8s  mean pd 0.0079
  repeat 2011H1: largest disagreement 0.00e+00, 0 rows differ
tabicl/20260913: context 50,000 rows read in 1.0s
  reference   50,000 rows     18.8s  mean pd 0.0129
  2011H1      24,614 rows     11.7s  mean pd 0.0098
  2011H2      24,646 rows     11.7s  mean pd 0.0074
  2012H1      24,306 rows     11.7s  mean pd 0.0133
  2012H2      24,538 rows     11.7s  mean pd 0.0128
  2013H1      24,341 rows     11.7s  mean pd 0.0134
  2013H2      23,974 rows     11.7s  mean pd 0.0143
  2014H1      24,341 rows     11.7s  mean pd 0.0128
  2014H2      24,213 rows     11.7s  mean pd 0.0114
  2015H1      24,159 rows     11.7s  mean pd 0.0099
  2015H2      24,159 rows     11.7s  mean pd 0.0109
  2016H1      24,632 rows     11.7s  mean pd 0.0108
  2016H2      24,760 rows     11.8s  mean pd 0.0101
  2017H1      24,541 rows     11.7s  mean pd 0.0122
  2017H2      24,680 rows     11.8s  mean pd 0.0120
  2018H1      24,416 rows     11.7s  mean pd 0.0121
  2018H2      24,543 rows     11.7s  mean pd 0.0126
  2019H1      24,752 rows     11.8s  mean pd 0.0121
  2019H2      24,861 rows     11.8s  mean pd 0.0106
  2020H1      24,880 rows     11.8s  mean pd 0.0085
  2020H2      24,919 rows     11.8s  mean pd 0.0072
  2021H1      24,909 rows     11.8s  mean pd 0.0080
  2021H2      24,929 rows     11.8s  mean pd 0.0098
  2022H1      24,889 rows     11.8s  mean pd 0.0117
  2022H2      24,859 rows     11.8s  mean pd 0.0123
  2023H1      24,882 rows     11.8s  mean pd 0.0124
  2023H2      24,866 rows     11.8s  mean pd 0.0114
  repeat 2011H1: largest disagreement 0.00e+00, 0 rows differ

scored rows           : 1,918,827
reference rows        : 150,000
wall                  : 1025s

