tabpfn@t1/20260911: context 50,000 rows read in 1.1s
  reference   50,000 rows    447.7s  mean pd 0.0251
  2017Q1      20,000 rows    321.8s  mean pd 0.0246
  2017Q2      20,000 rows    321.5s  mean pd 0.0246
  2017Q3      20,000 rows    320.3s  mean pd 0.0253
  2017Q4      20,000 rows    317.7s  mean pd 0.0242
  2018Q1      20,000 rows    314.0s  mean pd 0.0230
  repeat 2017Q1: largest disagreement 0.00e+00, 0 rows differ
tabpfn@t1/20260912: context 50,000 rows read in 0.3s
  reference   50,000 rows    442.0s  mean pd 0.0243
  2017Q1      20,000 rows    320.7s  mean pd 0.0237
  2017Q2      20,000 rows    321.4s  mean pd 0.0236
  2017Q3      20,000 rows    321.9s  mean pd 0.0244
  2017Q4      20,000 rows    319.5s  mean pd 0.0228
  2018Q1      20,000 rows    318.5s  mean pd 0.0216
  repeat 2017Q1: largest disagreement 0.00e+00, 0 rows differ
tabpfn@t1/20260913: context 50,000 rows read in 0.3s
  reference   50,000 rows    439.2s  mean pd 0.0253
  2017Q1      20,000 rows    316.8s  mean pd 0.0250
  2017Q2      20,000 rows    317.5s  mean pd 0.0248
  2017Q3      20,000 rows    318.3s  mean pd 0.0259
  2017Q4      20,000 rows    318.3s  mean pd 0.0247
  2018Q1      20,000 rows    318.3s  mean pd 0.0236
  repeat 2017Q1: largest disagreement 0.00e+00, 0 rows differ

scored rows           : 300,000
reference rows        : 150,000
wall                  : 7070s
