INFO: You are downloading 'tabicl-classifier-v2-20260212.ckpt', the latest best-performing version, used in our TabICLv2 paper.

Checkpoint 'tabicl-classifier-v2-20260212.ckpt' not cached.
 Downloading from Hugging Face Hub (jingang/TabICL).

tabicl@t1/20260911: context 50,000 rows read in 6.5s
  reference   50,000 rows    204.7s  mean pd 0.0223
  2015Q3      20,000 rows     73.7s  mean pd 0.0237
  2015Q4      20,000 rows     73.6s  mean pd 0.0230
  2016Q1      20,000 rows     73.5s  mean pd 0.0232
  repeat 2015Q3: largest disagreement 0.00e+00, 0 rows differ

scored rows           : 60,000
reference rows        : 50,000
wall                  : 510s

TabPFN requires a one-time license acceptance to download model weights for local inference.

No display detected. Open this URL in a browser on another device:

  https://ux.priorlabs.ai/login?hf_repo_id=tabpfn_3

After logging in, accept the license on the Licenses tab,
then copy your API Key from
  https://ux.priorlabs.ai/account

  [c] Copy URL to clipboard    Paste your API key to continue

> [API key pasted here; removed from this copy]
License accepted — API key cached for future sessions.

tabpfn@t1/20260911: context 50,000 rows read in 139.1s
  reference   50,000 rows    387.8s  mean pd 0.0224
  2015Q3      20,000 rows    135.1s  mean pd 0.0214
  2015Q4      20,000 rows    135.2s  mean pd 0.0207
  2016Q1      20,000 rows    135.5s  mean pd 0.0208
  repeat 2015Q3: largest disagreement 0.00e+00, 0 rows differ

scored rows           : 120,000
reference rows        : 100,000
wall                  : 1075s
tabpfn@t1+bal/20260911: context 50,000 rows read in 2.9s
  reference   50,000 rows    388.1s  mean pd 0.4443
  2015Q3      20,000 rows    135.4s  mean pd 0.4333
  2015Q4      20,000 rows    135.9s  mean pd 0.4260
  2016Q1      20,000 rows    136.0s  mean pd 0.4235
  repeat 2015Q3: largest disagreement 0.00e+00, 0 rows differ

scored rows           : 180,000
reference rows        : 150,000
wall                  : 939s
