### tabpfn@2026-09-13-fm-2010h2r-bundle: /home/node/outoftime-node/.venv/bin/python score_context.py 2026-09-13-fm-2010h2r-bundle --out-dir 2026-09-13-fm-2010h2r-bundle-scored-tabpfn --models tabpfn --chunk 20000
tabpfn/20260911: context 50,000 rows read in 1.9s
  reference   50,000 rows     36.5s  mean pd 0.0371
  2011H1      24,614 rows     22.6s  mean pd 0.0202
  2011H2      24,646 rows     22.6s  mean pd 0.0163
  2012H1      24,306 rows     22.6s  mean pd 0.0252
  2012H2      24,538 rows     22.7s  mean pd 0.0257
  2013H1      24,341 rows     22.6s  mean pd 0.0279
  2013H2      23,974 rows     22.3s  mean pd 0.0312
  2014H1      24,341 rows     22.6s  mean pd 0.0307
  2014H2      24,213 rows     22.6s  mean pd 0.0295
  2015H1      24,159 rows     22.5s  mean pd 0.0282
  2015H2      24,159 rows     22.7s  mean pd 0.0292
  2016H1      24,632 rows     22.6s  mean pd 0.0302
  2016H2      24,760 rows     22.6s  mean pd 0.0306
  2017H1      24,541 rows     22.7s  mean pd 0.0336
  2017H2      24,680 rows     22.7s  mean pd 0.0329
  2018H1      24,416 rows     22.6s  mean pd 0.0313
  2018H2      24,543 rows     22.7s  mean pd 0.0312
  2019H1      24,752 rows     22.6s  mean pd 0.0314
  2019H2      24,861 rows     22.7s  mean pd 0.0303
  2020H1      24,880 rows     22.7s  mean pd 0.0251
  2020H2      24,919 rows     22.6s  mean pd 0.0223
  2021H1      24,909 rows     22.6s  mean pd 0.0230
  2021H2      24,929 rows     22.7s  mean pd 0.0261
  2022H1      24,889 rows     22.7s  mean pd 0.0274
  2022H2      24,859 rows     22.7s  mean pd 0.0271
  2023H1      24,882 rows     22.7s  mean pd 0.0267
  2023H2      24,866 rows     22.6s  mean pd 0.0235
  repeat 2011H1: largest disagreement 0.00e+00, 0 rows differ
tabpfn/20260912: context 50,000 rows read in 0.8s
  reference   50,000 rows     36.1s  mean pd 0.0354
  2011H1      24,614 rows     22.6s  mean pd 0.0207
  2011H2      24,646 rows     22.7s  mean pd 0.0167
  2012H1      24,306 rows     22.7s  mean pd 0.0279
  2012H2      24,538 rows     22.7s  mean pd 0.0277
  2013H1      24,341 rows     22.7s  mean pd 0.0292
  2013H2      23,974 rows     22.4s  mean pd 0.0317
  2014H1      24,341 rows     22.7s  mean pd 0.0303
  2014H2      24,213 rows     22.7s  mean pd 0.0289
  2015H1      24,159 rows     22.7s  mean pd 0.0276
  2015H2      24,159 rows     22.7s  mean pd 0.0285
  2016H1      24,632 rows     22.7s  mean pd 0.0293
  2016H2      24,760 rows     22.7s  mean pd 0.0298
  2017H1      24,541 rows     22.7s  mean pd 0.0327
  2017H2      24,680 rows     22.7s  mean pd 0.0321
  2018H1      24,416 rows     22.7s  mean pd 0.0303
  2018H2      24,543 rows     22.7s  mean pd 0.0301
  2019H1      24,752 rows     22.7s  mean pd 0.0303
  2019H2      24,861 rows     22.8s  mean pd 0.0292
  2020H1      24,880 rows     22.7s  mean pd 0.0244
  2020H2      24,919 rows     22.7s  mean pd 0.0220
  2021H1      24,909 rows     22.7s  mean pd 0.0224
  2021H2      24,929 rows     22.8s  mean pd 0.0254
  2022H1      24,889 rows     22.7s  mean pd 0.0263
  2022H2      24,859 rows     22.7s  mean pd 0.0260
  2023H1      24,882 rows     22.7s  mean pd 0.0257
  2023H2      24,866 rows     22.8s  mean pd 0.0225
  repeat 2011H1: largest disagreement 0.00e+00, 0 rows differ
tabpfn/20260913: context 50,000 rows read in 0.7s
  reference   50,000 rows     36.1s  mean pd 0.0346
  2011H1      24,614 rows     22.6s  mean pd 0.0235
  2011H2      24,646 rows     22.7s  mean pd 0.0191
  2012H1      24,306 rows     22.6s  mean pd 0.0337
  2012H2      24,538 rows     22.6s  mean pd 0.0327
  2013H1      24,341 rows     22.6s  mean pd 0.0340
  2013H2      23,974 rows     22.4s  mean pd 0.0354
  2014H1      24,341 rows     22.6s  mean pd 0.0324
  2014H2      24,213 rows     22.6s  mean pd 0.0299
  2015H1      24,159 rows     22.7s  mean pd 0.0285
  2015H2      24,159 rows     22.6s  mean pd 0.0290
  2016H1      24,632 rows     22.6s  mean pd 0.0298
  2016H2      24,760 rows     22.6s  mean pd 0.0298
  2017H1      24,541 rows     22.6s  mean pd 0.0327
  2017H2      24,680 rows     22.7s  mean pd 0.0318
  2018H1      24,416 rows     22.8s  mean pd 0.0302
  2018H2      24,543 rows     22.8s  mean pd 0.0297
  2019H1      24,752 rows     22.7s  mean pd 0.0300
  2019H2      24,861 rows     22.7s  mean pd 0.0291
  2020H1      24,880 rows     22.7s  mean pd 0.0247
  2020H2      24,919 rows     22.7s  mean pd 0.0224
  2021H1      24,909 rows     22.6s  mean pd 0.0224
  2021H2      24,929 rows     22.6s  mean pd 0.0248
  2022H1      24,889 rows     22.7s  mean pd 0.0254
  2022H2      24,859 rows     22.6s  mean pd 0.0254
  2023H1      24,882 rows     22.6s  mean pd 0.0251
  2023H2      24,866 rows     22.6s  mean pd 0.0221
  repeat 2011H1: largest disagreement 0.00e+00, 0 rows differ

scored rows           : 1,918,827
reference rows        : 150,000
wall                  : 1958s

