### tabpfn@2026-09-14-fm-2006h2e-bundle-upb-nominal: /home/node/outoftime-node/.venv/bin/python score_context.py 2026-09-14-fm-2006h2e-bundle-upb-nominal --out-dir 2026-09-14-fm-2006h2e-bundle-upb-nominal-scored-tabpfn --models tabpfn --chunk 20000
tabpfn/20260911: context 50,000 rows read in 2.6s
  reference   50,000 rows     37.1s  mean pd 0.0066
  2007H1      23,169 rows     22.2s  mean pd 0.0076
  2007H2      24,367 rows     22.5s  mean pd 0.0086
  2008H1      24,660 rows     22.6s  mean pd 0.0052
  2008H2      24,746 rows     22.7s  mean pd 0.0040
  2009H1      24,844 rows     22.6s  mean pd 0.0017
  2009H2      24,709 rows     22.8s  mean pd 0.0024
  2010H1      24,843 rows     22.7s  mean pd 0.0027
  2010H2      24,683 rows     22.8s  mean pd 0.0022
  2011H1      24,614 rows     22.6s  mean pd 0.0030
  2011H2      24,646 rows     22.7s  mean pd 0.0023
  2012H1      24,306 rows     22.7s  mean pd 0.0037
  2012H2      24,538 rows     22.6s  mean pd 0.0036
  2013H1      24,341 rows     22.8s  mean pd 0.0041
  2013H2      23,974 rows     22.5s  mean pd 0.0049
  2014H1      24,341 rows     22.7s  mean pd 0.0045
  2014H2      24,213 rows     22.6s  mean pd 0.0039
  2015H1      24,159 rows     22.6s  mean pd 0.0032
  2015H2      24,159 rows     22.6s  mean pd 0.0037
  2016H1      24,632 rows     22.8s  mean pd 0.0035
  2016H2      24,760 rows     22.7s  mean pd 0.0030
  2017H1      24,541 rows     22.7s  mean pd 0.0039
  2017H2      24,680 rows     22.7s  mean pd 0.0038
  2018H1      24,416 rows     22.6s  mean pd 0.0038
  2018H2      24,543 rows     22.7s  mean pd 0.0039
  2019H1      24,752 rows     22.7s  mean pd 0.0036
  2019H2      24,861 rows     22.7s  mean pd 0.0030
  2020H1      24,880 rows     22.6s  mean pd 0.0024
  2020H2      24,919 rows     22.6s  mean pd 0.0020
  2021H1      24,909 rows     22.6s  mean pd 0.0023
  2021H2      24,929 rows     23.0s  mean pd 0.0028
  2022H1      24,889 rows     22.8s  mean pd 0.0034
  2022H2      24,859 rows     22.6s  mean pd 0.0036
  2023H1      24,882 rows     22.6s  mean pd 0.0035
  2023H2      24,866 rows     22.7s  mean pd 0.0033
  repeat 2007H1: largest disagreement 0.00e+00, 0 rows differ
tabpfn/20260912: context 50,000 rows read in 0.9s
  reference   50,000 rows     36.0s  mean pd 0.0065
  2007H1      23,169 rows     22.3s  mean pd 0.0076
  2007H2      24,367 rows     22.7s  mean pd 0.0087
  2008H1      24,660 rows     22.7s  mean pd 0.0052
  2008H2      24,746 rows     23.0s  mean pd 0.0041
  2009H1      24,844 rows     22.7s  mean pd 0.0017
  2009H2      24,709 rows     22.7s  mean pd 0.0027
  2010H1      24,843 rows     22.7s  mean pd 0.0031
  2010H2      24,683 rows     22.7s  mean pd 0.0025
  2011H1      24,614 rows     22.7s  mean pd 0.0037
  2011H2      24,646 rows     22.7s  mean pd 0.0027
  2012H1      24,306 rows     22.7s  mean pd 0.0051
  2012H2      24,538 rows     22.7s  mean pd 0.0049
  2013H1      24,341 rows     23.0s  mean pd 0.0055
  2013H2      23,974 rows     22.4s  mean pd 0.0062
  2014H1      24,341 rows     22.6s  mean pd 0.0053
  2014H2      24,213 rows     22.7s  mean pd 0.0044
  2015H1      24,159 rows     22.7s  mean pd 0.0035
  2015H2      24,159 rows     22.7s  mean pd 0.0039
  2016H1      24,632 rows     22.7s  mean pd 0.0038
  2016H2      24,760 rows     23.0s  mean pd 0.0032
  2017H1      24,541 rows     22.7s  mean pd 0.0042
  2017H2      24,680 rows     22.7s  mean pd 0.0040
  2018H1      24,416 rows     22.7s  mean pd 0.0040
  2018H2      24,543 rows     22.8s  mean pd 0.0043
  2019H1      24,752 rows     22.7s  mean pd 0.0039
  2019H2      24,861 rows     22.7s  mean pd 0.0032
  2020H1      24,880 rows     23.1s  mean pd 0.0025
  2020H2      24,919 rows     22.7s  mean pd 0.0021
  2021H1      24,909 rows     22.7s  mean pd 0.0023
  2021H2      24,929 rows     22.7s  mean pd 0.0029
  2022H1      24,889 rows     22.7s  mean pd 0.0036
  2022H2      24,859 rows     22.8s  mean pd 0.0040
  2023H1      24,882 rows     22.7s  mean pd 0.0042
  2023H2      24,866 rows     22.8s  mean pd 0.0040
  repeat 2007H1: largest disagreement 0.00e+00, 0 rows differ
tabpfn/20260913: context 50,000 rows read in 0.8s
  reference   50,000 rows     36.4s  mean pd 0.0061
  2007H1      23,169 rows     22.3s  mean pd 0.0071
  2007H2      24,367 rows     22.7s  mean pd 0.0078
  2008H1      24,660 rows     22.7s  mean pd 0.0048
  2008H2      24,746 rows     22.7s  mean pd 0.0038
  2009H1      24,844 rows     22.7s  mean pd 0.0017
  2009H2      24,709 rows     22.7s  mean pd 0.0025
  2010H1      24,843 rows     22.7s  mean pd 0.0028
  2010H2      24,683 rows     22.7s  mean pd 0.0023
  2011H1      24,614 rows     22.7s  mean pd 0.0032
  2011H2      24,646 rows     23.1s  mean pd 0.0024
  2012H1      24,306 rows     22.7s  mean pd 0.0040
  2012H2      24,538 rows     22.8s  mean pd 0.0038
  2013H1      24,341 rows     22.8s  mean pd 0.0044
  2013H2      23,974 rows     22.8s  mean pd 0.0051
  2014H1      24,341 rows     22.8s  mean pd 0.0045
  2014H2      24,213 rows     22.7s  mean pd 0.0040
  2015H1      24,159 rows     22.7s  mean pd 0.0033
  2015H2      24,159 rows     22.7s  mean pd 0.0036
  2016H1      24,632 rows     22.7s  mean pd 0.0035
  2016H2      24,760 rows     22.8s  mean pd 0.0030
  2017H1      24,541 rows     23.1s  mean pd 0.0038
  2017H2      24,680 rows     22.7s  mean pd 0.0037
  2018H1      24,416 rows     22.7s  mean pd 0.0036
  2018H2      24,543 rows     22.7s  mean pd 0.0038
  2019H1      24,752 rows     22.8s  mean pd 0.0036
  2019H2      24,861 rows     22.8s  mean pd 0.0030
  2020H1      24,880 rows     22.9s  mean pd 0.0024
  2020H2      24,919 rows     22.8s  mean pd 0.0020
  2021H1      24,909 rows     22.7s  mean pd 0.0023
  2021H2      24,929 rows     22.7s  mean pd 0.0028
  2022H1      24,889 rows     22.8s  mean pd 0.0034
  2022H2      24,859 rows     22.7s  mean pd 0.0035
  2023H1      24,882 rows     22.7s  mean pd 0.0035
  2023H2      24,866 rows     22.7s  mean pd 0.0033
  repeat 2007H1: largest disagreement 0.00e+00, 0 rows differ

scored rows           : 2,506,890
reference rows        : 150,000
wall                  : 2512s

