### tabicl@2026-09-06-lc-2014h2e-bundle: python score_context.py 2026-09-06-lc-2014h2e-bundle --out-dir 2026-09-06-lc-2014h2e-bundle-scored-tabicl --models tabicl --chunk 20000
tabicl/20260911: context 50,000 rows read in 2.6s
  reference   50,000 rows    211.4s  mean pd 0.0153
  2015Q1      20,000 rows     73.8s  mean pd 0.0179
  2015Q2      20,000 rows     73.8s  mean pd 0.0180
  2015Q3      20,000 rows     73.7s  mean pd 0.0177
  2015Q4      20,000 rows     73.8s  mean pd 0.0173
  2016Q1      20,000 rows     73.9s  mean pd 0.0175
  2016Q2      20,000 rows     73.8s  mean pd 0.0174
  2016Q3      20,000 rows     73.8s  mean pd 0.0183
  2016Q4      20,000 rows     73.8s  mean pd 0.0181
  2017Q1      20,000 rows     73.8s  mean pd 0.0173
  2017Q2      20,000 rows     74.0s  mean pd 0.0176
  2017Q3      20,000 rows     73.7s  mean pd 0.0186
  2017Q4      20,000 rows     73.8s  mean pd 0.0186
  2018Q1      20,000 rows     73.8s  mean pd 0.0180
  repeat 2015Q1: largest disagreement 0.00e+00, 0 rows differ
tabicl/20260912: context 50,000 rows read in 1.4s
  reference   50,000 rows    211.1s  mean pd 0.0152
  2015Q1      20,000 rows     73.8s  mean pd 0.0169
  2015Q2      20,000 rows     73.8s  mean pd 0.0170
  2015Q3      20,000 rows     73.9s  mean pd 0.0168
  2015Q4      20,000 rows     73.6s  mean pd 0.0162
  2016Q1      20,000 rows     73.8s  mean pd 0.0165
  2016Q2      20,000 rows     73.7s  mean pd 0.0166
  2016Q3      20,000 rows     73.8s  mean pd 0.0176
  2016Q4      20,000 rows     73.8s  mean pd 0.0172
  2017Q1      20,000 rows     73.6s  mean pd 0.0166
  2017Q2      20,000 rows     73.7s  mean pd 0.0169
  2017Q3      20,000 rows     73.7s  mean pd 0.0177
  2017Q4      20,000 rows     73.7s  mean pd 0.0176
  2018Q1      20,000 rows     73.5s  mean pd 0.0170
  repeat 2015Q1: largest disagreement 0.00e+00, 0 rows differ
tabicl/20260913: context 50,000 rows read in 1.4s
  reference   50,000 rows    211.1s  mean pd 0.0159
  2015Q1      20,000 rows     73.7s  mean pd 0.0187
  2015Q2      20,000 rows     73.7s  mean pd 0.0188
  2015Q3      20,000 rows     73.9s  mean pd 0.0184
  2015Q4      20,000 rows     73.8s  mean pd 0.0178
  2016Q1      20,000 rows     73.8s  mean pd 0.0180
  2016Q2      20,000 rows     73.8s  mean pd 0.0181
  2016Q3      20,000 rows     73.9s  mean pd 0.0186
  2016Q4      20,000 rows     73.8s  mean pd 0.0183
  2017Q1      20,000 rows     73.9s  mean pd 0.0175
  2017Q2      20,000 rows     73.7s  mean pd 0.0179
  2017Q3      20,000 rows     73.6s  mean pd 0.0190
  2017Q4      20,000 rows     73.6s  mean pd 0.0187
  2018Q1      20,000 rows     73.8s  mean pd 0.0181
  repeat 2015Q1: largest disagreement 0.00e+00, 0 rows differ

scored rows           : 780,000
reference rows        : 150,000
wall                  : 3753s

