tabpfn/20260911: context 50,000 rows read in 1.3s
  reference   50,000 rows    440.5s  mean pd 0.0159
  2015Q1      20,000 rows    318.3s  mean pd 0.0155
  2015Q2      20,000 rows    318.0s  mean pd 0.0156
  2015Q3      20,000 rows    318.9s  mean pd 0.0152
  2015Q4      20,000 rows    317.9s  mean pd 0.0147
  2016Q1      20,000 rows    317.7s  mean pd 0.0148
  2016Q2      20,000 rows    318.0s  mean pd 0.0149
  2016Q3      20,000 rows    317.2s  mean pd 0.0157
  2016Q4      20,000 rows    316.2s  mean pd 0.0154
  2017Q1      20,000 rows    316.6s  mean pd 0.0147
  2017Q2      20,000 rows    316.5s  mean pd 0.0149
  2017Q3      20,000 rows    315.8s  mean pd 0.0157
  2017Q4      20,000 rows    315.6s  mean pd 0.0155
  2018Q1      20,000 rows    316.2s  mean pd 0.0149
  repeat 2015Q1: largest disagreement 0.00e+00, 0 rows differ
tabpfn/20260912: context 50,000 rows read in 0.4s
  reference   50,000 rows    439.5s  mean pd 0.0157
  2015Q1      20,000 rows    315.4s  mean pd 0.0148
  2015Q2      20,000 rows    315.1s  mean pd 0.0148
  2015Q3      20,000 rows    315.5s  mean pd 0.0146
  2015Q4      20,000 rows    316.4s  mean pd 0.0140
  2016Q1      20,000 rows    315.8s  mean pd 0.0141
  2016Q2      20,000 rows    314.8s  mean pd 0.0142
  2016Q3      20,000 rows    315.9s  mean pd 0.0152
  2016Q4      20,000 rows    315.6s  mean pd 0.0148
  2017Q1      20,000 rows    315.5s  mean pd 0.0143
  2017Q2      20,000 rows    315.9s  mean pd 0.0143
  2017Q3      20,000 rows    314.9s  mean pd 0.0149
  2017Q4      20,000 rows    314.7s  mean pd 0.0146
  2018Q1      20,000 rows    315.2s  mean pd 0.0140
  repeat 2015Q1: largest disagreement 0.00e+00, 0 rows differ
tabpfn/20260913: context 50,000 rows read in 0.4s
  reference   50,000 rows    436.4s  mean pd 0.0162
  2015Q1      20,000 rows    315.9s  mean pd 0.0163
  2015Q2      20,000 rows    314.7s  mean pd 0.0163
  2015Q3      20,000 rows    314.7s  mean pd 0.0159
  2015Q4      20,000 rows    315.1s  mean pd 0.0153
  2016Q1      20,000 rows    316.5s  mean pd 0.0155
  2016Q2      20,000 rows    314.7s  mean pd 0.0157
  2016Q3      20,000 rows    314.3s  mean pd 0.0161
  2016Q4      20,000 rows    316.1s  mean pd 0.0157
  2017Q1      20,000 rows    315.2s  mean pd 0.0151
  2017Q2      20,000 rows    315.2s  mean pd 0.0153
  2017Q3      20,000 rows    315.0s  mean pd 0.0161
  2017Q4      20,000 rows    314.4s  mean pd 0.0156
  2018Q1      20,000 rows    314.9s  mean pd 0.0150
  repeat 2015Q1: largest disagreement 0.00e+00, 0 rows differ

scored rows           : 780,000
reference rows        : 150,000
wall                  : 14591s
