### tabicl@2026-09-14-fm-2014h2e-bundle-upb-nominal: /home/node/outoftime-node/.venv/bin/python score_context.py 2026-09-14-fm-2014h2e-bundle-upb-nominal --out-dir 2026-09-14-fm-2014h2e-bundle-upb-nominal-scored-tabicl --models tabicl --chunk 20000
tabicl/20260911: context 50,000 rows read in 2.1s
  reference   50,000 rows     19.4s  mean pd 0.0103
  2015H1      24,159 rows     11.8s  mean pd 0.0092
  2015H2      24,159 rows     11.7s  mean pd 0.0102
  2016H1      24,632 rows     11.8s  mean pd 0.0104
  2016H2      24,760 rows     11.8s  mean pd 0.0101
  2017H1      24,541 rows     11.8s  mean pd 0.0120
  2017H2      24,680 rows     11.8s  mean pd 0.0121
  2018H1      24,416 rows     11.8s  mean pd 0.0124
  2018H2      24,543 rows     11.8s  mean pd 0.0126
  2019H1      24,752 rows     11.8s  mean pd 0.0125
  2019H2      24,861 rows     12.1s  mean pd 0.0112
  2020H1      24,880 rows     12.1s  mean pd 0.0092
  2020H2      24,919 rows     11.8s  mean pd 0.0079
  2021H1      24,909 rows     11.8s  mean pd 0.0091
  2021H2      24,929 rows     11.8s  mean pd 0.0111
  2022H1      24,889 rows     11.8s  mean pd 0.0133
  2022H2      24,859 rows     11.8s  mean pd 0.0137
  2023H1      24,882 rows     11.8s  mean pd 0.0145
  2023H2      24,866 rows     11.8s  mean pd 0.0133
  repeat 2015H1: largest disagreement 0.00e+00, 0 rows differ
tabicl/20260912: context 50,000 rows read in 1.1s
  reference   50,000 rows     19.1s  mean pd 0.0102
  2015H1      24,159 rows     11.7s  mean pd 0.0099
  2015H2      24,159 rows     11.8s  mean pd 0.0109
  2016H1      24,632 rows     11.8s  mean pd 0.0112
  2016H2      24,760 rows     11.8s  mean pd 0.0111
  2017H1      24,541 rows     11.8s  mean pd 0.0130
  2017H2      24,680 rows     11.8s  mean pd 0.0131
  2018H1      24,416 rows     11.8s  mean pd 0.0134
  2018H2      24,543 rows     12.0s  mean pd 0.0138
  2019H1      24,752 rows     11.8s  mean pd 0.0139
  2019H2      24,861 rows     11.8s  mean pd 0.0127
  2020H1      24,880 rows     11.8s  mean pd 0.0104
  2020H2      24,919 rows     11.8s  mean pd 0.0092
  2021H1      24,909 rows     11.8s  mean pd 0.0104
  2021H2      24,929 rows     11.8s  mean pd 0.0128
  2022H1      24,889 rows     11.8s  mean pd 0.0157
  2022H2      24,859 rows     11.8s  mean pd 0.0171
  2023H1      24,882 rows     11.8s  mean pd 0.0183
  2023H2      24,866 rows     11.8s  mean pd 0.0167
  repeat 2015H1: largest disagreement 0.00e+00, 0 rows differ
tabicl/20260913: context 50,000 rows read in 1.1s
  reference   50,000 rows     18.9s  mean pd 0.0103
  2015H1      24,159 rows     11.7s  mean pd 0.0094
  2015H2      24,159 rows     11.7s  mean pd 0.0101
  2016H1      24,632 rows     11.8s  mean pd 0.0104
  2016H2      24,760 rows     11.8s  mean pd 0.0103
  2017H1      24,541 rows     11.8s  mean pd 0.0118
  2017H2      24,680 rows     11.8s  mean pd 0.0118
  2018H1      24,416 rows     11.8s  mean pd 0.0119
  2018H2      24,543 rows     11.8s  mean pd 0.0122
  2019H1      24,752 rows     11.8s  mean pd 0.0124
  2019H2      24,861 rows     11.8s  mean pd 0.0118
  2020H1      24,880 rows     11.8s  mean pd 0.0099
  2020H2      24,919 rows     11.8s  mean pd 0.0088
  2021H1      24,909 rows     11.8s  mean pd 0.0099
  2021H2      24,929 rows     11.8s  mean pd 0.0119
  2022H1      24,889 rows     11.8s  mean pd 0.0143
  2022H2      24,859 rows     11.8s  mean pd 0.0146
  2023H1      24,882 rows     11.8s  mean pd 0.0157
  2023H2      24,866 rows     11.8s  mean pd 0.0142
  repeat 2015H1: largest disagreement 0.00e+00, 0 rows differ

scored rows           : 1,333,908
reference rows        : 150,000
wall                  : 746s

