### tabicl@2026-09-06-lc-2014h1e-bundle: python score_context.py 2026-09-06-lc-2014h1e-bundle --out-dir 2026-09-06-lc-2014h1e-bundle-scored-tabicl --models tabicl --chunk 20000
tabicl/20260911: context 50,000 rows read in 2.4s
  reference   50,000 rows    211.5s  mean pd 0.0176
  2014Q3      20,000 rows     73.7s  mean pd 0.0195
  2014Q4      20,000 rows     73.7s  mean pd 0.0182
  2015Q1      20,000 rows     73.7s  mean pd 0.0180
  2015Q2      20,000 rows     73.6s  mean pd 0.0181
  2015Q3      20,000 rows     73.8s  mean pd 0.0176
  2015Q4      20,000 rows     73.7s  mean pd 0.0169
  2016Q1      20,000 rows     73.7s  mean pd 0.0169
  2016Q2      20,000 rows     73.7s  mean pd 0.0171
  2016Q3      20,000 rows     73.7s  mean pd 0.0181
  2016Q4      20,000 rows     73.7s  mean pd 0.0175
  2017Q1      20,000 rows     73.9s  mean pd 0.0167
  2017Q2      20,000 rows     73.8s  mean pd 0.0169
  2017Q3      20,000 rows     73.7s  mean pd 0.0178
  2017Q4      20,000 rows     73.8s  mean pd 0.0175
  2018Q1      20,000 rows     73.9s  mean pd 0.0168
  repeat 2014Q3: largest disagreement 0.00e+00, 0 rows differ
tabicl/20260912: context 50,000 rows read in 1.4s
  reference   50,000 rows    211.2s  mean pd 0.0168
  2014Q3      20,000 rows     73.7s  mean pd 0.0205
  2014Q4      20,000 rows     73.7s  mean pd 0.0193
  2015Q1      20,000 rows     73.7s  mean pd 0.0191
  2015Q2      20,000 rows     73.7s  mean pd 0.0192
  2015Q3      20,000 rows     73.9s  mean pd 0.0187
  2015Q4      20,000 rows     73.9s  mean pd 0.0184
  2016Q1      20,000 rows     73.7s  mean pd 0.0182
  2016Q2      20,000 rows     73.7s  mean pd 0.0184
  2016Q3      20,000 rows     73.6s  mean pd 0.0193
  2016Q4      20,000 rows     73.7s  mean pd 0.0187
  2017Q1      20,000 rows     73.8s  mean pd 0.0179
  2017Q2      20,000 rows     73.9s  mean pd 0.0181
  2017Q3      20,000 rows     73.6s  mean pd 0.0188
  2017Q4      20,000 rows     73.7s  mean pd 0.0183
  2018Q1      20,000 rows     73.7s  mean pd 0.0177
  repeat 2014Q3: largest disagreement 0.00e+00, 0 rows differ
tabicl/20260913: context 50,000 rows read in 1.4s
  reference   50,000 rows    211.2s  mean pd 0.0179
  2014Q3      20,000 rows     73.8s  mean pd 0.0210
  2014Q4      20,000 rows     73.7s  mean pd 0.0194
  2015Q1      20,000 rows     73.8s  mean pd 0.0192
  2015Q2      20,000 rows     73.7s  mean pd 0.0194
  2015Q3      20,000 rows     73.5s  mean pd 0.0189
  2015Q4      20,000 rows     73.5s  mean pd 0.0182
  2016Q1      20,000 rows     73.6s  mean pd 0.0185
  2016Q2      20,000 rows     73.8s  mean pd 0.0189
  2016Q3      20,000 rows     73.7s  mean pd 0.0197
  2016Q4      20,000 rows     73.6s  mean pd 0.0192
  2017Q1      20,000 rows     73.9s  mean pd 0.0183
  2017Q2      20,000 rows     73.6s  mean pd 0.0186
  2017Q3      20,000 rows     73.6s  mean pd 0.0197
  2017Q4      20,000 rows     73.7s  mean pd 0.0194
  2018Q1      20,000 rows     73.6s  mean pd 0.0187
  repeat 2014Q3: largest disagreement 0.00e+00, 0 rows differ

scored rows           : 900,000
reference rows        : 150,000
wall                  : 4193s

