### tabicl@2026-09-13-fm-2016h2e-bundle: /home/node/outoftime-node/.venv/bin/python score_context.py 2026-09-13-fm-2016h2e-bundle --out-dir 2026-09-13-fm-2016h2e-bundle-scored-tabicl --models tabicl --chunk 20000
tabicl/20260911: context 50,000 rows read in 2.0s
  reference   50,000 rows     19.2s  mean pd 0.0094
  2017H1      24,541 rows     11.8s  mean pd 0.0088
  2017H2      24,680 rows     11.8s  mean pd 0.0088
  2018H1      24,416 rows     11.8s  mean pd 0.0087
  2018H2      24,543 rows     11.8s  mean pd 0.0090
  2019H1      24,752 rows     11.8s  mean pd 0.0087
  2019H2      24,861 rows     11.8s  mean pd 0.0079
  2020H1      24,880 rows     11.8s  mean pd 0.0065
  2020H2      24,919 rows     11.8s  mean pd 0.0055
  2021H1      24,909 rows     11.8s  mean pd 0.0063
  2021H2      24,929 rows     11.8s  mean pd 0.0076
  2022H1      24,889 rows     11.8s  mean pd 0.0088
  2022H2      24,859 rows     11.8s  mean pd 0.0084
  2023H1      24,882 rows     11.8s  mean pd 0.0084
  2023H2      24,866 rows     11.8s  mean pd 0.0078
  repeat 2017H1: largest disagreement 0.00e+00, 0 rows differ
tabicl/20260912: context 50,000 rows read in 1.0s
  reference   50,000 rows     18.8s  mean pd 0.0095
  2017H1      24,541 rows     11.8s  mean pd 0.0095
  2017H2      24,680 rows     11.8s  mean pd 0.0097
  2018H1      24,416 rows     11.8s  mean pd 0.0096
  2018H2      24,543 rows     11.8s  mean pd 0.0101
  2019H1      24,752 rows     11.8s  mean pd 0.0096
  2019H2      24,861 rows     11.8s  mean pd 0.0085
  2020H1      24,880 rows     11.8s  mean pd 0.0069
  2020H2      24,919 rows     11.8s  mean pd 0.0058
  2021H1      24,909 rows     11.8s  mean pd 0.0065
  2021H2      24,929 rows     11.8s  mean pd 0.0080
  2022H1      24,889 rows     11.8s  mean pd 0.0093
  2022H2      24,859 rows     11.8s  mean pd 0.0094
  2023H1      24,882 rows     11.8s  mean pd 0.0093
  2023H2      24,866 rows     11.8s  mean pd 0.0085
  repeat 2017H1: largest disagreement 0.00e+00, 0 rows differ
tabicl/20260913: context 50,000 rows read in 1.0s
  reference   50,000 rows     18.8s  mean pd 0.0096
  2017H1      24,541 rows     11.7s  mean pd 0.0083
  2017H2      24,680 rows     11.8s  mean pd 0.0082
  2018H1      24,416 rows     11.7s  mean pd 0.0082
  2018H2      24,543 rows     11.8s  mean pd 0.0084
  2019H1      24,752 rows     11.8s  mean pd 0.0081
  2019H2      24,861 rows     11.8s  mean pd 0.0071
  2020H1      24,880 rows     11.8s  mean pd 0.0057
  2020H2      24,919 rows     11.8s  mean pd 0.0049
  2021H1      24,909 rows     11.8s  mean pd 0.0056
  2021H2      24,929 rows     11.8s  mean pd 0.0070
  2022H1      24,889 rows     11.8s  mean pd 0.0083
  2022H2      24,859 rows     11.8s  mean pd 0.0081
  2023H1      24,882 rows     11.8s  mean pd 0.0079
  2023H2      24,866 rows     11.8s  mean pd 0.0075
  repeat 2017H1: largest disagreement 0.00e+00, 0 rows differ

scored rows           : 1,040,778
reference rows        : 150,000
wall                  : 601s

