### tabpfn@2026-09-13-fm-2018h2e-bundle: /home/node/outoftime-node/.venv/bin/python score_context.py 2026-09-13-fm-2018h2e-bundle --out-dir 2026-09-13-fm-2018h2e-bundle-scored-tabpfn --models tabpfn --chunk 20000
tabpfn/20260911: context 50,000 rows read in 1.9s
  reference   50,000 rows     36.6s  mean pd 0.0081
  2019H1      24,752 rows     22.7s  mean pd 0.0069
  2019H2      24,861 rows     22.7s  mean pd 0.0060
  2020H1      24,880 rows     22.7s  mean pd 0.0048
  2020H2      24,919 rows     22.8s  mean pd 0.0040
  2021H1      24,909 rows     22.7s  mean pd 0.0046
  2021H2      24,929 rows     22.8s  mean pd 0.0059
  2022H1      24,889 rows     22.8s  mean pd 0.0071
  2022H2      24,859 rows     23.0s  mean pd 0.0068
  2023H1      24,882 rows     22.9s  mean pd 0.0068
  2023H2      24,866 rows     23.0s  mean pd 0.0064
  repeat 2019H1: largest disagreement 0.00e+00, 0 rows differ
tabpfn/20260912: context 50,000 rows read in 0.8s
  reference   50,000 rows     36.4s  mean pd 0.0085
  2019H1      24,752 rows     22.8s  mean pd 0.0072
  2019H2      24,861 rows     22.9s  mean pd 0.0065
  2020H1      24,880 rows     22.9s  mean pd 0.0054
  2020H2      24,919 rows     22.9s  mean pd 0.0046
  2021H1      24,909 rows     22.9s  mean pd 0.0052
  2021H2      24,929 rows     22.9s  mean pd 0.0064
  2022H1      24,889 rows     22.8s  mean pd 0.0073
  2022H2      24,859 rows     22.7s  mean pd 0.0069
  2023H1      24,882 rows     22.9s  mean pd 0.0067
  2023H2      24,866 rows     22.9s  mean pd 0.0064
  repeat 2019H1: largest disagreement 0.00e+00, 0 rows differ
tabpfn/20260913: context 50,000 rows read in 0.8s
  reference   50,000 rows     36.3s  mean pd 0.0088
  2019H1      24,752 rows     22.9s  mean pd 0.0073
  2019H2      24,861 rows     22.9s  mean pd 0.0065
  2020H1      24,880 rows     22.8s  mean pd 0.0053
  2020H2      24,919 rows     22.9s  mean pd 0.0045
  2021H1      24,909 rows     22.8s  mean pd 0.0050
  2021H2      24,929 rows     22.9s  mean pd 0.0060
  2022H1      24,889 rows     22.9s  mean pd 0.0069
  2022H2      24,859 rows     22.9s  mean pd 0.0068
  2023H1      24,882 rows     22.7s  mean pd 0.0069
  2023H2      24,866 rows     22.8s  mean pd 0.0066
  repeat 2019H1: largest disagreement 0.00e+00, 0 rows differ

scored rows           : 746,238
reference rows        : 150,000
wall                  : 873s

