### tabicl@2026-09-14-fm-2012h2e-bundle-upb-nominal: /home/node/outoftime-node/.venv/bin/python score_context.py 2026-09-14-fm-2012h2e-bundle-upb-nominal --out-dir 2026-09-14-fm-2012h2e-bundle-upb-nominal-scored-tabicl --models tabicl --chunk 20000
tabicl/20260911: context 50,000 rows read in 2.2s
  reference   50,000 rows     19.5s  mean pd 0.0110
  2013H1      24,341 rows     12.0s  mean pd 0.0133
  2013H2      23,974 rows     11.7s  mean pd 0.0147
  2014H1      24,341 rows     11.8s  mean pd 0.0133
  2014H2      24,213 rows     11.8s  mean pd 0.0118
  2015H1      24,159 rows     11.7s  mean pd 0.0106
  2015H2      24,159 rows     11.8s  mean pd 0.0113
  2016H1      24,632 rows     11.8s  mean pd 0.0116
  2016H2      24,760 rows     11.8s  mean pd 0.0112
  2017H1      24,541 rows     11.8s  mean pd 0.0132
  2017H2      24,680 rows     11.8s  mean pd 0.0131
  2018H1      24,416 rows     11.8s  mean pd 0.0135
  2018H2      24,543 rows     12.0s  mean pd 0.0137
  2019H1      24,752 rows     11.9s  mean pd 0.0141
  2019H2      24,861 rows     11.8s  mean pd 0.0131
  2020H1      24,880 rows     11.8s  mean pd 0.0108
  2020H2      24,919 rows     11.8s  mean pd 0.0095
  2021H1      24,909 rows     11.8s  mean pd 0.0107
  2021H2      24,929 rows     11.8s  mean pd 0.0131
  2022H1      24,889 rows     11.8s  mean pd 0.0161
  2022H2      24,859 rows     11.8s  mean pd 0.0174
  2023H1      24,882 rows     11.8s  mean pd 0.0190
  2023H2      24,866 rows     11.8s  mean pd 0.0171
  repeat 2013H1: largest disagreement 0.00e+00, 0 rows differ
tabicl/20260912: context 50,000 rows read in 1.1s
  reference   50,000 rows     18.8s  mean pd 0.0119
  2013H1      24,341 rows     11.8s  mean pd 0.0137
  2013H2      23,974 rows     11.7s  mean pd 0.0153
  2014H1      24,341 rows     11.7s  mean pd 0.0141
  2014H2      24,213 rows     11.7s  mean pd 0.0130
  2015H1      24,159 rows     11.7s  mean pd 0.0117
  2015H2      24,159 rows     11.7s  mean pd 0.0126
  2016H1      24,632 rows     11.8s  mean pd 0.0128
  2016H2      24,760 rows     11.8s  mean pd 0.0124
  2017H1      24,541 rows     11.8s  mean pd 0.0144
  2017H2      24,680 rows     11.8s  mean pd 0.0143
  2018H1      24,416 rows     11.8s  mean pd 0.0145
  2018H2      24,543 rows     11.8s  mean pd 0.0149
  2019H1      24,752 rows     11.8s  mean pd 0.0152
  2019H2      24,861 rows     11.8s  mean pd 0.0143
  2020H1      24,880 rows     11.8s  mean pd 0.0121
  2020H2      24,919 rows     11.8s  mean pd 0.0107
  2021H1      24,909 rows     11.8s  mean pd 0.0119
  2021H2      24,929 rows     11.8s  mean pd 0.0145
  2022H1      24,889 rows     11.8s  mean pd 0.0176
  2022H2      24,859 rows     11.8s  mean pd 0.0180
  2023H1      24,882 rows     11.8s  mean pd 0.0189
  2023H2      24,866 rows     11.8s  mean pd 0.0169
  repeat 2013H1: largest disagreement 0.00e+00, 0 rows differ
tabicl/20260913: context 50,000 rows read in 1.0s
  reference   50,000 rows     18.8s  mean pd 0.0115
  2013H1      24,341 rows     11.8s  mean pd 0.0114
  2013H2      23,974 rows     11.7s  mean pd 0.0131
  2014H1      24,341 rows     11.8s  mean pd 0.0129
  2014H2      24,213 rows     11.7s  mean pd 0.0125
  2015H1      24,159 rows     11.7s  mean pd 0.0118
  2015H2      24,159 rows     11.7s  mean pd 0.0125
  2016H1      24,632 rows     11.8s  mean pd 0.0132
  2016H2      24,760 rows     11.8s  mean pd 0.0133
  2017H1      24,541 rows     11.8s  mean pd 0.0151
  2017H2      24,680 rows     11.8s  mean pd 0.0152
  2018H1      24,416 rows     11.8s  mean pd 0.0160
  2018H2      24,543 rows     11.8s  mean pd 0.0164
  2019H1      24,752 rows     11.8s  mean pd 0.0173
  2019H2      24,861 rows     11.8s  mean pd 0.0165
  2020H1      24,880 rows     11.8s  mean pd 0.0141
  2020H2      24,919 rows     11.8s  mean pd 0.0129
  2021H1      24,909 rows     11.8s  mean pd 0.0143
  2021H2      24,929 rows     11.8s  mean pd 0.0170
  2022H1      24,889 rows     11.8s  mean pd 0.0211
  2022H2      24,859 rows     11.8s  mean pd 0.0232
  2023H1      24,882 rows     11.8s  mean pd 0.0254
  2023H2      24,866 rows     11.8s  mean pd 0.0226
  repeat 2013H1: largest disagreement 0.00e+00, 0 rows differ

scored rows           : 1,624,515
reference rows        : 150,000
wall                  : 888s

