### tabpfn@2026-09-15-fm-2016h2r-bundle-upb-nominal: /home/node/outoftime-node/.venv/bin/python score_context.py 2026-09-15-fm-2016h2r-bundle-upb-nominal --out-dir 2026-09-15-fm-2016h2r-bundle-upb-nominal-scored-tabpfn --models tabpfn --chunk 20000
tabpfn/20260911: context 50,000 rows read in 2.2s
  reference   50,000 rows     37.6s  mean pd 0.0030
  2017H1      24,541 rows     23.2s  mean pd 0.0024
  2017H2      24,680 rows     23.1s  mean pd 0.0023
  2018H1      24,416 rows     22.8s  mean pd 0.0023
  2018H2      24,543 rows     22.8s  mean pd 0.0023
  2019H1      24,752 rows     22.9s  mean pd 0.0022
  2019H2      24,861 rows     22.9s  mean pd 0.0019
  2020H1      24,880 rows     22.8s  mean pd 0.0017
  2020H2      24,919 rows     22.8s  mean pd 0.0015
  2021H1      24,909 rows     22.9s  mean pd 0.0017
  2021H2      24,929 rows     23.0s  mean pd 0.0021
  2022H1      24,889 rows     23.0s  mean pd 0.0024
  2022H2      24,859 rows     23.0s  mean pd 0.0023
  2023H1      24,882 rows     23.0s  mean pd 0.0021
  2023H2      24,866 rows     22.7s  mean pd 0.0021
  repeat 2017H1: largest disagreement 0.00e+00, 0 rows differ
tabpfn/20260912: context 50,000 rows read in 0.8s
  reference   50,000 rows     36.4s  mean pd 0.0029
  2017H1      24,541 rows     23.0s  mean pd 0.0024
  2017H2      24,680 rows     23.1s  mean pd 0.0023
  2018H1      24,416 rows     22.8s  mean pd 0.0023
  2018H2      24,543 rows     23.2s  mean pd 0.0024
  2019H1      24,752 rows     22.9s  mean pd 0.0022
  2019H2      24,861 rows     22.8s  mean pd 0.0020
  2020H1      24,880 rows     22.9s  mean pd 0.0017
  2020H2      24,919 rows     22.9s  mean pd 0.0014
  2021H1      24,909 rows     23.0s  mean pd 0.0017
  2021H2      24,929 rows     22.9s  mean pd 0.0021
  2022H1      24,889 rows     22.9s  mean pd 0.0025
  2022H2      24,859 rows     22.9s  mean pd 0.0024
  2023H1      24,882 rows     23.2s  mean pd 0.0023
  2023H2      24,866 rows     22.9s  mean pd 0.0022
  repeat 2017H1: largest disagreement 0.00e+00, 0 rows differ
tabpfn/20260913: context 50,000 rows read in 0.8s
  reference   50,000 rows     36.3s  mean pd 0.0032
  2017H1      24,541 rows     22.8s  mean pd 0.0025
  2017H2      24,680 rows     22.8s  mean pd 0.0025
  2018H1      24,416 rows     22.8s  mean pd 0.0024
  2018H2      24,543 rows     23.4s  mean pd 0.0024
  2019H1      24,752 rows     23.2s  mean pd 0.0023
  2019H2      24,861 rows     22.9s  mean pd 0.0021
  2020H1      24,880 rows     22.9s  mean pd 0.0019
  2020H2      24,919 rows     22.9s  mean pd 0.0016
  2021H1      24,909 rows     23.3s  mean pd 0.0019
  2021H2      24,929 rows     23.0s  mean pd 0.0023
  2022H1      24,889 rows     22.8s  mean pd 0.0026
  2022H2      24,859 rows     22.8s  mean pd 0.0024
  2023H1      24,882 rows     23.7s  mean pd 0.0022
  2023H2      24,866 rows     23.0s  mean pd 0.0021
  repeat 2017H1: largest disagreement 0.00e+00, 0 rows differ

scored rows           : 1,040,778
reference rows        : 150,000
wall                  : 1157s

