### tabpfn-t1@2026-09-13-fm-2014h2e-bundle: /home/node/outoftime-node/.venv/bin/python score_context.py 2026-09-13-fm-2014h2e-bundle --out-dir 2026-09-13-fm-2014h2e-bundle-scored-tabpfn-t1 --models tabpfn --temperature 1.0 --chunk 20000
tabpfn@t1/20260911: context 50,000 rows read in 2.3s
  reference   50,000 rows     38.3s  mean pd 0.0146
  2015H1      24,159 rows     23.4s  mean pd 0.0119
  2015H2      24,159 rows     23.3s  mean pd 0.0130
  2016H1      24,632 rows     23.3s  mean pd 0.0130
  2016H2      24,760 rows     23.1s  mean pd 0.0124
  2017H1      24,541 rows     24.6s  mean pd 0.0147
  2017H2      24,680 rows     24.1s  mean pd 0.0147
  2018H1      24,416 rows     23.6s  mean pd 0.0149
  2018H2      24,543 rows     24.3s  mean pd 0.0153
  2019H1      24,752 rows     25.1s  mean pd 0.0149
  2019H2      24,861 rows     23.8s  mean pd 0.0133
  2020H1      24,880 rows     23.6s  mean pd 0.0110
  2020H2      24,919 rows     23.1s  mean pd 0.0092
  2021H1      24,909 rows     23.6s  mean pd 0.0104
  2021H2      24,929 rows     23.3s  mean pd 0.0124
  2022H1      24,889 rows     23.2s  mean pd 0.0144
  2022H2      24,859 rows     23.1s  mean pd 0.0146
  2023H1      24,882 rows     23.0s  mean pd 0.0148
  2023H2      24,866 rows     23.2s  mean pd 0.0141
  repeat 2015H1: largest disagreement 0.00e+00, 0 rows differ
tabpfn@t1/20260912: context 50,000 rows read in 1.0s
  reference   50,000 rows     37.1s  mean pd 0.0147
  2015H1      24,159 rows     22.9s  mean pd 0.0118
  2015H2      24,159 rows     23.0s  mean pd 0.0129
  2016H1      24,632 rows     23.2s  mean pd 0.0130
  2016H2      24,760 rows     23.1s  mean pd 0.0125
  2017H1      24,541 rows     23.1s  mean pd 0.0147
  2017H2      24,680 rows     22.9s  mean pd 0.0147
  2018H1      24,416 rows     22.9s  mean pd 0.0147
  2018H2      24,543 rows     22.9s  mean pd 0.0150
  2019H1      24,752 rows     23.0s  mean pd 0.0145
  2019H2      24,861 rows     23.0s  mean pd 0.0130
  2020H1      24,880 rows     22.9s  mean pd 0.0107
  2020H2      24,919 rows     23.1s  mean pd 0.0091
  2021H1      24,909 rows     23.1s  mean pd 0.0102
  2021H2      24,929 rows     23.1s  mean pd 0.0122
  2022H1      24,889 rows     23.4s  mean pd 0.0139
  2022H2      24,859 rows     23.2s  mean pd 0.0140
  2023H1      24,882 rows     23.1s  mean pd 0.0138
  2023H2      24,866 rows     23.0s  mean pd 0.0130
  repeat 2015H1: largest disagreement 0.00e+00, 0 rows differ
tabpfn@t1/20260913: context 50,000 rows read in 0.9s
  reference   50,000 rows     37.6s  mean pd 0.0148
  2015H1      24,159 rows     23.5s  mean pd 0.0114
  2015H2      24,159 rows     22.9s  mean pd 0.0122
  2016H1      24,632 rows     23.1s  mean pd 0.0123
  2016H2      24,760 rows     23.1s  mean pd 0.0117
  2017H1      24,541 rows     23.2s  mean pd 0.0134
  2017H2      24,680 rows     23.1s  mean pd 0.0133
  2018H1      24,416 rows     23.1s  mean pd 0.0130
  2018H2      24,543 rows     23.0s  mean pd 0.0133
  2019H1      24,752 rows     23.1s  mean pd 0.0128
  2019H2      24,861 rows     23.2s  mean pd 0.0118
  2020H1      24,880 rows     23.1s  mean pd 0.0099
  2020H2      24,919 rows     22.9s  mean pd 0.0085
  2021H1      24,909 rows     23.1s  mean pd 0.0094
  2021H2      24,929 rows     23.0s  mean pd 0.0112
  2022H1      24,889 rows     23.0s  mean pd 0.0123
  2022H2      24,859 rows     23.1s  mean pd 0.0118
  2023H1      24,882 rows     22.9s  mean pd 0.0115
  2023H2      24,866 rows     23.1s  mean pd 0.0108
  repeat 2015H1: largest disagreement 0.00e+00, 0 rows differ

scored rows           : 1,333,908
reference rows        : 150,000
wall                  : 1452s

