
### tabpfn@2026-09-13-fm-2004h2e-bundle-upb-nominal: /home/node/outoftime-node/.venv/bin/python score_context.py 2026-09-13-fm-2004h2e-bundle-upb-nominal --out-dir 2026-09-13-fm-2004h2e-bundle-upb-nominal-scored-tabpfn --models tabpfn --nearest 3 --seeds 20260912,20260913 --chunk 20000
tabpfn/20260912: context 50,000 rows read in 3.5s
  reference   50,000 rows     36.1s  mean pd 0.0084
  2005H1      24,233 rows     22.3s  mean pd 0.0065
  2005H2      24,082 rows     22.1s  mean pd 0.0064
  2006H1      23,280 rows     22.0s  mean pd 0.0072
  repeat 2005H1: largest disagreement 0.00e+00, 0 rows differ
tabpfn/20260913: context 50,000 rows read in 0.7s
  reference   50,000 rows     35.5s  mean pd 0.0084
  2005H1      24,233 rows     22.3s  mean pd 0.0068
  2005H2      24,082 rows     22.1s  mean pd 0.0068
  2006H1      23,280 rows     22.0s  mean pd 0.0077
  repeat 2005H1: largest disagreement 0.00e+00, 0 rows differ

scored rows           : 143,190
reference rows        : 100,000
wall                  : 257s

### tabicl@2026-09-13-fm-2004h2e-bundle-upb-nominal: /home/node/outoftime-node/.venv/bin/python score_context.py 2026-09-13-fm-2004h2e-bundle-upb-nominal --out-dir 2026-09-13-fm-2004h2e-bundle-upb-nominal-scored-tabicl --models tabicl --nearest 3 --seeds 20260912,20260913 --chunk 20000
Warning: You are sending unauthenticated requests to the HF Hub. Please set a HF_TOKEN to enable higher rate limits and faster downloads.
INFO: You are downloading 'tabicl-classifier-v2-20260212.ckpt', the latest best-performing version, used in our TabICLv2 paper.

Checkpoint 'tabicl-classifier-v2-20260212.ckpt' not cached.
 Downloading from Hugging Face Hub (jingang/TabICL).

tabicl/20260912: context 50,000 rows read in 5.3s
  reference   50,000 rows     19.5s  mean pd 0.0081
  2005H1      24,233 rows     11.9s  mean pd 0.0064
  2005H2      24,082 rows     11.9s  mean pd 0.0063
  2006H1      23,280 rows     11.9s  mean pd 0.0072
  repeat 2005H1: largest disagreement 0.00e+00, 0 rows differ
tabicl/20260913: context 50,000 rows read in 0.9s
  reference   50,000 rows     19.1s  mean pd 0.0081
  2005H1      24,233 rows     11.9s  mean pd 0.0069
  2005H2      24,082 rows     11.9s  mean pd 0.0069
  2006H1      23,280 rows     11.8s  mean pd 0.0080
  repeat 2005H1: largest disagreement 0.00e+00, 0 rows differ

scored rows           : 143,190
reference rows        : 100,000
wall                  : 145s
