tabpfn/20260911: context 50,000 rows read in 1.2s
  reference   50,000 rows    448.3s  mean pd 0.0159
  2014Q3      20,000 rows    323.6s  mean pd 0.0173
  2014Q4      20,000 rows    323.6s  mean pd 0.0161
  2015Q1      20,000 rows    323.9s  mean pd 0.0160
  2015Q2      20,000 rows    324.0s  mean pd 0.0161
  2015Q3      20,000 rows    323.9s  mean pd 0.0159
  2015Q4      20,000 rows    323.6s  mean pd 0.0154
  2016Q1      20,000 rows    324.7s  mean pd 0.0155
  2016Q2      20,000 rows    324.5s  mean pd 0.0157
  2016Q3      20,000 rows    337.2s  mean pd 0.0167
  2016Q4      20,000 rows    325.5s  mean pd 0.0162
  2017Q1      20,000 rows    324.1s  mean pd 0.0155
  2017Q2      20,000 rows    324.4s  mean pd 0.0156
  2017Q3      20,000 rows    326.8s  mean pd 0.0164
  2017Q4      20,000 rows    325.9s  mean pd 0.0160
  2018Q1      20,000 rows    324.9s  mean pd 0.0153
  repeat 2014Q3: largest disagreement 0.00e+00, 0 rows differ
tabpfn/20260912: context 50,000 rows read in 0.4s
  reference   50,000 rows    448.3s  mean pd 0.0171
  2014Q3      20,000 rows    325.4s  mean pd 0.0185
  2014Q4      20,000 rows    328.4s  mean pd 0.0172
  2015Q1      20,000 rows    326.6s  mean pd 0.0169
  2015Q2      20,000 rows    327.0s  mean pd 0.0170
  2015Q3      20,000 rows    325.4s  mean pd 0.0168
  2015Q4      20,000 rows    325.5s  mean pd 0.0162
  2016Q1      20,000 rows    321.2s  mean pd 0.0163
  2016Q2      20,000 rows    320.2s  mean pd 0.0165
  2016Q3      20,000 rows    322.0s  mean pd 0.0173
  2016Q4      20,000 rows    322.6s  mean pd 0.0169
  2017Q1      20,000 rows    323.7s  mean pd 0.0162
  2017Q2      20,000 rows    324.8s  mean pd 0.0163
  2017Q3      20,000 rows    324.3s  mean pd 0.0172
  2017Q4      20,000 rows    322.8s  mean pd 0.0169
  2018Q1      20,000 rows    325.1s  mean pd 0.0162
  repeat 2014Q3: largest disagreement 0.00e+00, 0 rows differ
tabpfn/20260913: context 50,000 rows read in 0.4s
  reference   50,000 rows    451.7s  mean pd 0.0163
  2014Q3      20,000 rows    327.1s  mean pd 0.0172
  2014Q4      20,000 rows    324.9s  mean pd 0.0155
  2015Q1      20,000 rows    320.9s  mean pd 0.0153
  2015Q2      20,000 rows    320.8s  mean pd 0.0154
  2015Q3      20,000 rows    323.2s  mean pd 0.0152
  2015Q4      20,000 rows    323.7s  mean pd 0.0148
  2016Q1      20,000 rows    323.5s  mean pd 0.0150
  2016Q2      20,000 rows    323.7s  mean pd 0.0151
  2016Q3      20,000 rows    324.6s  mean pd 0.0161
  2016Q4      20,000 rows    324.0s  mean pd 0.0156
  2017Q1      20,000 rows    322.1s  mean pd 0.0150
  2017Q2      20,000 rows    321.9s  mean pd 0.0151
  2017Q3      20,000 rows    322.1s  mean pd 0.0158
  2017Q4      20,000 rows    322.8s  mean pd 0.0150
  2018Q1      20,000 rows    323.8s  mean pd 0.0142
  repeat 2014Q3: largest disagreement 0.00e+00, 0 rows differ

scored rows           : 900,000
reference rows        : 150,000
wall                  : 16923s
