tabpfn/20260911: context 50,000 rows read in 1.1s
  reference   50,000 rows    438.5s  mean pd 0.0154
  2015Q3      20,000 rows    323.8s  mean pd 0.0146
  2015Q4      20,000 rows    324.3s  mean pd 0.0140
  2016Q1      20,000 rows    325.0s  mean pd 0.0142
  2016Q2      20,000 rows    323.9s  mean pd 0.0142
  2016Q3      20,000 rows    322.0s  mean pd 0.0151
  2016Q4      20,000 rows    318.9s  mean pd 0.0147
  2017Q1      20,000 rows    314.3s  mean pd 0.0140
  2017Q2      20,000 rows    311.7s  mean pd 0.0140
  2017Q3      20,000 rows    320.8s  mean pd 0.0148
  2017Q4      20,000 rows    324.2s  mean pd 0.0145
  2018Q1      20,000 rows    325.9s  mean pd 0.0140
  repeat 2015Q3: largest disagreement 0.00e+00, 0 rows differ
tabpfn/20260912: context 50,000 rows read in 0.3s
  reference   50,000 rows    449.6s  mean pd 0.0160
  2015Q3      20,000 rows    320.0s  mean pd 0.0147
  2015Q4      20,000 rows    314.7s  mean pd 0.0140
  2016Q1      20,000 rows    314.5s  mean pd 0.0141
  2016Q2      20,000 rows    323.8s  mean pd 0.0142
  2016Q3      20,000 rows    325.8s  mean pd 0.0149
  2016Q4      20,000 rows    325.0s  mean pd 0.0145
  2017Q1      20,000 rows    325.6s  mean pd 0.0138
  2017Q2      20,000 rows    323.2s  mean pd 0.0139
  2017Q3      20,000 rows    319.9s  mean pd 0.0148
  2017Q4      20,000 rows    319.0s  mean pd 0.0141
  2018Q1      20,000 rows    312.8s  mean pd 0.0134
  repeat 2015Q3: largest disagreement 0.00e+00, 0 rows differ
tabpfn/20260913: context 50,000 rows read in 0.3s
  reference   50,000 rows    451.4s  mean pd 0.0163
  2015Q3      20,000 rows    324.6s  mean pd 0.0158
  2015Q4      20,000 rows    326.9s  mean pd 0.0150
  2016Q1      20,000 rows    324.1s  mean pd 0.0150
  2016Q2      20,000 rows    322.1s  mean pd 0.0147
  2016Q3      20,000 rows    319.4s  mean pd 0.0156
  2016Q4      20,000 rows    318.8s  mean pd 0.0151
  2017Q1      20,000 rows    315.2s  mean pd 0.0146
  2017Q2      20,000 rows    314.5s  mean pd 0.0146
  2017Q3      20,000 rows    323.5s  mean pd 0.0153
  2017Q4      20,000 rows    327.2s  mean pd 0.0148
  2018Q1      20,000 rows    325.3s  mean pd 0.0142
  repeat 2015Q3: largest disagreement 0.00e+00, 0 rows differ

scored rows           : 660,000
reference rows        : 150,000
wall                  : 12914s
