### tabicl@2026-09-15-fm-2018h2e-bundle-upb-nominal: /home/node/outoftime-node/.venv/bin/python score_context.py 2026-09-15-fm-2018h2e-bundle-upb-nominal --out-dir 2026-09-15-fm-2018h2e-bundle-upb-nominal-scored-tabicl --models tabicl --chunk 20000
tabicl/20260911: context 50,000 rows read in 2.4s
  reference   50,000 rows     19.6s  mean pd 0.0079
  2019H1      24,752 rows     12.0s  mean pd 0.0076
  2019H2      24,861 rows     12.0s  mean pd 0.0068
  2020H1      24,880 rows     12.1s  mean pd 0.0055
  2020H2      24,919 rows     11.8s  mean pd 0.0047
  2021H1      24,909 rows     11.8s  mean pd 0.0055
  2021H2      24,929 rows     11.8s  mean pd 0.0070
  2022H1      24,889 rows     11.8s  mean pd 0.0085
  2022H2      24,859 rows     11.8s  mean pd 0.0084
  2023H1      24,882 rows     11.8s  mean pd 0.0087
  2023H2      24,866 rows     11.8s  mean pd 0.0082
  repeat 2019H1: largest disagreement 0.00e+00, 0 rows differ
tabicl/20260912: context 50,000 rows read in 1.0s
  reference   50,000 rows     18.8s  mean pd 0.0083
  2019H1      24,752 rows     11.8s  mean pd 0.0081
  2019H2      24,861 rows     11.8s  mean pd 0.0073
  2020H1      24,880 rows     11.8s  mean pd 0.0061
  2020H2      24,919 rows     11.8s  mean pd 0.0053
  2021H1      24,909 rows     11.8s  mean pd 0.0061
  2021H2      24,929 rows     11.8s  mean pd 0.0075
  2022H1      24,889 rows     11.8s  mean pd 0.0090
  2022H2      24,859 rows     11.8s  mean pd 0.0088
  2023H1      24,882 rows     12.0s  mean pd 0.0092
  2023H2      24,866 rows     11.9s  mean pd 0.0086
  repeat 2019H1: largest disagreement 0.00e+00, 0 rows differ
tabicl/20260913: context 50,000 rows read in 1.0s
  reference   50,000 rows     18.8s  mean pd 0.0082
  2019H1      24,752 rows     11.8s  mean pd 0.0074
  2019H2      24,861 rows     11.8s  mean pd 0.0065
  2020H1      24,880 rows     11.8s  mean pd 0.0054
  2020H2      24,919 rows     11.8s  mean pd 0.0045
  2021H1      24,909 rows     11.8s  mean pd 0.0052
  2021H2      24,929 rows     11.8s  mean pd 0.0063
  2022H1      24,889 rows     11.8s  mean pd 0.0075
  2022H2      24,859 rows     11.8s  mean pd 0.0077
  2023H1      24,882 rows     11.8s  mean pd 0.0080
  2023H2      24,866 rows     12.1s  mean pd 0.0075
  repeat 2019H1: largest disagreement 0.00e+00, 0 rows differ

scored rows           : 746,238
reference rows        : 150,000
wall                  : 462s

