### tabpfn@2026-09-14-fm-2002h2e-bundle-upb-nominal: /home/node/outoftime-node/.venv/bin/python score_context.py 2026-09-14-fm-2002h2e-bundle-upb-nominal --out-dir 2026-09-14-fm-2002h2e-bundle-upb-nominal-scored-tabpfn --models tabpfn --chunk 20000
tabpfn/20260911: context 50,000 rows read in 2.1s
  reference   50,000 rows     37.1s  mean pd 0.0085
  2003H1      24,276 rows     22.8s  mean pd 0.0044
  2003H2      24,205 rows     22.8s  mean pd 0.0061
  2004H1      24,219 rows     22.8s  mean pd 0.0068
  2004H2      24,090 rows     22.5s  mean pd 0.0083
  2005H1      24,233 rows     22.8s  mean pd 0.0076
  2005H2      24,082 rows     22.5s  mean pd 0.0078
  2006H1      23,280 rows     22.5s  mean pd 0.0090
  2006H2      23,898 rows     22.6s  mean pd 0.0096
  2007H1      23,169 rows     22.7s  mean pd 0.0105
  2007H2      24,367 rows     23.1s  mean pd 0.0111
  2008H1      24,660 rows     22.8s  mean pd 0.0065
  2008H2      24,746 rows     23.0s  mean pd 0.0049
  2009H1      24,844 rows     23.0s  mean pd 0.0027
  2009H2      24,709 rows     22.8s  mean pd 0.0055
  2010H1      24,843 rows     22.8s  mean pd 0.0069
  2010H2      24,683 rows     23.0s  mean pd 0.0060
  2011H1      24,614 rows     22.9s  mean pd 0.0092
  2011H2      24,646 rows     22.9s  mean pd 0.0066
  2012H1      24,306 rows     22.9s  mean pd 0.0151
  2012H2      24,538 rows     22.8s  mean pd 0.0139
  2013H1      24,341 rows     23.1s  mean pd 0.0140
  2013H2      23,974 rows     22.7s  mean pd 0.0141
  2014H1      24,341 rows     23.0s  mean pd 0.0103
  2014H2      24,213 rows     23.0s  mean pd 0.0074
  2015H1      24,159 rows     22.9s  mean pd 0.0056
  2015H2      24,159 rows     22.7s  mean pd 0.0059
  2016H1      24,632 rows     22.8s  mean pd 0.0054
  2016H2      24,760 rows     22.6s  mean pd 0.0043
  2017H1      24,541 rows     22.7s  mean pd 0.0057
  2017H2      24,680 rows     22.7s  mean pd 0.0051
  2018H1      24,416 rows     22.7s  mean pd 0.0050
  2018H2      24,543 rows     23.1s  mean pd 0.0051
  2019H1      24,752 rows     23.0s  mean pd 0.0048
  2019H2      24,861 rows     22.8s  mean pd 0.0041
  2020H1      24,880 rows     22.7s  mean pd 0.0033
  2020H2      24,919 rows     23.7s  mean pd 0.0027
  2021H1      24,909 rows     22.9s  mean pd 0.0031
  2021H2      24,929 rows     22.8s  mean pd 0.0037
  2022H1      24,889 rows     22.7s  mean pd 0.0045
  2022H2      24,859 rows     22.7s  mean pd 0.0046
  2023H1      24,882 rows     22.7s  mean pd 0.0047
  2023H2      24,866 rows     22.7s  mean pd 0.0044
  repeat 2003H1: largest disagreement 0.00e+00, 0 rows differ
tabpfn/20260912: context 50,000 rows read in 0.8s
  reference   50,000 rows     36.1s  mean pd 0.0083
  2003H1      24,276 rows     23.1s  mean pd 0.0045
  2003H2      24,205 rows     22.9s  mean pd 0.0062
  2004H1      24,219 rows     22.8s  mean pd 0.0069
  2004H2      24,090 rows     22.4s  mean pd 0.0083
  2005H1      24,233 rows     22.8s  mean pd 0.0077
  2005H2      24,082 rows     22.9s  mean pd 0.0079
  2006H1      23,280 rows     22.6s  mean pd 0.0090
  2006H2      23,898 rows     22.6s  mean pd 0.0094
  2007H1      23,169 rows     22.4s  mean pd 0.0102
  2007H2      24,367 rows     23.0s  mean pd 0.0107
  2008H1      24,660 rows     22.9s  mean pd 0.0064
  2008H2      24,746 rows     22.8s  mean pd 0.0048
  2009H1      24,844 rows     22.8s  mean pd 0.0024
  2009H2      24,709 rows     22.9s  mean pd 0.0043
  2010H1      24,843 rows     22.9s  mean pd 0.0051
  2010H2      24,683 rows     22.9s  mean pd 0.0043
  2011H1      24,614 rows     22.9s  mean pd 0.0064
  2011H2      24,646 rows     22.9s  mean pd 0.0047
  2012H1      24,306 rows     23.0s  mean pd 0.0098
  2012H2      24,538 rows     22.7s  mean pd 0.0091
  2013H1      24,341 rows     23.3s  mean pd 0.0095
  2013H2      23,974 rows     22.6s  mean pd 0.0098
  2014H1      24,341 rows     22.8s  mean pd 0.0076
  2014H2      24,213 rows     22.8s  mean pd 0.0058
  2015H1      24,159 rows     22.8s  mean pd 0.0046
  2015H2      24,159 rows     23.3s  mean pd 0.0050
  2016H1      24,632 rows     23.0s  mean pd 0.0046
  2016H2      24,760 rows     22.9s  mean pd 0.0039
  2017H1      24,541 rows     22.9s  mean pd 0.0049
  2017H2      24,680 rows     22.8s  mean pd 0.0046
  2018H1      24,416 rows     22.8s  mean pd 0.0045
  2018H2      24,543 rows     22.9s  mean pd 0.0046
  2019H1      24,752 rows     23.2s  mean pd 0.0043
  2019H2      24,861 rows     22.9s  mean pd 0.0037
  2020H1      24,880 rows     22.9s  mean pd 0.0030
  2020H2      24,919 rows     22.9s  mean pd 0.0024
  2021H1      24,909 rows     22.8s  mean pd 0.0029
  2021H2      24,929 rows     22.9s  mean pd 0.0036
  2022H1      24,889 rows     22.9s  mean pd 0.0043
  2022H2      24,859 rows     22.9s  mean pd 0.0042
  2023H1      24,882 rows     22.9s  mean pd 0.0040
  2023H2      24,866 rows     22.9s  mean pd 0.0038
  repeat 2003H1: largest disagreement 0.00e+00, 0 rows differ
tabpfn/20260913: context 50,000 rows read in 0.9s
  reference   50,000 rows     36.2s  mean pd 0.0085
  2003H1      24,276 rows     22.8s  mean pd 0.0047
  2003H2      24,205 rows     22.7s  mean pd 0.0063
  2004H1      24,219 rows     23.1s  mean pd 0.0070
  2004H2      24,090 rows     22.6s  mean pd 0.0085
  2005H1      24,233 rows     22.8s  mean pd 0.0080
  2005H2      24,082 rows     22.5s  mean pd 0.0082
  2006H1      23,280 rows     22.8s  mean pd 0.0093
  2006H2      23,898 rows     22.8s  mean pd 0.0098
  2007H1      23,169 rows     22.7s  mean pd 0.0106
  2007H2      24,367 rows     23.0s  mean pd 0.0111
  2008H1      24,660 rows     22.8s  mean pd 0.0068
  2008H2      24,746 rows     22.8s  mean pd 0.0051
  2009H1      24,844 rows     22.8s  mean pd 0.0027
  2009H2      24,709 rows     22.8s  mean pd 0.0044
  2010H1      24,843 rows     22.8s  mean pd 0.0052
  2010H2      24,683 rows     23.4s  mean pd 0.0043
  2011H1      24,614 rows     23.2s  mean pd 0.0061
  2011H2      24,646 rows     22.7s  mean pd 0.0046
  2012H1      24,306 rows     22.7s  mean pd 0.0089
  2012H2      24,538 rows     22.7s  mean pd 0.0082
  2013H1      24,341 rows     22.9s  mean pd 0.0087
  2013H2      23,974 rows     22.6s  mean pd 0.0094
  2014H1      24,341 rows     23.0s  mean pd 0.0075
  2014H2      24,213 rows     22.8s  mean pd 0.0060
  2015H1      24,159 rows     22.8s  mean pd 0.0049
  2015H2      24,159 rows     22.8s  mean pd 0.0052
  2016H1      24,632 rows     22.8s  mean pd 0.0050
  2016H2      24,760 rows     23.2s  mean pd 0.0043
  2017H1      24,541 rows     22.8s  mean pd 0.0053
  2017H2      24,680 rows     23.0s  mean pd 0.0050
  2018H1      24,416 rows     22.9s  mean pd 0.0049
  2018H2      24,543 rows     22.8s  mean pd 0.0050
  2019H1      24,752 rows     22.6s  mean pd 0.0047
  2019H2      24,861 rows     22.7s  mean pd 0.0041
  2020H1      24,880 rows     22.9s  mean pd 0.0035
  2020H2      24,919 rows     22.6s  mean pd 0.0030
  2021H1      24,909 rows     22.7s  mean pd 0.0034
  2021H2      24,929 rows     23.1s  mean pd 0.0041
  2022H1      24,889 rows     22.7s  mean pd 0.0049
  2022H2      24,859 rows     22.7s  mean pd 0.0048
  2023H1      24,882 rows     23.0s  mean pd 0.0046
  2023H2      24,866 rows     22.8s  mean pd 0.0044
  repeat 2003H1: largest disagreement 0.00e+00, 0 rows differ

scored rows           : 3,083,739
reference rows        : 150,000
wall                  : 3077s

