### tabpfn@2026-09-13-fm-2012h2r-bundle: /home/node/outoftime-node/.venv/bin/python score_context.py 2026-09-13-fm-2012h2r-bundle --out-dir 2026-09-13-fm-2012h2r-bundle-scored-tabpfn --models tabpfn --chunk 20000
tabpfn/20260911: context 50,000 rows read in 2.3s
  reference   50,000 rows     37.0s  mean pd 0.0065
  2013H1      24,341 rows     22.5s  mean pd 0.0106
  2013H2      23,974 rows     22.3s  mean pd 0.0116
  2014H1      24,341 rows     22.6s  mean pd 0.0104
  2014H2      24,213 rows     22.6s  mean pd 0.0094
  2015H1      24,159 rows     22.5s  mean pd 0.0083
  2015H2      24,159 rows     22.5s  mean pd 0.0092
  2016H1      24,632 rows     22.5s  mean pd 0.0092
  2016H2      24,760 rows     22.5s  mean pd 0.0086
  2017H1      24,541 rows     22.6s  mean pd 0.0103
  2017H2      24,680 rows     22.6s  mean pd 0.0101
  2018H1      24,416 rows     22.6s  mean pd 0.0096
  2018H2      24,543 rows     22.6s  mean pd 0.0098
  2019H1      24,752 rows     22.6s  mean pd 0.0093
  2019H2      24,861 rows     22.7s  mean pd 0.0084
  2020H1      24,880 rows     22.6s  mean pd 0.0068
  2020H2      24,919 rows     22.7s  mean pd 0.0057
  2021H1      24,909 rows     22.7s  mean pd 0.0067
  2021H2      24,929 rows     22.6s  mean pd 0.0087
  2022H1      24,889 rows     22.6s  mean pd 0.0098
  2022H2      24,859 rows     22.7s  mean pd 0.0087
  2023H1      24,882 rows     22.6s  mean pd 0.0075
  2023H2      24,866 rows     22.7s  mean pd 0.0070
  repeat 2013H1: largest disagreement 0.00e+00, 0 rows differ
tabpfn/20260912: context 50,000 rows read in 0.8s
  reference   50,000 rows     36.0s  mean pd 0.0062
  2013H1      24,341 rows     22.6s  mean pd 0.0099
  2013H2      23,974 rows     22.4s  mean pd 0.0107
  2014H1      24,341 rows     22.7s  mean pd 0.0094
  2014H2      24,213 rows     22.7s  mean pd 0.0084
  2015H1      24,159 rows     22.7s  mean pd 0.0074
  2015H2      24,159 rows     22.7s  mean pd 0.0082
  2016H1      24,632 rows     22.7s  mean pd 0.0081
  2016H2      24,760 rows     22.8s  mean pd 0.0074
  2017H1      24,541 rows     22.7s  mean pd 0.0091
  2017H2      24,680 rows     22.8s  mean pd 0.0088
  2018H1      24,416 rows     22.7s  mean pd 0.0085
  2018H2      24,543 rows     22.7s  mean pd 0.0087
  2019H1      24,752 rows     22.8s  mean pd 0.0083
  2019H2      24,861 rows     22.7s  mean pd 0.0073
  2020H1      24,880 rows     22.7s  mean pd 0.0061
  2020H2      24,919 rows     22.8s  mean pd 0.0050
  2021H1      24,909 rows     22.7s  mean pd 0.0060
  2021H2      24,929 rows     22.8s  mean pd 0.0077
  2022H1      24,889 rows     22.7s  mean pd 0.0091
  2022H2      24,859 rows     22.7s  mean pd 0.0078
  2023H1      24,882 rows     22.8s  mean pd 0.0070
  2023H2      24,866 rows     22.8s  mean pd 0.0067
  repeat 2013H1: largest disagreement 0.00e+00, 0 rows differ
tabpfn/20260913: context 50,000 rows read in 0.7s
  reference   50,000 rows     36.1s  mean pd 0.0062
  2013H1      24,341 rows     22.9s  mean pd 0.0104
  2013H2      23,974 rows     22.4s  mean pd 0.0113
  2014H1      24,341 rows     22.7s  mean pd 0.0101
  2014H2      24,213 rows     22.7s  mean pd 0.0090
  2015H1      24,159 rows     22.7s  mean pd 0.0079
  2015H2      24,159 rows     22.7s  mean pd 0.0089
  2016H1      24,632 rows     22.7s  mean pd 0.0088
  2016H2      24,760 rows     22.7s  mean pd 0.0082
  2017H1      24,541 rows     22.7s  mean pd 0.0099
  2017H2      24,680 rows     22.7s  mean pd 0.0097
  2018H1      24,416 rows     22.6s  mean pd 0.0093
  2018H2      24,543 rows     22.7s  mean pd 0.0096
  2019H1      24,752 rows     22.7s  mean pd 0.0090
  2019H2      24,861 rows     22.7s  mean pd 0.0079
  2020H1      24,880 rows     22.7s  mean pd 0.0064
  2020H2      24,919 rows     22.7s  mean pd 0.0054
  2021H1      24,909 rows     22.6s  mean pd 0.0064
  2021H2      24,929 rows     22.5s  mean pd 0.0084
  2022H1      24,889 rows     22.6s  mean pd 0.0095
  2022H2      24,859 rows     22.6s  mean pd 0.0084
  2023H1      24,882 rows     22.6s  mean pd 0.0076
  2023H2      24,866 rows     22.7s  mean pd 0.0072
  repeat 2013H1: largest disagreement 0.00e+00, 0 rows differ

scored rows           : 1,624,515
reference rows        : 150,000
wall                  : 1686s

