### tabicl@2026-09-14-fm-2002h2e-bundle-upb-nominal: /home/node/outoftime-node/.venv/bin/python score_context.py 2026-09-14-fm-2002h2e-bundle-upb-nominal --out-dir 2026-09-14-fm-2002h2e-bundle-upb-nominal-scored-tabicl --models tabicl --chunk 20000
tabicl/20260911: context 50,000 rows read in 2.2s
  reference   50,000 rows     19.5s  mean pd 0.0095
  2003H1      24,276 rows     11.8s  mean pd 0.0053
  2003H2      24,205 rows     11.7s  mean pd 0.0073
  2004H1      24,219 rows     12.0s  mean pd 0.0082
  2004H2      24,090 rows     11.8s  mean pd 0.0099
  2005H1      24,233 rows     11.7s  mean pd 0.0091
  2005H2      24,082 rows     11.8s  mean pd 0.0095
  2006H1      23,280 rows     11.7s  mean pd 0.0109
  2006H2      23,898 rows     11.7s  mean pd 0.0114
  2007H1      23,169 rows     11.7s  mean pd 0.0126
  2007H2      24,367 rows     11.8s  mean pd 0.0131
  2008H1      24,660 rows     11.8s  mean pd 0.0086
  2008H2      24,746 rows     11.8s  mean pd 0.0070
  2009H1      24,844 rows     11.8s  mean pd 0.0041
  2009H2      24,709 rows     11.8s  mean pd 0.0065
  2010H1      24,843 rows     11.8s  mean pd 0.0074
  2010H2      24,683 rows     11.8s  mean pd 0.0065
  2011H1      24,614 rows     11.8s  mean pd 0.0087
  2011H2      24,646 rows     11.8s  mean pd 0.0067
  2012H1      24,306 rows     11.8s  mean pd 0.0124
  2012H2      24,538 rows     12.0s  mean pd 0.0112
  2013H1      24,341 rows     11.8s  mean pd 0.0115
  2013H2      23,974 rows     11.7s  mean pd 0.0119
  2014H1      24,341 rows     11.8s  mean pd 0.0097
  2014H2      24,213 rows     11.8s  mean pd 0.0081
  2015H1      24,159 rows     11.7s  mean pd 0.0067
  2015H2      24,159 rows     11.7s  mean pd 0.0071
  2016H1      24,632 rows     11.8s  mean pd 0.0070
  2016H2      24,760 rows     11.8s  mean pd 0.0067
  2017H1      24,541 rows     12.0s  mean pd 0.0081
  2017H2      24,680 rows     11.8s  mean pd 0.0081
  2018H1      24,416 rows     11.8s  mean pd 0.0083
  2018H2      24,543 rows     11.8s  mean pd 0.0084
  2019H1      24,752 rows     11.8s  mean pd 0.0083
  2019H2      24,861 rows     11.8s  mean pd 0.0074
  2020H1      24,880 rows     11.8s  mean pd 0.0061
  2020H2      24,919 rows     11.8s  mean pd 0.0054
  2021H1      24,909 rows     11.8s  mean pd 0.0058
  2021H2      24,929 rows     12.1s  mean pd 0.0066
  2022H1      24,889 rows     11.8s  mean pd 0.0077
  2022H2      24,859 rows     11.8s  mean pd 0.0085
  2023H1      24,882 rows     11.8s  mean pd 0.0088
  2023H2      24,866 rows     11.8s  mean pd 0.0080
  repeat 2003H1: largest disagreement 0.00e+00, 0 rows differ
tabicl/20260912: context 50,000 rows read in 1.0s
  reference   50,000 rows     18.8s  mean pd 0.0081
  2003H1      24,276 rows     11.8s  mean pd 0.0048
  2003H2      24,205 rows     11.7s  mean pd 0.0064
  2004H1      24,219 rows     11.9s  mean pd 0.0071
  2004H2      24,090 rows     11.8s  mean pd 0.0085
  2005H1      24,233 rows     11.7s  mean pd 0.0078
  2005H2      24,082 rows     11.7s  mean pd 0.0081
  2006H1      23,280 rows     11.7s  mean pd 0.0092
  2006H2      23,898 rows     11.7s  mean pd 0.0096
  2007H1      23,169 rows     11.6s  mean pd 0.0105
  2007H2      24,367 rows     11.8s  mean pd 0.0108
  2008H1      24,660 rows     11.8s  mean pd 0.0070
  2008H2      24,746 rows     12.0s  mean pd 0.0053
  2009H1      24,844 rows     11.8s  mean pd 0.0028
  2009H2      24,709 rows     11.8s  mean pd 0.0042
  2010H1      24,843 rows     11.8s  mean pd 0.0048
  2010H2      24,683 rows     11.8s  mean pd 0.0041
  2011H1      24,614 rows     11.8s  mean pd 0.0055
  2011H2      24,646 rows     11.8s  mean pd 0.0042
  2012H1      24,306 rows     11.8s  mean pd 0.0071
  2012H2      24,538 rows     11.8s  mean pd 0.0066
  2013H1      24,341 rows     11.8s  mean pd 0.0071
  2013H2      23,974 rows     11.7s  mean pd 0.0076
  2014H1      24,341 rows     11.8s  mean pd 0.0065
  2014H2      24,213 rows     11.8s  mean pd 0.0056
  2015H1      24,159 rows     11.9s  mean pd 0.0047
  2015H2      24,159 rows     11.7s  mean pd 0.0051
  2016H1      24,632 rows     11.8s  mean pd 0.0050
  2016H2      24,760 rows     11.8s  mean pd 0.0045
  2017H1      24,541 rows     11.8s  mean pd 0.0053
  2017H2      24,680 rows     11.8s  mean pd 0.0052
  2018H1      24,416 rows     11.8s  mean pd 0.0051
  2018H2      24,543 rows     11.8s  mean pd 0.0052
  2019H1      24,752 rows     11.8s  mean pd 0.0051
  2019H2      24,861 rows     11.8s  mean pd 0.0046
  2020H1      24,880 rows     11.8s  mean pd 0.0039
  2020H2      24,919 rows     11.8s  mean pd 0.0034
  2021H1      24,909 rows     11.8s  mean pd 0.0038
  2021H2      24,929 rows     11.8s  mean pd 0.0045
  2022H1      24,889 rows     11.8s  mean pd 0.0053
  2022H2      24,859 rows     11.8s  mean pd 0.0053
  2023H1      24,882 rows     11.8s  mean pd 0.0051
  2023H2      24,866 rows     11.8s  mean pd 0.0048
  repeat 2003H1: largest disagreement 0.00e+00, 0 rows differ
tabicl/20260913: context 50,000 rows read in 1.1s
  reference   50,000 rows     19.2s  mean pd 0.0112
  2003H1      24,276 rows     11.8s  mean pd 0.0064
  2003H2      24,205 rows     11.7s  mean pd 0.0086
  2004H1      24,219 rows     11.7s  mean pd 0.0095
  2004H2      24,090 rows     11.7s  mean pd 0.0116
  2005H1      24,233 rows     11.8s  mean pd 0.0110
  2005H2      24,082 rows     11.7s  mean pd 0.0113
  2006H1      23,280 rows     11.7s  mean pd 0.0128
  2006H2      23,898 rows     11.7s  mean pd 0.0131
  2007H1      23,169 rows     11.7s  mean pd 0.0142
  2007H2      24,367 rows     11.8s  mean pd 0.0144
  2008H1      24,660 rows     11.8s  mean pd 0.0095
  2008H2      24,746 rows     11.8s  mean pd 0.0076
  2009H1      24,844 rows     11.8s  mean pd 0.0042
  2009H2      24,709 rows     11.8s  mean pd 0.0059
  2010H1      24,843 rows     11.8s  mean pd 0.0066
  2010H2      24,683 rows     11.8s  mean pd 0.0055
  2011H1      24,614 rows     11.8s  mean pd 0.0073
  2011H2      24,646 rows     11.8s  mean pd 0.0056
  2012H1      24,306 rows     11.8s  mean pd 0.0093
  2012H2      24,538 rows     11.8s  mean pd 0.0085
  2013H1      24,341 rows     11.8s  mean pd 0.0091
  2013H2      23,974 rows     11.8s  mean pd 0.0098
  2014H1      24,341 rows     11.9s  mean pd 0.0083
  2014H2      24,213 rows     11.9s  mean pd 0.0072
  2015H1      24,159 rows     11.8s  mean pd 0.0061
  2015H2      24,159 rows     11.8s  mean pd 0.0066
  2016H1      24,632 rows     11.8s  mean pd 0.0064
  2016H2      24,760 rows     11.8s  mean pd 0.0059
  2017H1      24,541 rows     11.8s  mean pd 0.0072
  2017H2      24,680 rows     11.8s  mean pd 0.0071
  2018H1      24,416 rows     11.8s  mean pd 0.0070
  2018H2      24,543 rows     11.8s  mean pd 0.0072
  2019H1      24,752 rows     11.8s  mean pd 0.0070
  2019H2      24,861 rows     12.0s  mean pd 0.0062
  2020H1      24,880 rows     12.0s  mean pd 0.0052
  2020H2      24,919 rows     11.9s  mean pd 0.0045
  2021H1      24,909 rows     11.8s  mean pd 0.0052
  2021H2      24,929 rows     11.8s  mean pd 0.0062
  2022H1      24,889 rows     11.8s  mean pd 0.0073
  2022H2      24,859 rows     11.8s  mean pd 0.0073
  2023H1      24,882 rows     11.9s  mean pd 0.0069
  2023H2      24,866 rows     11.8s  mean pd 0.0064
  repeat 2003H1: largest disagreement 0.00e+00, 0 rows differ

scored rows           : 3,083,739
reference rows        : 150,000
wall                  : 1604s

